Archive member included to satisfy reference by file (symbol)

c:/program files (x86)/atollic/truestudio for arm 7.1.2/armtools/bin/../lib/gcc/arm-atollic-eabi/5.3.1/../../../../arm-atollic-eabi/lib/armv7e-m/fpu\libc_nano.a(lib_a-init.o)
                              startup\startup_stm32l432xx.o (__libc_init_array)
c:/program files (x86)/atollic/truestudio for arm 7.1.2/armtools/bin/../lib/gcc/arm-atollic-eabi/5.3.1/../../../../arm-atollic-eabi/lib/armv7e-m/fpu\libc_nano.a(lib_a-itoa.o)
                              Src\main.o (itoa)
c:/program files (x86)/atollic/truestudio for arm 7.1.2/armtools/bin/../lib/gcc/arm-atollic-eabi/5.3.1/../../../../arm-atollic-eabi/lib/armv7e-m/fpu\libc_nano.a(lib_a-utoa.o)
                              c:/program files (x86)/atollic/truestudio for arm 7.1.2/armtools/bin/../lib/gcc/arm-atollic-eabi/5.3.1/../../../../arm-atollic-eabi/lib/armv7e-m/fpu\libc_nano.a(lib_a-itoa.o) (__utoa)
c:/program files (x86)/atollic/truestudio for arm 7.1.2/armtools/bin/../lib/gcc/arm-atollic-eabi/5.3.1/armv7e-m/fpu\libgcc.a(_aeabi_uldivmod.o)
                              Drivers\STM32L4xx_HAL_Driver\Src\stm32l4xx_hal_uart.o (__aeabi_uldivmod)
c:/program files (x86)/atollic/truestudio for arm 7.1.2/armtools/bin/../lib/gcc/arm-atollic-eabi/5.3.1/armv7e-m/fpu\libgcc.a(_udivmoddi4.o)
                              c:/program files (x86)/atollic/truestudio for arm 7.1.2/armtools/bin/../lib/gcc/arm-atollic-eabi/5.3.1/armv7e-m/fpu\libgcc.a(_aeabi_uldivmod.o) (__udivmoddi4)
c:/program files (x86)/atollic/truestudio for arm 7.1.2/armtools/bin/../lib/gcc/arm-atollic-eabi/5.3.1/armv7e-m/fpu\libgcc.a(_dvmd_tls.o)
                              c:/program files (x86)/atollic/truestudio for arm 7.1.2/armtools/bin/../lib/gcc/arm-atollic-eabi/5.3.1/armv7e-m/fpu\libgcc.a(_aeabi_uldivmod.o) (__aeabi_ldiv0)

Allocating common symbols
Common symbol       size              file

htim15              0x3c              Src\MyLibrary\MyTimers_HAL.o
uwTick              0x4               Drivers\STM32L4xx_HAL_Driver\Src\stm32l4xx_hal.o
pFlash              0x20              Drivers\STM32L4xx_HAL_Driver\Src\stm32l4xx_hal_flash.o
hspi3               0x64              Src\MyLibrary\MySPI_HAL.o

Discarded input sections

 .text          0x00000000        0x0 c:/program files (x86)/atollic/truestudio for arm 7.1.2/armtools/bin/../lib/gcc/arm-atollic-eabi/5.3.1/armv7e-m/fpu/crti.o
 .data          0x00000000        0x0 c:/program files (x86)/atollic/truestudio for arm 7.1.2/armtools/bin/../lib/gcc/arm-atollic-eabi/5.3.1/armv7e-m/fpu/crti.o
 .bss           0x00000000        0x0 c:/program files (x86)/atollic/truestudio for arm 7.1.2/armtools/bin/../lib/gcc/arm-atollic-eabi/5.3.1/armv7e-m/fpu/crti.o
 .data          0x00000000        0x4 c:/program files (x86)/atollic/truestudio for arm 7.1.2/armtools/bin/../lib/gcc/arm-atollic-eabi/5.3.1/armv7e-m/fpu/crtbegin.o
 .text          0x00000000        0x0 Drivers\STM32L4xx_HAL_Driver\Src\stm32l4xx_hal.o
 .data          0x00000000        0x0 Drivers\STM32L4xx_HAL_Driver\Src\stm32l4xx_hal.o
 .bss           0x00000000        0x0 Drivers\STM32L4xx_HAL_Driver\Src\stm32l4xx_hal.o
 .text.HAL_Init
                0x00000000       0x1c Drivers\STM32L4xx_HAL_Driver\Src\stm32l4xx_hal.o
 .text.HAL_DeInit
                0x00000000       0x58 Drivers\STM32L4xx_HAL_Driver\Src\stm32l4xx_hal.o
 .text.HAL_MspInit
                0x00000000       0x10 Drivers\STM32L4xx_HAL_Driver\Src\stm32l4xx_hal.o
 .text.HAL_MspDeInit
                0x00000000       0x10 Drivers\STM32L4xx_HAL_Driver\Src\stm32l4xx_hal.o
 .text.HAL_Delay
                0x00000000       0x3c Drivers\STM32L4xx_HAL_Driver\Src\stm32l4xx_hal.o
 .text.HAL_SuspendTick
                0x00000000       0x20 Drivers\STM32L4xx_HAL_Driver\Src\stm32l4xx_hal.o
 .text.HAL_ResumeTick
                0x00000000       0x20 Drivers\STM32L4xx_HAL_Driver\Src\stm32l4xx_hal.o
 .text.HAL_GetHalVersion
                0x00000000       0x14 Drivers\STM32L4xx_HAL_Driver\Src\stm32l4xx_hal.o
 .text.HAL_GetREVID
                0x00000000       0x1c Drivers\STM32L4xx_HAL_Driver\Src\stm32l4xx_hal.o
 .text.HAL_GetDEVID
                0x00000000       0x1c Drivers\STM32L4xx_HAL_Driver\Src\stm32l4xx_hal.o
 .text.HAL_GetUIDw0
                0x00000000       0x18 Drivers\STM32L4xx_HAL_Driver\Src\stm32l4xx_hal.o
 .text.HAL_GetUIDw1
                0x00000000       0x18 Drivers\STM32L4xx_HAL_Driver\Src\stm32l4xx_hal.o
 .text.HAL_GetUIDw2
                0x00000000       0x18 Drivers\STM32L4xx_HAL_Driver\Src\stm32l4xx_hal.o
 .text.HAL_DBGMCU_EnableDBGSleepMode
                0x00000000       0x20 Drivers\STM32L4xx_HAL_Driver\Src\stm32l4xx_hal.o
 .text.HAL_DBGMCU_DisableDBGSleepMode
                0x00000000       0x20 Drivers\STM32L4xx_HAL_Driver\Src\stm32l4xx_hal.o
 .text.HAL_DBGMCU_EnableDBGStopMode
                0x00000000       0x20 Drivers\STM32L4xx_HAL_Driver\Src\stm32l4xx_hal.o
[...]
Memory Configuration

Name             Origin             Length             Attributes
RAM              0x20000000         0x00010000         xrw
FLASH            0x08000000         0x00040000         xr
*default*        0x00000000         0xffffffff

Linker script and memory map

LOAD c:/program files (x86)/atollic/truestudio for arm 7.1.2/armtools/bin/../lib/gcc/arm-atollic-eabi/5.3.1/armv7e-m/fpu/crti.o
LOAD c:/program files (x86)/atollic/truestudio for arm 7.1.2/armtools/bin/../lib/gcc/arm-atollic-eabi/5.3.1/armv7e-m/fpu/crtbegin.o
LOAD Drivers\STM32L4xx_HAL_Driver\Src\stm32l4xx_hal.o
LOAD Drivers\STM32L4xx_HAL_Driver\Src\stm32l4xx_hal_cortex.o
LOAD Drivers\STM32L4xx_HAL_Driver\Src\stm32l4xx_hal_dma.o
LOAD Drivers\STM32L4xx_HAL_Driver\Src\stm32l4xx_hal_flash.o
LOAD Drivers\STM32L4xx_HAL_Driver\Src\stm32l4xx_hal_flash_ex.o
LOAD Drivers\STM32L4xx_HAL_Driver\Src\stm32l4xx_hal_flash_ramfunc.o
LOAD Drivers\STM32L4xx_HAL_Driver\Src\stm32l4xx_hal_gpio.o
LOAD Drivers\STM32L4xx_HAL_Driver\Src\stm32l4xx_hal_i2c.o
LOAD Drivers\STM32L4xx_HAL_Driver\Src\stm32l4xx_hal_i2c_ex.o
LOAD Drivers\STM32L4xx_HAL_Driver\Src\stm32l4xx_hal_pwr.o
LOAD Drivers\STM32L4xx_HAL_Driver\Src\stm32l4xx_hal_pwr_ex.o
LOAD Drivers\STM32L4xx_HAL_Driver\Src\stm32l4xx_hal_rcc.o
LOAD Drivers\STM32L4xx_HAL_Driver\Src\stm32l4xx_hal_rcc_ex.o
LOAD Drivers\STM32L4xx_HAL_Driver\Src\stm32l4xx_hal_spi.o
LOAD Drivers\STM32L4xx_HAL_Driver\Src\stm32l4xx_hal_spi_ex.o
LOAD Drivers\STM32L4xx_HAL_Driver\Src\stm32l4xx_hal_tim.o
LOAD Drivers\STM32L4xx_HAL_Driver\Src\stm32l4xx_hal_tim_ex.o
LOAD Drivers\STM32L4xx_HAL_Driver\Src\stm32l4xx_hal_uart.o
LOAD Drivers\STM32L4xx_HAL_Driver\Src\stm32l4xx_hal_uart_ex.o
LOAD Src\MyLibrary\FAT32\ff.o
LOAD Src\MyLibrary\FAT32\mmc_stm32_spi.o
LOAD Src\MyLibrary\MySPI_HAL.o
LOAD Src\MyLibrary\MyTimers_HAL.o
LOAD Src\MyLibrary\SDCard.o
LOAD Src\MyLibrary\SystemConfig.o
LOAD Src\main.o
LOAD Src\stm32l4xx_hal_msp.o
LOAD Src\stm32l4xx_it.o
LOAD Src\system_stm32l4xx.o
LOAD startup\startup_stm32l432xx.o
START GROUP
LOAD c:/program files (x86)/atollic/truestudio for arm 7.1.2/armtools/bin/../lib/gcc/arm-atollic-eabi/5.3.1/../../../../arm-atollic-eabi/lib/armv7e-m/fpu\libc_nano.a
LOAD c:/program files (x86)/atollic/truestudio for arm 7.1.2/armtools/bin/../lib/gcc/arm-atollic-eabi/5.3.1/../../../../arm-atollic-eabi/lib/armv7e-m/fpu\libm.a
END GROUP
                0x00000080                malloc_getpagesize_P = 0x80
START GROUP
LOAD c:/program files (x86)/atollic/truestudio for arm 7.1.2/armtools/bin/../lib/gcc/arm-atollic-eabi/5.3.1/armv7e-m/fpu\libgcc.a
LOAD c:/program files (x86)/atollic/truestudio for arm 7.1.2/armtools/bin/../lib/gcc/arm-atollic-eabi/5.3.1/../../../../arm-atollic-eabi/lib/armv7e-m/fpu\libc_nano.a
END GROUP
START GROUP
LOAD c:/program files (x86)/atollic/truestudio for arm 7.1.2/armtools/bin/../lib/gcc/arm-atollic-eabi/5.3.1/armv7e-m/fpu\libgcc.a
LOAD c:/program files (x86)/atollic/truestudio for arm 7.1.2/armtools/bin/../lib/gcc/arm-atollic-eabi/5.3.1/../../../../arm-atollic-eabi/lib/armv7e-m/fpu\libc_nano.a
LOAD c:/program files (x86)/atollic/truestudio for arm 7.1.2/armtools/bin/../lib/gcc/arm-atollic-eabi/5.3.1/../../../../arm-atollic-eabi/lib/armv7e-m/fpu\libnosys.a
END GROUP
START GROUP
LOAD c:/program files (x86)/atollic/truestudio for arm 7.1.2/armtools/bin/../lib/gcc/arm-atollic-eabi/5.3.1/armv7e-m/fpu\libgcc.a
LOAD c:/program files (x86)/atollic/truestudio for arm 7.1.2/armtools/bin/../lib/gcc/arm-atollic-eabi/5.3.1/../../../../arm-atollic-eabi/lib/armv7e-m/fpu\libc_nano.a
LOAD c:/program files (x86)/atollic/truestudio for arm 7.1.2/armtools/bin/../lib/gcc/arm-atollic-eabi/5.3.1/../../../../arm-atollic-eabi/lib/armv7e-m/fpu\libnosys.a
END GROUP
LOAD c:/program files (x86)/atollic/truestudio for arm 7.1.2/armtools/bin/../lib/gcc/arm-atollic-eabi/5.3.1/armv7e-m/fpu/crtend.o
LOAD c:/program files (x86)/atollic/truestudio for arm 7.1.2/armtools/bin/../lib/gcc/arm-atollic-eabi/5.3.1/armv7e-m/fpu/crtn.o
                0x20010000                _estack = 0x20010000
                0x00000200                _Min_Heap_Size = 0x200
                0x00000400                _Min_Stack_Size = 0x400

.isr_vector     0x08000000      0x18c
                0x08000000                . = ALIGN (0x4)
 *(.isr_vector)
 .isr_vector    0x08000000      0x18c startup\startup_stm32l432xx.o
                0x08000000                g_pfnVectors
                0x0800018c                . = ALIGN (0x4)

.text           0x0800018c     0x55e0
                0x0800018c                . = ALIGN (0x4)
 *(.text)
 .text          0x0800018c       0x40 c:/program files (x86)/atollic/truestudio for arm 7.1.2/armtools/bin/../lib/gcc/arm-atollic-eabi/5.3.1/armv7e-m/fpu/crtbegin.o
 *(.text*)
 .text.HAL_InitTick
                0x080001cc       0x38 Drivers\STM32L4xx_HAL_Driver\Src\stm32l4xx_hal.o
                0x080001cc                HAL_InitTick
 .text.HAL_IncTick
                0x08000204       0x1c Drivers\STM32L4xx_HAL_Driver\Src\stm32l4xx_hal.o
                0x08000204                HAL_IncTick
 .text.HAL_GetTick
                0x08000220       0x18 Drivers\STM32L4xx_HAL_Driver\Src\stm32l4xx_hal.o
                0x08000220                HAL_GetTick
 .text.NVIC_GetPriorityGrouping
                0x08000238       0x1c Drivers\STM32L4xx_HAL_Driver\Src\stm32l4xx_hal_cortex.o
 .text.NVIC_SetPriority
                0x08000254       0x54 Drivers\STM32L4xx_HAL_Driver\Src\stm32l4xx_hal_cortex.o
 .text.NVIC_EncodePriority
                0x080002a8       0x64 Drivers\STM32L4xx_HAL_Driver\Src\stm32l4xx_hal_cortex.o
 .text.SysTick_Config
                0x0800030c       0x44 Drivers\STM32L4xx_HAL_Driver\Src\stm32l4xx_hal_cortex.o
 .text.HAL_NVIC_SetPriority
                0x08000350       0x38 Drivers\STM32L4xx_HAL_Driver\Src\stm32l4xx_hal_cortex.o
                0x08000350                HAL_NVIC_SetPriority
 .text.HAL_SYSTICK_Config
                0x08000388       0x18 Drivers\STM32L4xx_HAL_Driver\Src\stm32l4xx_hal_cortex.o
                0x08000388                HAL_SYSTICK_Config
 .text.HAL_SYSTICK_CLKSourceConfig
                0x080003a0       0x38 Drivers\STM32L4xx_HAL_Driver\Src\stm32l4xx_hal_cortex.o
                0x080003a0                HAL_SYSTICK_CLKSourceConfig
 .text.HAL_SYSTICK_IRQHandler
                0x080003d8        0xc Drivers\STM32L4xx_HAL_Driver\Src\stm32l4xx_hal_cortex.o
                0x080003d8                HAL_SYSTICK_IRQHandler
 .text.HAL_SYSTICK_Callback
                0x080003e4       0x10 Drivers\STM32L4xx_HAL_Driver\Src\stm32l4xx_hal_cortex.o
                0x080003e4                HAL_SYSTICK_Callback
 .text.HAL_GPIO_Init
                0x080003f4      0x2dc Drivers\STM32L4xx_HAL_Driver\Src\stm32l4xx_hal_gpio.o
                0x080003f4                HAL_GPIO_Init
 .text.HAL_GPIO_WritePin
                0x080006d0       0x30 Drivers\STM32L4xx_HAL_Driver\Src\stm32l4xx_hal_gpio.o
                0x080006d0                HAL_GPIO_WritePin
 .text.HAL_PWREx_GetVoltageRange
                0x08000700       0x1c Drivers\STM32L4xx_HAL_Driver\Src\stm32l4xx_hal_pwr_ex.o
                0x08000700                HAL_PWREx_GetVoltageRange
 .text.HAL_PWREx_ControlVoltageScaling
                0x0800071c       0xa8 Drivers\STM32L4xx_HAL_Driver\Src\stm32l4xx_hal_pwr_ex.o
                0x0800071c                HAL_PWREx_ControlVoltageScaling
 .text.HAL_RCC_OscConfig
                0x080007c4      0x73c Drivers\STM32L4xx_HAL_Driver\Src\stm32l4xx_hal_rcc.o
                0x080007c4                HAL_RCC_OscConfig
 .text.HAL_RCC_ClockConfig
                0x08000f00      0x230 Drivers\STM32L4xx_HAL_Driver\Src\stm32l4xx_hal_rcc.o
                0x08000f00                HAL_RCC_ClockConfig
 .text.HAL_RCC_GetSysClockFreq
                0x08001130      0x160 Drivers\STM32L4xx_HAL_Driver\Src\stm32l4xx_hal_rcc.o
                0x08001130                HAL_RCC_GetSysClockFreq
 .text.HAL_RCC_GetHCLKFreq
                0x08001290       0x18 Drivers\STM32L4xx_HAL_Driver\Src\stm32l4xx_hal_rcc.o
                0x08001290                HAL_RCC_GetHCLKFreq
 .text.RCC_SetFlashLatencyFromMSIRange
                0x080012a8       0xc4 Drivers\STM32L4xx_HAL_Driver\Src\stm32l4xx_hal_rcc.o
 .text.HAL_RCCEx_PeriphCLKConfig
                0x0800136c      0x3e4 Drivers\STM32L4xx_HAL_Driver\Src\stm32l4xx_hal_rcc_ex.o
                0x0800136c                HAL_RCCEx_PeriphCLKConfig
 .text.RCCEx_PLLSAI1_Config
                0x08001750      0x1e4 Drivers\STM32L4xx_HAL_Driver\Src\stm32l4xx_hal_rcc_ex.o
 .text.HAL_SPI_Init
                0x08001934      0x110 Drivers\STM32L4xx_HAL_Driver\Src\stm32l4xx_hal_spi.o
                0x08001934                HAL_SPI_Init
 .text.HAL_SPI_Transmit
                0x08001a44      0x2ac Drivers\STM32L4xx_HAL_Driver\Src\stm32l4xx_hal_spi.o
                0x08001a44                HAL_SPI_Transmit
 .text.HAL_SPI_TransmitReceive
                0x08001cf0      0x400 Drivers\STM32L4xx_HAL_Driver\Src\stm32l4xx_hal_spi.o
                0x08001cf0                HAL_SPI_TransmitReceive
 .text.HAL_SPI_GetState
                0x080020f0       0x1c Drivers\STM32L4xx_HAL_Driver\Src\stm32l4xx_hal_spi.o
                0x080020f0                HAL_SPI_GetState
 .text.SPI_WaitFlagStateUntilTimeout
                0x0800210c       0xd0 Drivers\STM32L4xx_HAL_Driver\Src\stm32l4xx_hal_spi.o
 .text.SPI_WaitFifoStateUntilTimeout
                0x080021dc       0xe0 Drivers\STM32L4xx_HAL_Driver\Src\stm32l4xx_hal_spi.o
 .text.SPI_EndRxTxTransaction
                0x080022bc       0x8c Drivers\STM32L4xx_HAL_Driver\Src\stm32l4xx_hal_spi.o
 .text.HAL_TIM_Base_Init
                0x08002348       0x58 Drivers\STM32L4xx_HAL_Driver\Src\stm32l4xx_hal_tim.o
                0x08002348                HAL_TIM_Base_Init
 .text.HAL_TIM_Base_Start
                0x080023a0       0x38 Drivers\STM32L4xx_HAL_Driver\Src\stm32l4xx_hal_tim.o
                0x080023a0                HAL_TIM_Base_Start
 .text.TIM_Base_SetConfig
                0x080023d8       0xbc Drivers\STM32L4xx_HAL_Driver\Src\stm32l4xx_hal_tim.o
                0x080023d8                TIM_Base_SetConfig
 .text.ld_word  0x08002494       0x30 Src\MyLibrary\FAT32\ff.o
 .text.ld_dword
                0x080024c4       0x48 Src\MyLibrary\FAT32\ff.o
 .text.st_word  0x0800250c       0x38 Src\MyLibrary\FAT32\ff.o
 .text.st_dword
                0x08002544       0x58 Src\MyLibrary\FAT32\ff.o
 .text.mem_cpy  0x0800259c       0x44 Src\MyLibrary\FAT32\ff.o
 .text.mem_set  0x080025e0       0x34 Src\MyLibrary\FAT32\ff.o
 .text.mem_cmp  0x08002614       0x50 Src\MyLibrary\FAT32\ff.o
 .text.chk_chr  0x08002664       0x38 Src\MyLibrary\FAT32\ff.o
 .text.dbc_1st  0x0800269c       0x24 Src\MyLibrary\FAT32\ff.o
 .text.dbc_2nd  0x080026c0       0x24 Src\MyLibrary\FAT32\ff.o
 .text.sync_window
                0x080026e4       0x78 Src\MyLibrary\FAT32\ff.o
 .text.move_window
                0x0800275c       0x5c Src\MyLibrary\FAT32\ff.o
 .text.sync_fs  0x080027b8       0xdc Src\MyLibrary\FAT32\ff.o
 .text.clst2sect
                0x08002894       0x40 Src\MyLibrary\FAT32\ff.o
 .text.get_fat  0x080028d4      0x14c Src\MyLibrary\FAT32\ff.o
 .text.put_fat  0x08002a20      0x1d4 Src\MyLibrary\FAT32\ff.o
 .text.remove_chain
                0x08002bf4       0xcc Src\MyLibrary\FAT32\ff.o
 .text.create_chain
                0x08002cc0      0x1a4 Src\MyLibrary\FAT32\ff.o
 .text.dir_clear
                0x08002e64       0x90 Src\MyLibrary\FAT32\ff.o
 .text.dir_sdi  0x08002ef4       0xf8 Src\MyLibrary\FAT32\ff.o
 .text.dir_next
                0x08002fec      0x128 Src\MyLibrary\FAT32\ff.o
 .text.dir_alloc
                0x08003114       0x90 Src\MyLibrary\FAT32\ff.o
 .text.ld_clust
                0x080031a4       0x40 Src\MyLibrary\FAT32\ff.o
 .text.st_clust
                0x080031e4       0x40 Src\MyLibrary\FAT32\ff.o
 .text.dir_find
                0x08003224       0xac Src\MyLibrary\FAT32\ff.o
 .text.dir_register
                0x080032d0       0x64 Src\MyLibrary\FAT32\ff.o
 .text.create_name
                0x08003334      0x21c Src\MyLibrary\FAT32\ff.o
 .text.follow_path
                0x08003550      0x11c Src\MyLibrary\FAT32\ff.o
 .text.get_ldnumber
                0x0800366c       0x90 Src\MyLibrary\FAT32\ff.o
 .text.check_fs
                0x080036fc       0xac Src\MyLibrary\FAT32\ff.o
 .text.find_volume
                0x080037a8      0x4b8 Src\MyLibrary\FAT32\ff.o
 .text.validate
                0x08003c60       0x6c Src\MyLibrary\FAT32\ff.o
 .text.f_mount  0x08003ccc       0x80 Src\MyLibrary\FAT32\ff.o
                0x08003ccc                f_mount
 .text.f_open   0x08003d4c      0x304 Src\MyLibrary\FAT32\ff.o
                0x08003d4c                f_open
 .text.f_write  0x08004050      0x2d4 Src\MyLibrary\FAT32\ff.o
                0x08004050                f_write
 .text.f_sync   0x08004324      0x100 Src\MyLibrary\FAT32\ff.o
                0x08004324                f_sync
 .text.f_close  0x08004424       0x40 Src\MyLibrary\FAT32\ff.o
                0x08004424                f_close
 .text.init_spi
                0x08004464       0x18 Src\MyLibrary\FAT32\mmc_stm32_spi.o
 .text.xchg_spi
                0x0800447c       0x1c Src\MyLibrary\FAT32\mmc_stm32_spi.o
 .text.rcvr_spi_multi
                0x08004498       0x20 Src\MyLibrary\FAT32\mmc_stm32_spi.o
 .text.xmit_spi_multi
                0x080044b8       0x20 Src\MyLibrary\FAT32\mmc_stm32_spi.o
 .text.wait_ready
                0x080044d8       0x48 Src\MyLibrary\FAT32\mmc_stm32_spi.o
 .text.deselect
                0x08004520       0x14 Src\MyLibrary\FAT32\mmc_stm32_spi.o
 .text.select   0x08004534       0x2c Src\MyLibrary\FAT32\mmc_stm32_spi.o
 .text.rcvr_datablock
                0x08004560       0x5c Src\MyLibrary\FAT32\mmc_stm32_spi.o
 .text.xmit_datablock
                0x080045bc       0x64 Src\MyLibrary\FAT32\mmc_stm32_spi.o
 .text.send_cmd
                0x08004620       0xe0 Src\MyLibrary\FAT32\mmc_stm32_spi.o
 .text.disk_initialize
                0x08004700      0x1b4 Src\MyLibrary\FAT32\mmc_stm32_spi.o
                0x08004700                disk_initialize
 .text.disk_status
                0x080048b4       0x2c Src\MyLibrary\FAT32\mmc_stm32_spi.o
                0x080048b4                disk_status
 .text.disk_read
                0x080048e0       0xcc Src\MyLibrary\FAT32\mmc_stm32_spi.o
                0x080048e0                disk_read
 .text.disk_write
                0x080049ac       0xf8 Src\MyLibrary\FAT32\mmc_stm32_spi.o
                0x080049ac                disk_write
 .text.disk_ioctl
                0x08004aa4      0x2e0 Src\MyLibrary\FAT32\mmc_stm32_spi.o
                0x08004aa4                disk_ioctl
 .text.MySPI3_Init_Slow
                0x08004d84       0xd0 Src\MyLibrary\MySPI_HAL.o
                0x08004d84                MySPI3_Init_Slow
 .text.MySPI3_Init_Fast
                0x08004e54       0xd0 Src\MyLibrary\MySPI_HAL.o
                0x08004e54                MySPI3_Init_Fast
 .text.MySPI3_ReadByte
                0x08004f24       0x3c Src\MyLibrary\MySPI_HAL.o
                0x08004f24                MySPI3_ReadByte
 .text.MySPI3_ReadBytes
                0x08004f60       0x3c Src\MyLibrary\MySPI_HAL.o
                0x08004f60                MySPI3_ReadBytes
 .text.MySPI3_SendByte
                0x08004f9c       0x40 Src\MyLibrary\MySPI_HAL.o
                0x08004f9c                MySPI3_SendByte
 .text.MySPI3_SendBytes
                0x08004fdc       0x28 Src\MyLibrary\MySPI_HAL.o
                0x08004fdc                MySPI3_SendBytes
 .text.InitandEnableDelayTimer15
                0x08005004       0x70 Src\MyLibrary\MyTimers_HAL.o
                0x08005004                InitandEnableDelayTimer15
 .text.delay_us
                0x08005074       0x34 Src\MyLibrary\MyTimers_HAL.o
                0x08005074                delay_us
 .text.delay_ms
                0x080050a8       0x2c Src\MyLibrary\MyTimers_HAL.o
                0x080050a8                delay_ms
 .text.delay_s  0x080050d4       0x2c Src\MyLibrary\MyTimers_HAL.o
                0x080050d4                delay_s
 .text.SDCard_HWInit
                0x08005100       0x4c Src\MyLibrary\SDCard.o
                0x08005100                SDCard_HWInit
 .text.SDCard_ChipSelect
                0x0800514c       0x14 Src\MyLibrary\SDCard.o
                0x0800514c                SDCard_ChipSelect
 .text.SDCard_ChipDeselect
                0x08005160       0x14 Src\MyLibrary\SDCard.o
                0x08005160                SDCard_ChipDeselect
 .text.SystemClock_Config
                0x08005174       0xbc Src\MyLibrary\SystemConfig.o
                0x08005174                SystemClock_Config
 .text.failed   0x08005230       0x10 Src\main.o
                0x08005230                failed
 .text.main     0x08005240      0x290 Src\main.o
                0x08005240                main
 .text.HAL_SPI_MspInit
                0x080054d0       0x5c Src\stm32l4xx_hal_msp.o
                0x080054d0                HAL_SPI_MspInit
 .text.HAL_TIM_Base_MspInit
                0x0800552c       0x40 Src\stm32l4xx_hal_msp.o
                0x0800552c                HAL_TIM_Base_MspInit
 .text.SVC_Handler
                0x0800556c       0x10 Src\stm32l4xx_it.o
                0x0800556c                SVC_Handler
 .text.PendSV_Handler
                0x0800557c       0x10 Src\stm32l4xx_it.o
                0x0800557c                PendSV_Handler
 .text.SysTick_Handler
                0x0800558c       0x10 Src\stm32l4xx_it.o
                0x0800558c                SysTick_Handler
 .text.SystemInit
                0x0800559c       0x6c Src\system_stm32l4xx.o
                0x0800559c                SystemInit
 .text.Reset_Handler
                0x08005608       0x50 startup\startup_stm32l432xx.o
                0x08005608                Reset_Handler
 .text.Default_Handler
                0x08005658        0x2 startup\startup_stm32l432xx.o
                0x08005658                RTC_Alarm_IRQHandler
                0x08005658                EXTI2_IRQHandler
                0x08005658                DebugMon_Handler
                0x08005658                TIM1_CC_IRQHandler
                0x08005658                TSC_IRQHandler
                0x08005658                HardFault_Handler
                0x08005658                TAMP_STAMP_IRQHandler
                0x08005658                NMI_Handler
                0x08005658                EXTI3_IRQHandler
                0x08005658                LPTIM2_IRQHandler
                0x08005658                I2C3_ER_IRQHandler
                0x08005658                EXTI0_IRQHandler
                0x08005658                CAN1_RX0_IRQHandler
                0x08005658                FPU_IRQHandler
                0x08005658                TIM1_UP_TIM16_IRQHandler
                0x08005658                UsageFault_Handler
                0x08005658                SPI1_IRQHandler
                0x08005658                TIM6_DAC_IRQHandler
                0x08005658                DMA2_Channel2_IRQHandler
                0x08005658                DMA1_Channel4_IRQHandler
                0x08005658                ADC1_IRQHandler
                0x08005658                DMA1_Channel7_IRQHandler
                0x08005658                CAN1_RX1_IRQHandler
                0x08005658                DMA2_Channel1_IRQHandler
                0x08005658                QUADSPI_IRQHandler
                0x08005658                I2C1_EV_IRQHandler
                0x08005658                DMA1_Channel6_IRQHandler
                0x08005658                DMA2_Channel4_IRQHandler
                0x08005658                RCC_IRQHandler
                0x08005658                TIM1_TRG_COM_IRQHandler
                0x08005658                DMA1_Channel1_IRQHandler
                0x08005658                Default_Handler
                0x08005658                DMA2_Channel7_IRQHandler
                0x08005658                EXTI15_10_IRQHandler
                0x08005658                TIM7_IRQHandler
                0x08005658                I2C3_EV_IRQHandler
                0x08005658                USB_IRQHandler
                0x08005658                EXTI9_5_IRQHandler
                0x08005658                RTC_WKUP_IRQHandler
                0x08005658                PVD_PVM_IRQHandler
                0x08005658                MemManage_Handler
                0x08005658                CAN1_TX_IRQHandler
                0x08005658                DMA2_Channel5_IRQHandler
                0x08005658                CRS_IRQHandler
                0x08005658                DMA1_Channel5_IRQHandler
                0x08005658                EXTI4_IRQHandler
                0x08005658                RNG_IRQHandler
                0x08005658                DMA1_Channel3_IRQHandler
                0x08005658                COMP_IRQHandler
                0x08005658                WWDG_IRQHandler
                0x08005658                LPUART1_IRQHandler
                0x08005658                DMA2_Channel6_IRQHandler
                0x08005658                TIM2_IRQHandler
                0x08005658                EXTI1_IRQHandler
                0x08005658                USART2_IRQHandler
                0x08005658                DMA1_Channel2_IRQHandler
                0x08005658                CAN1_SCE_IRQHandler
                0x08005658                FLASH_IRQHandler
                0x08005658                BusFault_Handler
                0x08005658                USART1_IRQHandler
                0x08005658                SPI3_IRQHandler
                0x08005658                I2C1_ER_IRQHandler
                0x08005658                SWPMI1_IRQHandler
                0x08005658                LPTIM1_IRQHandler
                0x08005658                SAI1_IRQHandler
                0x08005658                DMA2_Channel3_IRQHandler
                0x08005658                TIM1_BRK_TIM15_IRQHandler
 *fill*         0x0800565a        0x2 
 .text.__libc_init_array
                0x0800565c       0x4c c:/program files (x86)/atollic/truestudio for arm 7.1.2/armtools/bin/../lib/gcc/arm-atollic-eabi/5.3.1/../../../../arm-atollic-eabi/lib/armv7e-m/fpu\libc_nano.a(lib_a-init.o)
                0x0800565c                __libc_init_array
 .text.__itoa   0x080056a8       0x2e c:/program files (x86)/atollic/truestudio for arm 7.1.2/armtools/bin/../lib/gcc/arm-atollic-eabi/5.3.1/../../../../arm-atollic-eabi/lib/armv7e-m/fpu\libc_nano.a(lib_a-itoa.o)
                0x080056a8                __itoa
 .text.itoa     0x080056d6        0x4 c:/program files (x86)/atollic/truestudio for arm 7.1.2/armtools/bin/../lib/gcc/arm-atollic-eabi/5.3.1/../../../../arm-atollic-eabi/lib/armv7e-m/fpu\libc_nano.a(lib_a-itoa.o)
                0x080056d6                itoa
 *fill*         0x080056da        0x2 
 .text.__utoa   0x080056dc       0x78 c:/program files (x86)/atollic/truestudio for arm 7.1.2/armtools/bin/../lib/gcc/arm-atollic-eabi/5.3.1/../../../../arm-atollic-eabi/lib/armv7e-m/fpu\libc_nano.a(lib_a-utoa.o)
                0x080056dc                __utoa
 *(.glue_7)
 .glue_7        0x08005754        0x0 linker stubs
 *(.glue_7t)
 .glue_7t       0x08005754        0x0 linker stubs
 *(.eh_frame)
 .eh_frame      0x08005754        0x0 c:/program files (x86)/atollic/truestudio for arm 7.1.2/armtools/bin/../lib/gcc/arm-atollic-eabi/5.3.1/armv7e-m/fpu/crtbegin.o
 *(.init)
 .init          0x08005754        0x4 c:/program files (x86)/atollic/truestudio for arm 7.1.2/armtools/bin/../lib/gcc/arm-atollic-eabi/5.3.1/armv7e-m/fpu/crti.o
                0x08005754                _init
 .init          0x08005758        0x8 c:/program files (x86)/atollic/truestudio for arm 7.1.2/armtools/bin/../lib/gcc/arm-atollic-eabi/5.3.1/armv7e-m/fpu/crtn.o
 *(.fini)
 .fini          0x08005760        0x4 c:/program files (x86)/atollic/truestudio for arm 7.1.2/armtools/bin/../lib/gcc/arm-atollic-eabi/5.3.1/armv7e-m/fpu/crti.o
                0x08005760                _fini
 .fini          0x08005764        0x8 c:/program files (x86)/atollic/truestudio for arm 7.1.2/armtools/bin/../lib/gcc/arm-atollic-eabi/5.3.1/armv7e-m/fpu/crtn.o
                0x0800576c                . = ALIGN (0x4)
                0x0800576c                _etext = .

.vfp11_veneer   0x0800576c        0x0
 .vfp11_veneer  0x0800576c        0x0 linker stubs

.v4_bx          0x0800576c        0x0
 .v4_bx         0x0800576c        0x0 linker stubs

.iplt           0x0800576c        0x0
 .iplt          0x0800576c        0x0 c:/program files (x86)/atollic/truestudio for arm 7.1.2/armtools/bin/../lib/gcc/arm-atollic-eabi/5.3.1/armv7e-m/fpu/crtbegin.o

.rodata         0x0800576c      0x18c
                0x0800576c                . = ALIGN (0x4)
 *(.rodata)
 .rodata        0x0800576c       0x50 Src\MyLibrary\FAT32\ff.o
 .rodata        0x080057bc       0x52 Src\main.o
 *(.rodata*)
 *fill*         0x0800580e        0x2 
 .rodata.ExCvt  0x08005810       0x80 Src\MyLibrary\FAT32\ff.o
 .rodata.AHBPrescTable
                0x08005890       0x10 Src\system_stm32l4xx.o
                0x08005890                AHBPrescTable
 .rodata.MSIRangeTable
                0x080058a0       0x30 Src\system_stm32l4xx.o
                0x080058a0                MSIRangeTable
 .rodata.str1.1
                0x080058d0       0x25 c:/program files (x86)/atollic/truestudio for arm 7.1.2/armtools/bin/../lib/gcc/arm-atollic-eabi/5.3.1/../../../../arm-atollic-eabi/lib/armv7e-m/fpu\libc_nano.a(lib_a-utoa.o)
                0x080058f8                . = ALIGN (0x4)
 *fill*         0x080058f5        0x3 

.rel.dyn        0x080058f8        0x0
 .rel.iplt      0x080058f8        0x0 c:/program files (x86)/atollic/truestudio for arm 7.1.2/armtools/bin/../lib/gcc/arm-atollic-eabi/5.3.1/armv7e-m/fpu/crtbegin.o

.ARM.extab
 *(.ARM.extab* .gnu.linkonce.armextab.*)

.ARM            0x080058f8        0x0
                0x080058f8                __exidx_start = .
 *(.ARM.exidx*)
                0x080058f8                __exidx_end = .

.preinit_array  0x080058f8        0x0
                0x080058f8                PROVIDE (__preinit_array_start, .)
 *(.preinit_array*)
                0x080058f8                PROVIDE (__preinit_array_end, .)

.init_array     0x080058f8        0x4
                0x080058f8                PROVIDE (__init_array_start, .)
 *(SORT(.init_array.*))
 *(.init_array*)
 .init_array    0x080058f8        0x4 c:/program files (x86)/atollic/truestudio for arm 7.1.2/armtools/bin/../lib/gcc/arm-atollic-eabi/5.3.1/armv7e-m/fpu/crtbegin.o
                0x080058fc                PROVIDE (__init_array_end, .)

.fini_array     0x080058fc        0x4
                [!provide]                PROVIDE (__fini_array_start, .)
 *(SORT(.fini_array.*))
 *(.fini_array*)
 .fini_array    0x080058fc        0x4 c:/program files (x86)/atollic/truestudio for arm 7.1.2/armtools/bin/../lib/gcc/arm-atollic-eabi/5.3.1/armv7e-m/fpu/crtbegin.o
                [!provide]                PROVIDE (__fini_array_end, .)
                0x08005900                _sidata = LOADADDR (.data)

.data           0x20000000        0x8 load address 0x08005900
                0x20000000                . = ALIGN (0x4)
                0x20000000                _sdata = .
 *(.data)
 *(.data*)
 .data.Stat     0x20000000        0x1 Src\MyLibrary\FAT32\mmc_stm32_spi.o
 *fill*         0x20000001        0x3 
 .data.SystemCoreClock
                0x20000004        0x4 Src\system_stm32l4xx.o
                0x20000004                SystemCoreClock
                0x20000008                . = ALIGN (0x4)
                0x20000008                _edata = .

.igot.plt       0x20000008        0x0 load address 0x08005908
 .igot.plt      0x20000008        0x0 c:/program files (x86)/atollic/truestudio for arm 7.1.2/armtools/bin/../lib/gcc/arm-atollic-eabi/5.3.1/armv7e-m/fpu/crtbegin.o
                0x20000008                . = ALIGN (0x4)

.bss            0x20000008       0xd4 load address 0x08005908
                0x20000008                _sbss = .
                0x20000008                __bss_start__ = _sbss
 *(.bss)
 .bss           0x20000008       0x1c c:/program files (x86)/atollic/truestudio for arm 7.1.2/armtools/bin/../lib/gcc/arm-atollic-eabi/5.3.1/armv7e-m/fpu/crtbegin.o
 *(.bss*)
 .bss.FatFs     0x20000024        0x4 Src\MyLibrary\FAT32\ff.o
 .bss.Fsid      0x20000028        0x2 Src\MyLibrary\FAT32\ff.o
 .bss.CurrVol   0x2000002a        0x1 Src\MyLibrary\FAT32\ff.o
 *fill*         0x2000002b        0x1 
 .bss.Timer1    0x2000002c        0x4 Src\MyLibrary\FAT32\mmc_stm32_spi.o
 .bss.Timer2    0x20000030        0x4 Src\MyLibrary\FAT32\mmc_stm32_spi.o
 .bss.CardType  0x20000034        0x1 Src\MyLibrary\FAT32\mmc_stm32_spi.o
 *(COMMON)
 *fill*         0x20000035        0x3 
 COMMON         0x20000038        0x4 Drivers\STM32L4xx_HAL_Driver\Src\stm32l4xx_hal.o
                0x20000038                uwTick
 COMMON         0x2000003c       0x64 Src\MyLibrary\MySPI_HAL.o
                0x2000003c                hspi3
 COMMON         0x200000a0       0x3c Src\MyLibrary\MyTimers_HAL.o
                0x200000a0                htim15
                0x200000dc                . = ALIGN (0x4)
                0x200000dc                _ebss = .
                0x200000dc                __bss_end__ = _ebss

._user_heap_stack
                0x200000dc      0x600 load address 0x08005908
                0x200000dc                . = ALIGN (0x4)
                [!provide]                PROVIDE (end, .)
                [!provide]                PROVIDE (_end, .)
                0x200002dc                . = (. + _Min_Heap_Size)
 *fill*         0x200000dc      0x200 
                0x200006dc                . = (. + _Min_Stack_Size)
 *fill*         0x200002dc      0x400 
                0x200006dc                . = ALIGN (0x4)

/DISCARD/
 libc.a(*)
 libm.a(*)
 libgcc.a(*)

.ARM.attributes
                0x00000000       0x30
 *(.ARM.attributes)
 .ARM.attributes
                0x00000000       0x22 c:/program files (x86)/atollic/truestudio for arm 7.1.2/armtools/bin/../lib/gcc/arm-atollic-eabi/5.3.1/armv7e-m/fpu/crti.o
 .ARM.attributes
                0x00000022       0x34 c:/program files (x86)/atollic/truestudio for arm 7.1.2/armtools/bin/../lib/gcc/arm-atollic-eabi/5.3.1/armv7e-m/fpu/crtbegin.o
 .ARM.attributes
                0x00000056       0x39 Drivers\STM32L4xx_HAL_Driver\Src\stm32l4xx_hal.o
 .ARM.attributes
                0x0000008f       0x39 Drivers\STM32L4xx_HAL_Driver\Src\stm32l4xx_hal_cortex.o
 .ARM.attributes
                0x000000c8       0x39 Drivers\STM32L4xx_HAL_Driver\Src\stm32l4xx_hal_gpio.o
 .ARM.attributes
                0x00000101       0x39 Drivers\STM32L4xx_HAL_Driver\Src\stm32l4xx_hal_pwr_ex.o
 .ARM.attributes
                0x0000013a       0x39 Drivers\STM32L4xx_HAL_Driver\Src\stm32l4xx_hal_rcc.o
 .ARM.attributes
                0x00000173       0x39 Drivers\STM32L4xx_HAL_Driver\Src\stm32l4xx_hal_rcc_ex.o
 .ARM.attributes
                0x000001ac       0x39 Drivers\STM32L4xx_HAL_Driver\Src\stm32l4xx_hal_spi.o
 .ARM.attributes
                0x000001e5       0x39 Drivers\STM32L4xx_HAL_Driver\Src\stm32l4xx_hal_tim.o
 .ARM.attributes
                0x0000021e       0x39 Src\MyLibrary\FAT32\ff.o
 .ARM.attributes
                0x00000257       0x39 Src\MyLibrary\FAT32\mmc_stm32_spi.o
 .ARM.attributes
                0x00000290       0x39 Src\MyLibrary\MySPI_HAL.o
 .ARM.attributes
                0x000002c9       0x39 Src\MyLibrary\MyTimers_HAL.o
 .ARM.attributes
                0x00000302       0x39 Src\MyLibrary\SDCard.o
 .ARM.attributes
                0x0000033b       0x39 Src\MyLibrary\SystemConfig.o
 .ARM.attributes
                0x00000374       0x39 Src\main.o
 .ARM.attributes
                0x000003ad       0x39 Src\stm32l4xx_hal_msp.o
 .ARM.attributes
                0x000003e6       0x39 Src\stm32l4xx_it.o
 .ARM.attributes
                0x0000041f       0x39 Src\system_stm32l4xx.o
 .ARM.attributes
                0x00000458       0x21 startup\startup_stm32l432xx.o
 .ARM.attributes
                0x00000479       0x34 c:/program files (x86)/atollic/truestudio for arm 7.1.2/armtools/bin/../lib/gcc/arm-atollic-eabi/5.3.1/../../../../arm-atollic-eabi/lib/armv7e-m/fpu\libc_nano.a(lib_a-init.o)
 .ARM.attributes
                0x000004ad       0x34 c:/program files (x86)/atollic/truestudio for arm 7.1.2/armtools/bin/../lib/gcc/arm-atollic-eabi/5.3.1/../../../../arm-atollic-eabi/lib/armv7e-m/fpu\libc_nano.a(lib_a-itoa.o)
 .ARM.attributes
                0x000004e1       0x34 c:/program files (x86)/atollic/truestudio for arm 7.1.2/armtools/bin/../lib/gcc/arm-atollic-eabi/5.3.1/../../../../arm-atollic-eabi/lib/armv7e-m/fpu\libc_nano.a(lib_a-utoa.o)
 .ARM.attributes
                0x00000515       0x22 c:/program files (x86)/atollic/truestudio for arm 7.1.2/armtools/bin/../lib/gcc/arm-atollic-eabi/5.3.1/armv7e-m/fpu/crtn.o
OUTPUT(SDCardTest.elf elf32-littlearm)

.debug_info     0x00000000     0xd49a
 .debug_info    0x00000000      0x874 Drivers\STM32L4xx_HAL_Driver\Src\stm32l4xx_hal.o
 .debug_info    0x00000874      0xca6 Drivers\STM32L4xx_HAL_Driver\Src\stm32l4xx_hal_cortex.o
 .debug_info    0x0000151a      0x7dd Drivers\STM32L4xx_HAL_Driver\Src\stm32l4xx_hal_gpio.o
 .debug_info    0x00001cf7      0x967 Drivers\STM32L4xx_HAL_Driver\Src\stm32l4xx_hal_pwr_ex.o
 .debug_info    0x0000265e      0xb2a Drivers\STM32L4xx_HAL_Driver\Src\stm32l4xx_hal_rcc.o
 .debug_info    0x00003188      0xdaf Drivers\STM32L4xx_HAL_Driver\Src\stm32l4xx_hal_rcc_ex.o
 .debug_info    0x00003f37     0x1572 Drivers\STM32L4xx_HAL_Driver\Src\stm32l4xx_hal_spi.o
 .debug_info    0x000054a9     0x227d Drivers\STM32L4xx_HAL_Driver\Src\stm32l4xx_hal_tim.o
 .debug_info    0x00007726     0x1f46 Src\MyLibrary\FAT32\ff.o
 .debug_info    0x0000966c      0x516 Src\MyLibrary\FAT32\mmc_stm32_spi.o
 .debug_info    0x00009b82      0xa52 Src\MyLibrary\MySPI_HAL.o
 .debug_info    0x0000a5d4      0x860 Src\MyLibrary\MyTimers_HAL.o
 .debug_info    0x0000ae34      0x45d Src\MyLibrary\SDCard.o
 .debug_info    0x0000b291      0x52c Src\MyLibrary\SystemConfig.o
 .debug_info    0x0000b7bd      0x42c Src\main.o
 .debug_info    0x0000bbe9     0x1198 Src\stm32l4xx_hal_msp.o
 .debug_info    0x0000cd81       0xdb Src\stm32l4xx_it.o
 .debug_info    0x0000ce5c      0x5b5 Src\system_stm32l4xx.o
 .debug_info    0x0000d411       0x89 startup\startup_stm32l432xx.o

.debug_abbrev   0x00000000     0x1cfb
 .debug_abbrev  0x00000000      0x19b Drivers\STM32L4xx_HAL_Driver\Src\stm32l4xx_hal.o
 .debug_abbrev  0x0000019b      0x2ad Drivers\STM32L4xx_HAL_Driver\Src\stm32l4xx_hal_cortex.o
 .debug_abbrev  0x00000448      0x1ac Drivers\STM32L4xx_HAL_Driver\Src\stm32l4xx_hal_gpio.o
 .debug_abbrev  0x000005f4      0x21f Drivers\STM32L4xx_HAL_Driver\Src\stm32l4xx_hal_pwr_ex.o
 .debug_abbrev  0x00000813      0x244 Drivers\STM32L4xx_HAL_Driver\Src\stm32l4xx_hal_rcc.o
 .debug_abbrev  0x00000a57      0x21b Drivers\STM32L4xx_HAL_Driver\Src\stm32l4xx_hal_rcc_ex.o
 .debug_abbrev  0x00000c72      0x1ff Drivers\STM32L4xx_HAL_Driver\Src\stm32l4xx_hal_spi.o
 .debug_abbrev  0x00000e71      0x208 Drivers\STM32L4xx_HAL_Driver\Src\stm32l4xx_hal_tim.o
 .debug_abbrev  0x00001079      0x187 Src\MyLibrary\FAT32\ff.o
 .debug_abbrev  0x00001200      0x1ab Src\MyLibrary\FAT32\mmc_stm32_spi.o
 .debug_abbrev  0x000013ab      0x1ab Src\MyLibrary\MySPI_HAL.o
 .debug_abbrev  0x00001556      0x15d Src\MyLibrary\MyTimers_HAL.o
 .debug_abbrev  0x000016b3      0x126 Src\MyLibrary\SDCard.o
 .debug_abbrev  0x000017d9       0xc4 Src\MyLibrary\SystemConfig.o
 .debug_abbrev  0x0000189d      0x122 Src\main.o
 .debug_abbrev  0x000019bf      0x189 Src\stm32l4xx_hal_msp.o
 .debug_abbrev  0x00001b48       0x7f Src\stm32l4xx_it.o
 .debug_abbrev  0x00001bc7      0x122 Src\system_stm32l4xx.o
 .debug_abbrev  0x00001ce9       0x12 startup\startup_stm32l432xx.o

.debug_aranges  0x00000000      0xe68
 .debug_aranges
                0x00000000       0xf0 Drivers\STM32L4xx_HAL_Driver\Src\stm32l4xx_hal.o
 .debug_aranges
                0x000000f0      0x108 Drivers\STM32L4xx_HAL_Driver\Src\stm32l4xx_hal_cortex.o
 .debug_aranges
                0x000001f8       0x58 Drivers\STM32L4xx_HAL_Driver\Src\stm32l4xx_hal_gpio.o
 .debug_aranges
                0x00000250      0x108 Drivers\STM32L4xx_HAL_Driver\Src\stm32l4xx_hal_pwr_ex.o
 .debug_aranges
                0x00000358       0x88 Drivers\STM32L4xx_HAL_Driver\Src\stm32l4xx_hal_rcc.o
 .debug_aranges
                0x000003e0       0xe8 Drivers\STM32L4xx_HAL_Driver\Src\stm32l4xx_hal_rcc_ex.o
 .debug_aranges
                0x000004c8      0x1d8 Drivers\STM32L4xx_HAL_Driver\Src\stm32l4xx_hal_spi.o
 .debug_aranges
                0x000006a0      0x378 Drivers\STM32L4xx_HAL_Driver\Src\stm32l4xx_hal_tim.o
 .debug_aranges
                0x00000a18      0x1f0 Src\MyLibrary\FAT32\ff.o
 .debug_aranges
                0x00000c08       0x90 Src\MyLibrary\FAT32\mmc_stm32_spi.o
 .debug_aranges
                0x00000c98       0x50 Src\MyLibrary\MySPI_HAL.o
 .debug_aranges
                0x00000ce8       0x38 Src\MyLibrary\MyTimers_HAL.o
 .debug_aranges
                0x00000d20       0x30 Src\MyLibrary\SDCard.o
 .debug_aranges
                0x00000d50       0x20 Src\MyLibrary\SystemConfig.o
 .debug_aranges
                0x00000d70       0x28 Src\main.o
 .debug_aranges
                0x00000d98       0x50 Src\stm32l4xx_hal_msp.o
 .debug_aranges
                0x00000de8       0x30 Src\stm32l4xx_it.o
 .debug_aranges
                0x00000e18       0x28 Src\system_stm32l4xx.o
 .debug_aranges
                0x00000e40       0x28 startup\startup_stm32l432xx.o

.debug_ranges   0x00000000      0xd40
 .debug_ranges  0x00000000       0xe0 Drivers\STM32L4xx_HAL_Driver\Src\stm32l4xx_hal.o
 .debug_ranges  0x000000e0       0xf8 Drivers\STM32L4xx_HAL_Driver\Src\stm32l4xx_hal_cortex.o
 .debug_ranges  0x000001d8       0x48 Drivers\STM32L4xx_HAL_Driver\Src\stm32l4xx_hal_gpio.o
 .debug_ranges  0x00000220       0xf8 Drivers\STM32L4xx_HAL_Driver\Src\stm32l4xx_hal_pwr_ex.o
 .debug_ranges  0x00000318       0x78 Drivers\STM32L4xx_HAL_Driver\Src\stm32l4xx_hal_rcc.o
 .debug_ranges  0x00000390       0xd8 Drivers\STM32L4xx_HAL_Driver\Src\stm32l4xx_hal_rcc_ex.o
 .debug_ranges  0x00000468      0x1c8 Drivers\STM32L4xx_HAL_Driver\Src\stm32l4xx_hal_spi.o
 .debug_ranges  0x00000630      0x368 Drivers\STM32L4xx_HAL_Driver\Src\stm32l4xx_hal_tim.o
 .debug_ranges  0x00000998      0x1e0 Src\MyLibrary\FAT32\ff.o
 .debug_ranges  0x00000b78       0x80 Src\MyLibrary\FAT32\mmc_stm32_spi.o
 .debug_ranges  0x00000bf8       0x40 Src\MyLibrary\MySPI_HAL.o
 .debug_ranges  0x00000c38       0x28 Src\MyLibrary\MyTimers_HAL.o
 .debug_ranges  0x00000c60       0x20 Src\MyLibrary\SDCard.o
 .debug_ranges  0x00000c80       0x10 Src\MyLibrary\SystemConfig.o
 .debug_ranges  0x00000c90       0x18 Src\main.o
 .debug_ranges  0x00000ca8       0x40 Src\stm32l4xx_hal_msp.o
 .debug_ranges  0x00000ce8       0x20 Src\stm32l4xx_it.o
 .debug_ranges  0x00000d08       0x18 Src\system_stm32l4xx.o
 .debug_ranges  0x00000d20       0x20 startup\startup_stm32l432xx.o

.debug_line     0x00000000     0x666c
 .debug_line    0x00000000      0x3fd Drivers\STM32L4xx_HAL_Driver\Src\stm32l4xx_hal.o
 .debug_line    0x000003fd      0x4d5 Drivers\STM32L4xx_HAL_Driver\Src\stm32l4xx_hal_cortex.o
 .debug_line    0x000008d2      0x36f Drivers\STM32L4xx_HAL_Driver\Src\stm32l4xx_hal_gpio.o
 .debug_line    0x00000c41      0x51c Drivers\STM32L4xx_HAL_Driver\Src\stm32l4xx_hal_pwr_ex.o
 .debug_line    0x0000115d      0x524 Drivers\STM32L4xx_HAL_Driver\Src\stm32l4xx_hal_rcc.o
 .debug_line    0x00001681      0x7a3 Drivers\STM32L4xx_HAL_Driver\Src\stm32l4xx_hal_rcc_ex.o
 .debug_line    0x00001e24      0xc77 Drivers\STM32L4xx_HAL_Driver\Src\stm32l4xx_hal_spi.o
 .debug_line    0x00002a9b     0x13f4 Drivers\STM32L4xx_HAL_Driver\Src\stm32l4xx_hal_tim.o
 .debug_line    0x00003e8f     0x1312 Src\MyLibrary\FAT32\ff.o
 .debug_line    0x000051a1      0x324 Src\MyLibrary\FAT32\mmc_stm32_spi.o
 .debug_line    0x000054c5      0x2d4 Src\MyLibrary\MySPI_HAL.o
 .debug_line    0x00005799      0x257 Src\MyLibrary\MyTimers_HAL.o
 .debug_line    0x000059f0      0x1f5 Src\MyLibrary\SDCard.o
 .debug_line    0x00005be5      0x204 Src\MyLibrary\SystemConfig.o
 .debug_line    0x00005de9      0x1ef Src\main.o
 .debug_line    0x00005fd8      0x2cb Src\stm32l4xx_hal_msp.o
 .debug_line    0x000062a3      0x172 Src\stm32l4xx_it.o
 .debug_line    0x00006415      0x1d8 Src\system_stm32l4xx.o
 .debug_line    0x000065ed       0x7f startup\startup_stm32l432xx.o

.debug_str      0x00000000     0x4100
 .debug_str     0x00000000      0xa08 Drivers\STM32L4xx_HAL_Driver\Src\stm32l4xx_hal.o
                                0xa6f (size before relaxing)
 .debug_str     0x00000a08      0x3d1 Drivers\STM32L4xx_HAL_Driver\Src\stm32l4xx_hal_cortex.o
                                0xb01 (size before relaxing)
 .debug_str     0x00000dd9      0x1da Drivers\STM32L4xx_HAL_Driver\Src\stm32l4xx_hal_gpio.o
                                0x595 (size before relaxing)
 .debug_str     0x00000fb3      0x457 Drivers\STM32L4xx_HAL_Driver\Src\stm32l4xx_hal_pwr_ex.o
                                0x77e (size before relaxing)
 .debug_str     0x0000140a      0x3a6 Drivers\STM32L4xx_HAL_Driver\Src\stm32l4xx_hal_rcc.o
                                0x819 (size before relaxing)
 .debug_str     0x000017b0      0x5d3 Drivers\STM32L4xx_HAL_Driver\Src\stm32l4xx_hal_rcc_ex.o
                                0xae9 (size before relaxing)
 .debug_str     0x00001d83      0x8cf Drivers\STM32L4xx_HAL_Driver\Src\stm32l4xx_hal_spi.o
                                0xba5 (size before relaxing)
 .debug_str     0x00002652      0xf35 Drivers\STM32L4xx_HAL_Driver\Src\stm32l4xx_hal_tim.o
                               0x139a (size before relaxing)
 .debug_str     0x00003587      0x5c9 Src\MyLibrary\FAT32\ff.o
                                0x787 (size before relaxing)
 .debug_str     0x00003b50       0xfd Src\MyLibrary\FAT32\mmc_stm32_spi.o
                                0x303 (size before relaxing)
 .debug_str     0x00003c4d       0xb1 Src\MyLibrary\MySPI_HAL.o
                                0x83c (size before relaxing)
 .debug_str     0x00003cfe       0x66 Src\MyLibrary\MyTimers_HAL.o
                                0x794 (size before relaxing)
 .debug_str     0x00003d64       0x4e Src\MyLibrary\SDCard.o
                                0x41b (size before relaxing)
 .debug_str     0x00003db2       0x33 Src\MyLibrary\SystemConfig.o
                                0x8ca (size before relaxing)
 .debug_str     0x00003de5       0x35 Src\main.o
                                0x41d (size before relaxing)
 .debug_str     0x00003e1a      0x26a Src\stm32l4xx_hal_msp.o
                               0x1025 (size before relaxing)
 .debug_str     0x00004084       0x41 Src\stm32l4xx_it.o
                                0x20a (size before relaxing)
 .debug_str     0x000040c5       0x3b Src\system_stm32l4xx.o
                                0x42e (size before relaxing)

.comment        0x00000000       0x7e
 .comment       0x00000000       0x7e Drivers\STM32L4xx_HAL_Driver\Src\stm32l4xx_hal.o
                                 0x7f (size before relaxing)
 .comment       0x0000007e       0x7f Drivers\STM32L4xx_HAL_Driver\Src\stm32l4xx_hal_cortex.o
 .comment       0x0000007e       0x7f Drivers\STM32L4xx_HAL_Driver\Src\stm32l4xx_hal_gpio.o
 .comment       0x0000007e       0x7f Drivers\STM32L4xx_HAL_Driver\Src\stm32l4xx_hal_pwr_ex.o
 .comment       0x0000007e       0x7f Drivers\STM32L4xx_HAL_Driver\Src\stm32l4xx_hal_rcc.o
 .comment       0x0000007e       0x7f Drivers\STM32L4xx_HAL_Driver\Src\stm32l4xx_hal_rcc_ex.o
 .comment       0x0000007e       0x7f Drivers\STM32L4xx_HAL_Driver\Src\stm32l4xx_hal_spi.o
 .comment       0x0000007e       0x7f Drivers\STM32L4xx_HAL_Driver\Src\stm32l4xx_hal_tim.o
 .comment       0x0000007e       0x7f Src\MyLibrary\FAT32\ff.o
 .comment       0x0000007e       0x7f Src\MyLibrary\FAT32\mmc_stm32_spi.o
 .comment       0x0000007e       0x7f Src\MyLibrary\MySPI_HAL.o
 .comment       0x0000007e       0x7f Src\MyLibrary\MyTimers_HAL.o
 .comment       0x0000007e       0x7f Src\MyLibrary\SDCard.o
 .comment       0x0000007e       0x7f Src\MyLibrary\SystemConfig.o
 .comment       0x0000007e       0x7f Src\main.o
 .comment       0x0000007e       0x7f Src\stm32l4xx_hal_msp.o
 .comment       0x0000007e       0x7f Src\stm32l4xx_it.o
 .comment       0x0000007e       0x7f Src\system_stm32l4xx.o

.debug_frame    0x00000000     0x3b34
 .debug_frame   0x00000000      0x370 Drivers\STM32L4xx_HAL_Driver\Src\stm32l4xx_hal.o
 .debug_frame   0x00000370      0x450 Drivers\STM32L4xx_HAL_Driver\Src\stm32l4xx_hal_cortex.o
 .debug_frame   0x000007c0      0x14c Drivers\STM32L4xx_HAL_Driver\Src\stm32l4xx_hal_gpio.o
 .debug_frame   0x0000090c      0x424 Drivers\STM32L4xx_HAL_Driver\Src\stm32l4xx_hal_pwr_ex.o
 .debug_frame   0x00000d30      0x1f4 Drivers\STM32L4xx_HAL_Driver\Src\stm32l4xx_hal_rcc.o
 .debug_frame   0x00000f24      0x3a8 Drivers\STM32L4xx_HAL_Driver\Src\stm32l4xx_hal_rcc_ex.o
 .debug_frame   0x000012cc      0x864 Drivers\STM32L4xx_HAL_Driver\Src\stm32l4xx_hal_spi.o
 .debug_frame   0x00001b30     0x100c Drivers\STM32L4xx_HAL_Driver\Src\stm32l4xx_hal_tim.o
 .debug_frame   0x00002b3c      0x8b8 Src\MyLibrary\FAT32\ff.o
 .debug_frame   0x000033f4      0x220 Src\MyLibrary\FAT32\mmc_stm32_spi.o
 .debug_frame   0x00003614      0x108 Src\MyLibrary\MySPI_HAL.o
 .debug_frame   0x0000371c       0xa0 Src\MyLibrary\MyTimers_HAL.o
 .debug_frame   0x000037bc       0x6c Src\MyLibrary\SDCard.o
 .debug_frame   0x00003828       0x38 Src\MyLibrary\SystemConfig.o
 .debug_frame   0x00003860       0x54 Src\main.o
 .debug_frame   0x000038b4      0x114 Src\stm32l4xx_hal_msp.o
 .debug_frame   0x000039c8       0x6c Src\stm32l4xx_it.o
 .debug_frame   0x00003a34       0x58 Src\system_stm32l4xx.o
 .debug_frame   0x00003a8c       0x2c c:/program files (x86)/atollic/truestudio for arm 7.1.2/armtools/bin/../lib/gcc/arm-atollic-eabi/5.3.1/../../../../arm-atollic-eabi/lib/armv7e-m/fpu\libc_nano.a(lib_a-init.o)
 .debug_frame   0x00003ab8       0x38 c:/program files (x86)/atollic/truestudio for arm 7.1.2/armtools/bin/../lib/gcc/arm-atollic-eabi/5.3.1/../../../../arm-atollic-eabi/lib/armv7e-m/fpu\libc_nano.a(lib_a-itoa.o)
 .debug_frame   0x00003af0       0x44 c:/program files (x86)/atollic/truestudio for arm 7.1.2/armtools/bin/../lib/gcc/arm-atollic-eabi/5.3.1/../../../../arm-atollic-eabi/lib/armv7e-m/fpu\libc_nano.a(lib_a-utoa.o)
