Archive member included to satisfy reference by file (symbol)

/opt/st/stm32cubeide_1.0.2/plugins/com.st.stm32cube.ide.mcu.externaltools.gnu-tools-for-stm32.7-2018-q2-update.linux64_1.0.0.201904181610/tools/bin/../lib/gcc/arm-none-eabi/7.3.1/../../../../arm-none-eabi/lib/thumb/v6-m/libc_nano.a(lib_a-errno.o)
                              Src/syscalls.o (__errno)
/opt/st/stm32cubeide_1.0.2/plugins/com.st.stm32cube.ide.mcu.externaltools.gnu-tools-for-stm32.7-2018-q2-update.linux64_1.0.0.201904181610/tools/bin/../lib/gcc/arm-none-eabi/7.3.1/../../../../arm-none-eabi/lib/thumb/v6-m/libc_nano.a(lib_a-exit.o)
                              /opt/st/stm32cubeide_1.0.2/plugins/com.st.stm32cube.ide.mcu.externaltools.gnu-tools-for-stm32.7-2018-q2-update.linux64_1.0.0.201904181610/tools/bin/../lib/gcc/arm-none-eabi/7.3.1/../../../../arm-none-eabi/lib/thumb/v6-m/crt0.o (exit)
/opt/st/stm32cubeide_1.0.2/plugins/com.st.stm32cube.ide.mcu.externaltools.gnu-tools-for-stm32.7-2018-q2-update.linux64_1.0.0.201904181610/tools/bin/../lib/gcc/arm-none-eabi/7.3.1/../../../../arm-none-eabi/lib/thumb/v6-m/libc_nano.a(lib_a-impure.o)
                              /opt/st/stm32cubeide_1.0.2/plugins/com.st.stm32cube.ide.mcu.externaltools.gnu-tools-for-stm32.7-2018-q2-update.linux64_1.0.0.201904181610/tools/bin/../lib/gcc/arm-none-eabi/7.3.1/../../../../arm-none-eabi/lib/thumb/v6-m/libc_nano.a(lib_a-exit.o) (_global_impure_ptr)
/opt/st/stm32cubeide_1.0.2/plugins/com.st.stm32cube.ide.mcu.externaltools.gnu-tools-for-stm32.7-2018-q2-update.linux64_1.0.0.201904181610/tools/bin/../lib/gcc/arm-none-eabi/7.3.1/../../../../arm-none-eabi/lib/thumb/v6-m/libc_nano.a(lib_a-init.o)
                              /opt/st/stm32cubeide_1.0.2/plugins/com.st.stm32cube.ide.mcu.externaltools.gnu-tools-for-stm32.7-2018-q2-update.linux64_1.0.0.201904181610/tools/bin/../lib/gcc/arm-none-eabi/7.3.1/../../../../arm-none-eabi/lib/thumb/v6-m/crt0.o (__libc_init_array)
/opt/st/stm32cubeide_1.0.2/plugins/com.st.stm32cube.ide.mcu.externaltools.gnu-tools-for-stm32.7-2018-q2-update.linux64_1.0.0.201904181610/tools/bin/../lib/gcc/arm-none-eabi/7.3.1/../../../../arm-none-eabi/lib/thumb/v6-m/libc_nano.a(lib_a-memset.o)
                              /opt/st/stm32cubeide_1.0.2/plugins/com.st.stm32cube.ide.mcu.externaltools.gnu-tools-for-stm32.7-2018-q2-update.linux64_1.0.0.201904181610/tools/bin/../lib/gcc/arm-none-eabi/7.3.1/../../../../arm-none-eabi/lib/thumb/v6-m/crt0.o (memset)
/opt/st/stm32cubeide_1.0.2/plugins/com.st.stm32cube.ide.mcu.externaltools.gnu-tools-for-stm32.7-2018-q2-update.linux64_1.0.0.201904181610/tools/bin/../lib/gcc/arm-none-eabi/7.3.1/../../../../arm-none-eabi/lib/thumb/v6-m/libc_nano.a(lib_a-strlen.o)
                              Src/main.o (strlen)
/opt/st/stm32cubeide_1.0.2/plugins/com.st.stm32cube.ide.mcu.externaltools.gnu-tools-for-stm32.7-2018-q2-update.linux64_1.0.0.201904181610/tools/bin/../lib/gcc/arm-none-eabi/7.3.1/thumb/v6-m/libgcc.a(_udivsi3.o)
                              Drivers/STM32F0xx_HAL_Driver/Src/stm32f0xx_hal.o (__aeabi_uidiv)
/opt/st/stm32cubeide_1.0.2/plugins/com.st.stm32cube.ide.mcu.externaltools.gnu-tools-for-stm32.7-2018-q2-update.linux64_1.0.0.201904181610/tools/bin/../lib/gcc/arm-none-eabi/7.3.1/thumb/v6-m/libgcc.a(_divsi3.o)
                              Middlewares/Third_Party/FatFs/src/ff.o (__aeabi_idiv)
/opt/st/stm32cubeide_1.0.2/plugins/com.st.stm32cube.ide.mcu.externaltools.gnu-tools-for-stm32.7-2018-q2-update.linux64_1.0.0.201904181610/tools/bin/../lib/gcc/arm-none-eabi/7.3.1/thumb/v6-m/libgcc.a(_dvmd_tls.o)
                              /opt/st/stm32cubeide_1.0.2/plugins/com.st.stm32cube.ide.mcu.externaltools.gnu-tools-for-stm32.7-2018-q2-update.linux64_1.0.0.201904181610/tools/bin/../lib/gcc/arm-none-eabi/7.3.1/thumb/v6-m/libgcc.a(_udivsi3.o) (__aeabi_idiv0)

Allocating common symbols
Common symbol       size              file

fre_clust           0x4               Src/main.o
USERPath            0x4               Src/fatfs.o
fs                  0x1030            Src/main.o
uwTick              0x4               Drivers/STM32F0xx_HAL_Driver/Src/stm32f0xx_hal.o
br                  0x4               Src/main.o
pFlash              0x20              Drivers/STM32F0xx_HAL_Driver/Src/stm32f0xx_hal_flash.o
free_space          0x4               Src/main.o
huart1              0x70              Src/main.o
buffer              0x400             Src/main.o
retUSER             0x1               Src/fatfs.o
bw                  0x4               Src/main.o
Timer2              0x1               Src/stm32f0xx_it.o
pfs                 0x4               Src/main.o
fresult             0x1               Src/main.o
hspi1               0x64              Src/main.o
total               0x4               Src/main.o
Timer1              0x1               Src/stm32f0xx_it.o
fil                 0x102c            Src/main.o
USERFile            0x102c            Src/fatfs.o
USERFatFS           0x1030            Src/fatfs.o

[...]
Memory Configuration

Name             Origin             Length             Attributes
RAM              0x0000000020000000 0x0000000000002000 xrw
FLASH            0x0000000008000000 0x0000000000010000 xr
*default*        0x0000000000000000 0xffffffffffffffff

Linker script and memory map

LOAD /opt/st/stm32cubeide_1.0.2/plugins/com.st.stm32cube.ide.mcu.externaltools.gnu-tools-for-stm32.7-2018-q2-update.linux64_1.0.0.201904181610/tools/bin/../lib/gcc/arm-none-eabi/7.3.1/thumb/v6-m/crti.o
LOAD /opt/st/stm32cubeide_1.0.2/plugins/com.st.stm32cube.ide.mcu.externaltools.gnu-tools-for-stm32.7-2018-q2-update.linux64_1.0.0.201904181610/tools/bin/../lib/gcc/arm-none-eabi/7.3.1/thumb/v6-m/crtbegin.o
LOAD /opt/st/stm32cubeide_1.0.2/plugins/com.st.stm32cube.ide.mcu.externaltools.gnu-tools-for-stm32.7-2018-q2-update.linux64_1.0.0.201904181610/tools/bin/../lib/gcc/arm-none-eabi/7.3.1/../../../../arm-none-eabi/lib/thumb/v6-m/crt0.o
LOAD Drivers/STM32F0xx_HAL_Driver/Src/stm32f0xx_hal.o
LOAD Drivers/STM32F0xx_HAL_Driver/Src/stm32f0xx_hal_cortex.o
LOAD Drivers/STM32F0xx_HAL_Driver/Src/stm32f0xx_hal_dma.o
LOAD Drivers/STM32F0xx_HAL_Driver/Src/stm32f0xx_hal_flash.o
LOAD Drivers/STM32F0xx_HAL_Driver/Src/stm32f0xx_hal_flash_ex.o
LOAD Drivers/STM32F0xx_HAL_Driver/Src/stm32f0xx_hal_gpio.o
LOAD Drivers/STM32F0xx_HAL_Driver/Src/stm32f0xx_hal_i2c.o
LOAD Drivers/STM32F0xx_HAL_Driver/Src/stm32f0xx_hal_i2c_ex.o
LOAD Drivers/STM32F0xx_HAL_Driver/Src/stm32f0xx_hal_pwr.o
LOAD Drivers/STM32F0xx_HAL_Driver/Src/stm32f0xx_hal_pwr_ex.o
LOAD Drivers/STM32F0xx_HAL_Driver/Src/stm32f0xx_hal_rcc.o
LOAD Drivers/STM32F0xx_HAL_Driver/Src/stm32f0xx_hal_rcc_ex.o
LOAD Drivers/STM32F0xx_HAL_Driver/Src/stm32f0xx_hal_spi.o
LOAD Drivers/STM32F0xx_HAL_Driver/Src/stm32f0xx_hal_spi_ex.o
LOAD Drivers/STM32F0xx_HAL_Driver/Src/stm32f0xx_hal_tim.o
LOAD Drivers/STM32F0xx_HAL_Driver/Src/stm32f0xx_hal_tim_ex.o
LOAD Drivers/STM32F0xx_HAL_Driver/Src/stm32f0xx_hal_uart.o
LOAD Drivers/STM32F0xx_HAL_Driver/Src/stm32f0xx_hal_uart_ex.o
LOAD Middlewares/Third_Party/FatFs/src/diskio.o
LOAD Middlewares/Third_Party/FatFs/src/ff.o
LOAD Middlewares/Third_Party/FatFs/src/ff_gen_drv.o
LOAD Middlewares/Third_Party/FatFs/src/option/ccsbcs.o
LOAD Middlewares/Third_Party/FatFs/src/option/syscall.o
LOAD Src/fatfs.o
LOAD Src/fatfs_sd.o
LOAD Src/main.o
LOAD Src/sd.o
LOAD Src/stm32f0xx_hal_msp.o
LOAD Src/stm32f0xx_it.o
LOAD Src/syscalls.o
LOAD Src/sysmem.o
LOAD Src/system_stm32f0xx.o
LOAD Src/user_diskio.o
LOAD Startup/startup_stm32f051r8tx.o
START GROUP
LOAD /opt/st/stm32cubeide_1.0.2/plugins/com.st.stm32cube.ide.mcu.externaltools.gnu-tools-for-stm32.7-2018-q2-update.linux64_1.0.0.201904181610/tools/bin/../lib/gcc/arm-none-eabi/7.3.1/../../../../arm-none-eabi/lib/thumb/v6-m/libc_nano.a
LOAD /opt/st/stm32cubeide_1.0.2/plugins/com.st.stm32cube.ide.mcu.externaltools.gnu-tools-for-stm32.7-2018-q2-update.linux64_1.0.0.201904181610/tools/bin/../lib/gcc/arm-none-eabi/7.3.1/../../../../arm-none-eabi/lib/thumb/v6-m/libm.a
END GROUP
START GROUP
LOAD /opt/st/stm32cubeide_1.0.2/plugins/com.st.stm32cube.ide.mcu.externaltools.gnu-tools-for-stm32.7-2018-q2-update.linux64_1.0.0.201904181610/tools/bin/../lib/gcc/arm-none-eabi/7.3.1/thumb/v6-m/libgcc.a
LOAD /opt/st/stm32cubeide_1.0.2/plugins/com.st.stm32cube.ide.mcu.externaltools.gnu-tools-for-stm32.7-2018-q2-update.linux64_1.0.0.201904181610/tools/bin/../lib/gcc/arm-none-eabi/7.3.1/../../../../arm-none-eabi/lib/thumb/v6-m/libc_nano.a
END GROUP
START GROUP
LOAD /opt/st/stm32cubeide_1.0.2/plugins/com.st.stm32cube.ide.mcu.externaltools.gnu-tools-for-stm32.7-2018-q2-update.linux64_1.0.0.201904181610/tools/bin/../lib/gcc/arm-none-eabi/7.3.1/thumb/v6-m/libgcc.a
LOAD /opt/st/stm32cubeide_1.0.2/plugins/com.st.stm32cube.ide.mcu.externaltools.gnu-tools-for-stm32.7-2018-q2-update.linux64_1.0.0.201904181610/tools/bin/../lib/gcc/arm-none-eabi/7.3.1/../../../../arm-none-eabi/lib/thumb/v6-m/libc_nano.a
LOAD /opt/st/stm32cubeide_1.0.2/plugins/com.st.stm32cube.ide.mcu.externaltools.gnu-tools-for-stm32.7-2018-q2-update.linux64_1.0.0.201904181610/tools/bin/../lib/gcc/arm-none-eabi/7.3.1/../../../../arm-none-eabi/lib/thumb/v6-m/libnosys.a
END GROUP
START GROUP
LOAD /opt/st/stm32cubeide_1.0.2/plugins/com.st.stm32cube.ide.mcu.externaltools.gnu-tools-for-stm32.7-2018-q2-update.linux64_1.0.0.201904181610/tools/bin/../lib/gcc/arm-none-eabi/7.3.1/thumb/v6-m/libgcc.a
LOAD /opt/st/stm32cubeide_1.0.2/plugins/com.st.stm32cube.ide.mcu.externaltools.gnu-tools-for-stm32.7-2018-q2-update.linux64_1.0.0.201904181610/tools/bin/../lib/gcc/arm-none-eabi/7.3.1/../../../../arm-none-eabi/lib/thumb/v6-m/libc_nano.a
LOAD /opt/st/stm32cubeide_1.0.2/plugins/com.st.stm32cube.ide.mcu.externaltools.gnu-tools-for-stm32.7-2018-q2-update.linux64_1.0.0.201904181610/tools/bin/../lib/gcc/arm-none-eabi/7.3.1/../../../../arm-none-eabi/lib/thumb/v6-m/libnosys.a
END GROUP
LOAD /opt/st/stm32cubeide_1.0.2/plugins/com.st.stm32cube.ide.mcu.externaltools.gnu-tools-for-stm32.7-2018-q2-update.linux64_1.0.0.201904181610/tools/bin/../lib/gcc/arm-none-eabi/7.3.1/thumb/v6-m/crtend.o
LOAD /opt/st/stm32cubeide_1.0.2/plugins/com.st.stm32cube.ide.mcu.externaltools.gnu-tools-for-stm32.7-2018-q2-update.linux64_1.0.0.201904181610/tools/bin/../lib/gcc/arm-none-eabi/7.3.1/thumb/v6-m/crtn.o
                0x0000000020002000                _estack = 0x20002000
                0x0000000000000200                _Min_Heap_Size = 0x200
                0x0000000000000400                _Min_Stack_Size = 0x400

.isr_vector     0x0000000008000000       0xc0
                0x0000000008000000                . = ALIGN (0x4)
 *(.isr_vector)
 .isr_vector    0x0000000008000000       0xc0 Startup/startup_stm32f051r8tx.o
                0x0000000008000000                g_pfnVectors
                0x00000000080000c0                . = ALIGN (0x4)

.text           0x00000000080000c0     0x2d78
                0x00000000080000c0                . = ALIGN (0x4)
 *(.text)
 .text          0x00000000080000c0       0x48 /opt/st/stm32cubeide_1.0.2/plugins/com.st.stm32cube.ide.mcu.externaltools.gnu-tools-for-stm32.7-2018-q2-update.linux64_1.0.0.201904181610/tools/bin/../lib/gcc/arm-none-eabi/7.3.1/thumb/v6-m/crtbegin.o
 .text          0x0000000008000108        0xe /opt/st/stm32cubeide_1.0.2/plugins/com.st.stm32cube.ide.mcu.externaltools.gnu-tools-for-stm32.7-2018-q2-update.linux64_1.0.0.201904181610/tools/bin/../lib/gcc/arm-none-eabi/7.3.1/../../../../arm-none-eabi/lib/thumb/v6-m/libc_nano.a(lib_a-strlen.o)
                0x0000000008000108                strlen
 *fill*         0x0000000008000116        0x2 
 .text          0x0000000008000118      0x114 /opt/st/stm32cubeide_1.0.2/plugins/com.st.stm32cube.ide.mcu.externaltools.gnu-tools-for-stm32.7-2018-q2-update.linux64_1.0.0.201904181610/tools/bin/../lib/gcc/arm-none-eabi/7.3.1/thumb/v6-m/libgcc.a(_udivsi3.o)
                0x0000000008000118                __udivsi3
                0x0000000008000118                __aeabi_uidiv
                0x0000000008000224                __aeabi_uidivmod
 .text          0x000000000800022c        0x4 /opt/st/stm32cubeide_1.0.2/plugins/com.st.stm32cube.ide.mcu.externaltools.gnu-tools-for-stm32.7-2018-q2-update.linux64_1.0.0.201904181610/tools/bin/../lib/gcc/arm-none-eabi/7.3.1/thumb/v6-m/libgcc.a(_dvmd_tls.o)
                0x000000000800022c                __aeabi_ldiv0
                0x000000000800022c                __aeabi_idiv0
 *(.text*)
 .text.HAL_Init
                0x0000000008000230       0x28 Drivers/STM32F0xx_HAL_Driver/Src/stm32f0xx_hal.o
                0x0000000008000230                HAL_Init
 .text.HAL_InitTick
                0x0000000008000258       0x38 Drivers/STM32F0xx_HAL_Driver/Src/stm32f0xx_hal.o
                0x0000000008000258                HAL_InitTick
 .text.HAL_IncTick
                0x0000000008000290       0x18 Drivers/STM32F0xx_HAL_Driver/Src/stm32f0xx_hal.o
                0x0000000008000290                HAL_IncTick
 .text.HAL_GetTick
                0x00000000080002a8       0x14 Drivers/STM32F0xx_HAL_Driver/Src/stm32f0xx_hal.o
                0x00000000080002a8                HAL_GetTick
 .text.NVIC_SetPriority
                0x00000000080002bc       0xdc Drivers/STM32F0xx_HAL_Driver/Src/stm32f0xx_hal_cortex.o
 .text.SysTick_Config
                0x0000000008000398       0x48 Drivers/STM32F0xx_HAL_Driver/Src/stm32f0xx_hal_cortex.o
 .text.HAL_NVIC_SetPriority
                0x00000000080003e0       0x2a Drivers/STM32F0xx_HAL_Driver/Src/stm32f0xx_hal_cortex.o
                0x00000000080003e0                HAL_NVIC_SetPriority
 .text.HAL_SYSTICK_Config
                0x000000000800040a       0x1a Drivers/STM32F0xx_HAL_Driver/Src/stm32f0xx_hal_cortex.o
                0x000000000800040a                HAL_SYSTICK_Config
 .text.HAL_GPIO_Init
                0x0000000008000424      0x2e8 Drivers/STM32F0xx_HAL_Driver/Src/stm32f0xx_hal_gpio.o
                0x0000000008000424                HAL_GPIO_Init
 .text.HAL_GPIO_WritePin
                0x000000000800070c       0x3a Drivers/STM32F0xx_HAL_Driver/Src/stm32f0xx_hal_gpio.o
                0x000000000800070c                HAL_GPIO_WritePin
 *fill*         0x0000000008000746        0x2 
 .text.HAL_RCC_OscConfig
                0x0000000008000748      0x5e8 Drivers/STM32F0xx_HAL_Driver/Src/stm32f0xx_hal_rcc.o
                0x0000000008000748                HAL_RCC_OscConfig
 .text.HAL_RCC_ClockConfig
                0x0000000008000d30      0x1d0 Drivers/STM32F0xx_HAL_Driver/Src/stm32f0xx_hal_rcc.o
                0x0000000008000d30                HAL_RCC_ClockConfig
 .text.HAL_RCC_GetSysClockFreq
                0x0000000008000f00       0xc8 Drivers/STM32F0xx_HAL_Driver/Src/stm32f0xx_hal_rcc.o
                0x0000000008000f00                HAL_RCC_GetSysClockFreq
 .text.HAL_RCC_GetHCLKFreq
                0x0000000008000fc8       0x14 Drivers/STM32F0xx_HAL_Driver/Src/stm32f0xx_hal_rcc.o
                0x0000000008000fc8                HAL_RCC_GetHCLKFreq
 .text.HAL_RCC_GetPCLK1Freq
                0x0000000008000fdc       0x2c Drivers/STM32F0xx_HAL_Driver/Src/stm32f0xx_hal_rcc.o
                0x0000000008000fdc                HAL_RCC_GetPCLK1Freq
 .text.HAL_RCCEx_PeriphCLKConfig
                0x0000000008001008      0x1bc Drivers/STM32F0xx_HAL_Driver/Src/stm32f0xx_hal_rcc_ex.o
                0x0000000008001008                HAL_RCCEx_PeriphCLKConfig
 .text.HAL_SPI_Init
                0x00000000080011c4      0x134 Drivers/STM32F0xx_HAL_Driver/Src/stm32f0xx_hal_spi.o
                0x00000000080011c4                HAL_SPI_Init
 .text.HAL_UART_Init
                0x00000000080012f8       0xb0 Drivers/STM32F0xx_HAL_Driver/Src/stm32f0xx_hal_uart.o
                0x00000000080012f8                HAL_UART_Init
 .text.HAL_UART_Transmit
                0x00000000080013a8      0x146 Drivers/STM32F0xx_HAL_Driver/Src/stm32f0xx_hal_uart.o
                0x00000000080013a8                HAL_UART_Transmit
 *fill*         0x00000000080014ee        0x2 
 .text.UART_SetConfig
                0x00000000080014f0      0x2ec Drivers/STM32F0xx_HAL_Driver/Src/stm32f0xx_hal_uart.o
                0x00000000080014f0                UART_SetConfig
 .text.UART_AdvFeatureConfig
                0x00000000080017dc      0x168 Drivers/STM32F0xx_HAL_Driver/Src/stm32f0xx_hal_uart.o
                0x00000000080017dc                UART_AdvFeatureConfig
 .text.UART_CheckIdleState
                0x0000000008001944       0xa4 Drivers/STM32F0xx_HAL_Driver/Src/stm32f0xx_hal_uart.o
                0x0000000008001944                UART_CheckIdleState
 .text.UART_WaitOnFlagUntilTimeout
                0x00000000080019e8       0x98 Drivers/STM32F0xx_HAL_Driver/Src/stm32f0xx_hal_uart.o
                0x00000000080019e8                UART_WaitOnFlagUntilTimeout
 .text.disk_status
                0x0000000008001a80       0x44 Middlewares/Third_Party/FatFs/src/diskio.o
                0x0000000008001a80                disk_status
 .text.disk_initialize
                0x0000000008001ac4       0x64 Middlewares/Third_Party/FatFs/src/diskio.o
                0x0000000008001ac4                disk_initialize
 .text.disk_read
                0x0000000008001b28       0x50 Middlewares/Third_Party/FatFs/src/diskio.o
                0x0000000008001b28                disk_read
 .text.disk_write
                0x0000000008001b78       0x50 Middlewares/Third_Party/FatFs/src/diskio.o
                0x0000000008001b78                disk_write
 .text.disk_ioctl
                0x0000000008001bc8       0x50 Middlewares/Third_Party/FatFs/src/diskio.o
                0x0000000008001bc8                disk_ioctl
 .text.clear_lock
                0x0000000008001c18       0x4c Middlewares/Third_Party/FatFs/src/ff.o
 .text.sync_window
                0x0000000008001c64       0xb4 Middlewares/Third_Party/FatFs/src/ff.o
 .text.move_window
                0x0000000008001d18       0x78 Middlewares/Third_Party/FatFs/src/ff.o
 .text.get_ldnumber
                0x0000000008001d90       0x84 Middlewares/Third_Party/FatFs/src/ff.o
 .text.check_fs
                0x0000000008001e14       0xe0 Middlewares/Third_Party/FatFs/src/ff.o
 .text.find_volume
                0x0000000008001ef4      0x6b0 Middlewares/Third_Party/FatFs/src/ff.o
 .text.f_mount  0x00000000080025a4       0xa0 Middlewares/Third_Party/FatFs/src/ff.o
                0x00000000080025a4                f_mount
 .text.FATFS_LinkDriverEx
                0x0000000008002644       0xac Middlewares/Third_Party/FatFs/src/ff_gen_drv.o
                0x0000000008002644                FATFS_LinkDriverEx
 .text.FATFS_LinkDriver
                0x00000000080026f0       0x20 Middlewares/Third_Party/FatFs/src/ff_gen_drv.o
                0x00000000080026f0                FATFS_LinkDriver
 .text.MX_FATFS_Init
                0x0000000008002710       0x2c Src/fatfs.o
                0x0000000008002710                MX_FATFS_Init
 .text.send_uart
                0x000000000800273c       0x38 Src/main.o
                0x000000000800273c                send_uart
 .text.main     0x0000000008002774       0x60 Src/main.o
                0x0000000008002774                main
 .text.SystemClock_Config
                0x00000000080027d4       0xbe Src/main.o
                0x00000000080027d4                SystemClock_Config
 *fill*         0x0000000008002892        0x2 
 .text.MX_SPI1_Init
                0x0000000008002894       0x7c Src/main.o
 .text.MX_USART1_UART_Init
                0x0000000008002910       0x60 Src/main.o
 .text.MX_GPIO_Init
                0x0000000008002970       0xac Src/main.o
 .text.Error_Handler
                0x0000000008002a1c        0xa Src/main.o
                0x0000000008002a1c                Error_Handler
 *fill*         0x0000000008002a26        0x2 
 .text.HAL_MspInit
                0x0000000008002a28       0x48 Src/stm32f0xx_hal_msp.o
                0x0000000008002a28                HAL_MspInit
 .text.HAL_SPI_MspInit
                0x0000000008002a70       0x98 Src/stm32f0xx_hal_msp.o
                0x0000000008002a70                HAL_SPI_MspInit
 .text.HAL_UART_MspInit
                0x0000000008002b08       0x9c Src/stm32f0xx_hal_msp.o
                0x0000000008002b08                HAL_UART_MspInit
 .text.NMI_Handler
                0x0000000008002ba4        0xa Src/stm32f0xx_it.o
                0x0000000008002ba4                NMI_Handler
 .text.HardFault_Handler
                0x0000000008002bae        0x6 Src/stm32f0xx_it.o
                0x0000000008002bae                HardFault_Handler
 .text.SVC_Handler
                0x0000000008002bb4        0xa Src/stm32f0xx_it.o
                0x0000000008002bb4                SVC_Handler
 .text.PendSV_Handler
                0x0000000008002bbe        0xa Src/stm32f0xx_it.o
                0x0000000008002bbe                PendSV_Handler
 .text.SDTimer_Handler
                0x0000000008002bc8       0x44 Src/stm32f0xx_it.o
                0x0000000008002bc8                SDTimer_Handler
 .text.SysTick_Handler
                0x0000000008002c0c       0x34 Src/stm32f0xx_it.o
                0x0000000008002c0c                SysTick_Handler
 .text.SystemInit
                0x0000000008002c40       0x88 Src/system_stm32f0xx.o
                0x0000000008002c40                SystemInit
 .text.USER_initialize
                0x0000000008002cc8       0x24 Src/user_diskio.o
                0x0000000008002cc8                USER_initialize
 .text.USER_status
                0x0000000008002cec       0x24 Src/user_diskio.o
                0x0000000008002cec                USER_status
 .text.USER_read
                0x0000000008002d10       0x1e Src/user_diskio.o
                0x0000000008002d10                USER_read
 .text.USER_write
                0x0000000008002d2e       0x1e Src/user_diskio.o
                0x0000000008002d2e                USER_write
 .text.USER_ioctl
                0x0000000008002d4c       0x28 Src/user_diskio.o
                0x0000000008002d4c                USER_ioctl
 .text.Reset_Handler
                0x0000000008002d74       0x50 Startup/startup_stm32f051r8tx.o
                0x0000000008002d74                Reset_Handler
 .text.Default_Handler
                0x0000000008002dc4        0x2 Startup/startup_stm32f051r8tx.o
                0x0000000008002dc4                TIM1_CC_IRQHandler
                0x0000000008002dc4                TSC_IRQHandler
                0x0000000008002dc4                ADC1_COMP_IRQHandler
                0x0000000008002dc4                PVD_IRQHandler
                0x0000000008002dc4                I2C1_IRQHandler
                0x0000000008002dc4                RCC_CRS_IRQHandler
                0x0000000008002dc4                SPI1_IRQHandler
                0x0000000008002dc4                TIM6_DAC_IRQHandler
                0x0000000008002dc4                EXTI2_3_IRQHandler
                0x0000000008002dc4                I2C2_IRQHandler
                0x0000000008002dc4                TIM17_IRQHandler
                0x0000000008002dc4                CEC_CAN_IRQHandler
                0x0000000008002dc4                RTC_IRQHandler
                0x0000000008002dc4                TIM16_IRQHandler
                0x0000000008002dc4                TIM3_IRQHandler
                0x0000000008002dc4                EXTI4_15_IRQHandler
                0x0000000008002dc4                DMA1_Channel1_IRQHandler
                0x0000000008002dc4                Default_Handler
                0x0000000008002dc4                TIM14_IRQHandler
                0x0000000008002dc4                DMA1_Channel4_5_IRQHandler
                0x0000000008002dc4                TIM15_IRQHandler
                0x0000000008002dc4                EXTI0_1_IRQHandler
                0x0000000008002dc4                SPI2_IRQHandler
                0x0000000008002dc4                WWDG_IRQHandler
                0x0000000008002dc4                TIM2_IRQHandler
                0x0000000008002dc4                DMA1_Channel2_3_IRQHandler
                0x0000000008002dc4                USART2_IRQHandler
                0x0000000008002dc4                FLASH_IRQHandler
                0x0000000008002dc4                USART1_IRQHandler
                0x0000000008002dc4                TIM1_BRK_UP_TRG_COM_IRQHandler
 *fill*         0x0000000008002dc6        0x2 
 .text.__libc_init_array
                0x0000000008002dc8       0x48 /opt/st/stm32cubeide_1.0.2/plugins/com.st.stm32cube.ide.mcu.externaltools.gnu-tools-for-stm32.7-2018-q2-update.linux64_1.0.0.201904181610/tools/bin/../lib/gcc/arm-none-eabi/7.3.1/../../../../arm-none-eabi/lib/thumb/v6-m/libc_nano.a(lib_a-init.o)
                0x0000000008002dc8                __libc_init_array
 .text.memset   0x0000000008002e10       0x10 /opt/st/stm32cubeide_1.0.2/plugins/com.st.stm32cube.ide.mcu.externaltools.gnu-tools-for-stm32.7-2018-q2-update.linux64_1.0.0.201904181610/tools/bin/../lib/gcc/arm-none-eabi/7.3.1/../../../../arm-none-eabi/lib/thumb/v6-m/libc_nano.a(lib_a-memset.o)
                0x0000000008002e10                memset
 *(.glue_7)
 .glue_7        0x0000000008002e20        0x0 linker stubs
 *(.glue_7t)
 .glue_7t       0x0000000008002e20        0x0 linker stubs
 *(.eh_frame)
 .eh_frame      0x0000000008002e20        0x0 /opt/st/stm32cubeide_1.0.2/plugins/com.st.stm32cube.ide.mcu.externaltools.gnu-tools-for-stm32.7-2018-q2-update.linux64_1.0.0.201904181610/tools/bin/../lib/gcc/arm-none-eabi/7.3.1/thumb/v6-m/crtbegin.o
 *(.init)
 .init          0x0000000008002e20        0x4 /opt/st/stm32cubeide_1.0.2/plugins/com.st.stm32cube.ide.mcu.externaltools.gnu-tools-for-stm32.7-2018-q2-update.linux64_1.0.0.201904181610/tools/bin/../lib/gcc/arm-none-eabi/7.3.1/thumb/v6-m/crti.o
                0x0000000008002e20                _init
 .init          0x0000000008002e24        0x8 /opt/st/stm32cubeide_1.0.2/plugins/com.st.stm32cube.ide.mcu.externaltools.gnu-tools-for-stm32.7-2018-q2-update.linux64_1.0.0.201904181610/tools/bin/../lib/gcc/arm-none-eabi/7.3.1/thumb/v6-m/crtn.o
 *(.fini)
 .fini          0x0000000008002e2c        0x4 /opt/st/stm32cubeide_1.0.2/plugins/com.st.stm32cube.ide.mcu.externaltools.gnu-tools-for-stm32.7-2018-q2-update.linux64_1.0.0.201904181610/tools/bin/../lib/gcc/arm-none-eabi/7.3.1/thumb/v6-m/crti.o
                0x0000000008002e2c                _fini
 .fini          0x0000000008002e30        0x8 /opt/st/stm32cubeide_1.0.2/plugins/com.st.stm32cube.ide.mcu.externaltools.gnu-tools-for-stm32.7-2018-q2-update.linux64_1.0.0.201904181610/tools/bin/../lib/gcc/arm-none-eabi/7.3.1/thumb/v6-m/crtn.o
                0x0000000008002e38                . = ALIGN (0x4)
                0x0000000008002e38                _etext = .

.vfp11_veneer   0x0000000008002e38        0x0
 .vfp11_veneer  0x0000000008002e38        0x0 linker stubs

.v4_bx          0x0000000008002e38        0x0
 .v4_bx         0x0000000008002e38        0x0 linker stubs

.iplt           0x0000000008002e38        0x0
 .iplt          0x0000000008002e38        0x0 /opt/st/stm32cubeide_1.0.2/plugins/com.st.stm32cube.ide.mcu.externaltools.gnu-tools-for-stm32.7-2018-q2-update.linux64_1.0.0.201904181610/tools/bin/../lib/gcc/arm-none-eabi/7.3.1/thumb/v6-m/crtbegin.o

.rodata         0x0000000008002e38       0x80
                0x0000000008002e38                . = ALIGN (0x4)
 *(.rodata)
 .rodata        0x0000000008002e38       0x20 Drivers/STM32F0xx_HAL_Driver/Src/stm32f0xx_hal_rcc.o
 .rodata        0x0000000008002e58       0x45 Src/main.o
 *(.rodata*)
 *fill*         0x0000000008002e9d        0x3 
 .rodata.AHBPrescTable
                0x0000000008002ea0       0x10 Src/system_stm32f0xx.o
                0x0000000008002ea0                AHBPrescTable
 .rodata.APBPrescTable
                0x0000000008002eb0        0x8 Src/system_stm32f0xx.o
                0x0000000008002eb0                APBPrescTable
                0x0000000008002eb8                . = ALIGN (0x4)

.rel.dyn        0x0000000008002eb8        0x0
 .rel.iplt      0x0000000008002eb8        0x0 /opt/st/stm32cubeide_1.0.2/plugins/com.st.stm32cube.ide.mcu.externaltools.gnu-tools-for-stm32.7-2018-q2-update.linux64_1.0.0.201904181610/tools/bin/../lib/gcc/arm-none-eabi/7.3.1/thumb/v6-m/crtbegin.o

.ARM.extab      0x0000000008002eb8        0x0
                0x0000000008002eb8                . = ALIGN (0x4)
 *(.ARM.extab* .gnu.linkonce.armextab.*)
                0x0000000008002eb8                . = ALIGN (0x4)

.ARM            0x0000000008002eb8        0x0
                0x0000000008002eb8                . = ALIGN (0x4)
                0x0000000008002eb8                __exidx_start = .
 *(.ARM.exidx*)
                0x0000000008002eb8                __exidx_end = .
                0x0000000008002eb8                . = ALIGN (0x4)

.preinit_array  0x0000000008002eb8        0x0
                0x0000000008002eb8                . = ALIGN (0x4)
                0x0000000008002eb8                PROVIDE (__preinit_array_start = .)
 *(.preinit_array*)
                0x0000000008002eb8                PROVIDE (__preinit_array_end = .)
                0x0000000008002eb8                . = ALIGN (0x4)

.init_array     0x0000000008002eb8        0x4
                0x0000000008002eb8                . = ALIGN (0x4)
                0x0000000008002eb8                PROVIDE (__init_array_start = .)
 *(SORT_BY_NAME(.init_array.*))
 *(.init_array*)
 .init_array    0x0000000008002eb8        0x4 /opt/st/stm32cubeide_1.0.2/plugins/com.st.stm32cube.ide.mcu.externaltools.gnu-tools-for-stm32.7-2018-q2-update.linux64_1.0.0.201904181610/tools/bin/../lib/gcc/arm-none-eabi/7.3.1/thumb/v6-m/crtbegin.o
                0x0000000008002ebc                PROVIDE (__init_array_end = .)
                0x0000000008002ebc                . = ALIGN (0x4)

.fini_array     0x0000000008002ebc        0x4
                0x0000000008002ebc                . = ALIGN (0x4)
                [!provide]                        PROVIDE (__fini_array_start = .)
 *(SORT_BY_NAME(.fini_array.*))
 *(.fini_array*)
 .fini_array    0x0000000008002ebc        0x4 /opt/st/stm32cubeide_1.0.2/plugins/com.st.stm32cube.ide.mcu.externaltools.gnu-tools-for-stm32.7-2018-q2-update.linux64_1.0.0.201904181610/tools/bin/../lib/gcc/arm-none-eabi/7.3.1/thumb/v6-m/crtbegin.o
                [!provide]                        PROVIDE (__fini_array_end = .)
                0x0000000008002ec0                . = ALIGN (0x4)
                0x0000000008002ec0                _sidata = LOADADDR (.data)

.data           0x0000000020000000       0x1c load address 0x0000000008002ec0
                0x0000000020000000                . = ALIGN (0x4)
                0x0000000020000000                _sdata = .
 *(.data)
 *(.data*)
 .data.SystemCoreClock
                0x0000000020000000        0x4 Src/system_stm32f0xx.o
                0x0000000020000000                SystemCoreClock
 .data.Stat     0x0000000020000004        0x1 Src/user_diskio.o
 *fill*         0x0000000020000005        0x3 
 .data.USER_Driver
                0x0000000020000008       0x14 Src/user_diskio.o
                0x0000000020000008                USER_Driver
                0x000000002000001c                . = ALIGN (0x4)
                0x000000002000001c                _edata = .

.igot.plt       0x000000002000001c        0x0 load address 0x0000000008002edc
 .igot.plt      0x000000002000001c        0x0 /opt/st/stm32cubeide_1.0.2/plugins/com.st.stm32cube.ide.mcu.externaltools.gnu-tools-for-stm32.7-2018-q2-update.linux64_1.0.0.201904181610/tools/bin/../lib/gcc/arm-none-eabi/7.3.1/thumb/v6-m/crtbegin.o
                0x000000002000001c                . = ALIGN (0x4)

.bss            0x000000002000001c     0x4604 load address 0x0000000008002edc
                0x000000002000001c                _sbss = .
                0x000000002000001c                __bss_start__ = _sbss
 *(.bss)
 .bss           0x000000002000001c       0x1c /opt/st/stm32cubeide_1.0.2/plugins/com.st.stm32cube.ide.mcu.externaltools.gnu-tools-for-stm32.7-2018-q2-update.linux64_1.0.0.201904181610/tools/bin/../lib/gcc/arm-none-eabi/7.3.1/thumb/v6-m/crtbegin.o
 *(.bss*)
 .bss.FatFs     0x0000000020000038        0x4 Middlewares/Third_Party/FatFs/src/ff.o
 .bss.Fsid      0x000000002000003c        0x2 Middlewares/Third_Party/FatFs/src/ff.o
 *fill*         0x000000002000003e        0x2 
 .bss.Files     0x0000000020000040       0x18 Middlewares/Third_Party/FatFs/src/ff.o
 .bss.disk      0x0000000020000058        0xc Middlewares/Third_Party/FatFs/src/ff_gen_drv.o
                0x0000000020000058                disk
 .bss.FatFsCnt  0x0000000020000064        0x1 Src/stm32f0xx_it.o
                0x0000000020000064                FatFsCnt
 *(COMMON)
 *fill*         0x0000000020000065        0x3 
 COMMON         0x0000000020000068        0x4 Drivers/STM32F0xx_HAL_Driver/Src/stm32f0xx_hal.o
                0x0000000020000068                uwTick
 COMMON         0x000000002000006c     0x2064 Src/fatfs.o
                0x000000002000006c                USERPath
                0x0000000020000070                retUSER
                0x0000000020000074                USERFile
                0x00000000200010a0                USERFatFS
 COMMON         0x00000000200020d0     0x254c Src/main.o
                0x00000000200020d0                fre_clust
                0x00000000200020d4                fs
                0x0000000020003104                br
                0x0000000020003108                free_space
                0x000000002000310c                huart1
                0x000000002000317c                buffer
                0x000000002000357c                bw
                0x0000000020003580                pfs
                0x0000000020003584                fresult
                0x0000000020003588                hspi1
                0x00000000200035ec                total
                0x00000000200035f0                fil
 COMMON         0x000000002000461c        0x2 Src/stm32f0xx_it.o
                0x000000002000461c                Timer2
                0x000000002000461d                Timer1
                0x0000000020004620                . = ALIGN (0x4)
 *fill*         0x000000002000461e        0x2 
                0x0000000020004620                _ebss = .
                0x0000000020004620                __bss_end__ = _ebss

._user_heap_stack
                0x0000000020004620      0x600 load address 0x0000000008002edc
                0x0000000020004620                . = ALIGN (0x8)
                0x0000000020004620                PROVIDE (end = .)
                [!provide]                        PROVIDE (_end = .)
                0x0000000020004820                . = (. + _Min_Heap_Size)
 *fill*         0x0000000020004620      0x200 
                0x0000000020004c20                . = (. + _Min_Stack_Size)
 *fill*         0x0000000020004820      0x400 
                0x0000000020004c20                . = ALIGN (0x8)

/DISCARD/
 libc.a(*)
 libm.a(*)
 libgcc.a(*)

.ARM.attributes
                0x0000000000000000       0x28
 *(.ARM.attributes)
 .ARM.attributes
                0x0000000000000000       0x1e /opt/st/stm32cubeide_1.0.2/plugins/com.st.stm32cube.ide.mcu.externaltools.gnu-tools-for-stm32.7-2018-q2-update.linux64_1.0.0.201904181610/tools/bin/../lib/gcc/arm-none-eabi/7.3.1/thumb/v6-m/crti.o
 .ARM.attributes
                0x000000000000001e       0x2c /opt/st/stm32cubeide_1.0.2/plugins/com.st.stm32cube.ide.mcu.externaltools.gnu-tools-for-stm32.7-2018-q2-update.linux64_1.0.0.201904181610/tools/bin/../lib/gcc/arm-none-eabi/7.3.1/thumb/v6-m/crtbegin.o
 .ARM.attributes
                0x000000000000004a       0x31 Drivers/STM32F0xx_HAL_Driver/Src/stm32f0xx_hal.o
 .ARM.attributes
                0x000000000000007b       0x31 Drivers/STM32F0xx_HAL_Driver/Src/stm32f0xx_hal_cortex.o
 .ARM.attributes
                0x00000000000000ac       0x31 Drivers/STM32F0xx_HAL_Driver/Src/stm32f0xx_hal_gpio.o
 .ARM.attributes
                0x00000000000000dd       0x31 Drivers/STM32F0xx_HAL_Driver/Src/stm32f0xx_hal_rcc.o
 .ARM.attributes
                0x000000000000010e       0x31 Drivers/STM32F0xx_HAL_Driver/Src/stm32f0xx_hal_rcc_ex.o
 .ARM.attributes
                0x000000000000013f       0x31 Drivers/STM32F0xx_HAL_Driver/Src/stm32f0xx_hal_spi.o
 .ARM.attributes
                0x0000000000000170       0x31 Drivers/STM32F0xx_HAL_Driver/Src/stm32f0xx_hal_uart.o
 .ARM.attributes
                0x00000000000001a1       0x31 Middlewares/Third_Party/FatFs/src/diskio.o
 .ARM.attributes
                0x00000000000001d2       0x31 Middlewares/Third_Party/FatFs/src/ff.o
 .ARM.attributes
                0x0000000000000203       0x31 Middlewares/Third_Party/FatFs/src/ff_gen_drv.o
 .ARM.attributes
                0x0000000000000234       0x31 Src/fatfs.o
 .ARM.attributes
                0x0000000000000265       0x31 Src/main.o
 .ARM.attributes
                0x0000000000000296       0x31 Src/stm32f0xx_hal_msp.o
 .ARM.attributes
                0x00000000000002c7       0x31 Src/stm32f0xx_it.o
 .ARM.attributes
                0x00000000000002f8       0x31 Src/system_stm32f0xx.o
 .ARM.attributes
                0x0000000000000329       0x31 Src/user_diskio.o
 .ARM.attributes
                0x000000000000035a       0x21 Startup/startup_stm32f051r8tx.o
 .ARM.attributes
                0x000000000000037b       0x2c /opt/st/stm32cubeide_1.0.2/plugins/com.st.stm32cube.ide.mcu.externaltools.gnu-tools-for-stm32.7-2018-q2-update.linux64_1.0.0.201904181610/tools/bin/../lib/gcc/arm-none-eabi/7.3.1/../../../../arm-none-eabi/lib/thumb/v6-m/libc_nano.a(lib_a-init.o)
 .ARM.attributes
                0x00000000000003a7       0x2c /opt/st/stm32cubeide_1.0.2/plugins/com.st.stm32cube.ide.mcu.externaltools.gnu-tools-for-stm32.7-2018-q2-update.linux64_1.0.0.201904181610/tools/bin/../lib/gcc/arm-none-eabi/7.3.1/../../../../arm-none-eabi/lib/thumb/v6-m/libc_nano.a(lib_a-memset.o)
 .ARM.attributes
                0x00000000000003d3       0x1c /opt/st/stm32cubeide_1.0.2/plugins/com.st.stm32cube.ide.mcu.externaltools.gnu-tools-for-stm32.7-2018-q2-update.linux64_1.0.0.201904181610/tools/bin/../lib/gcc/arm-none-eabi/7.3.1/../../../../arm-none-eabi/lib/thumb/v6-m/libc_nano.a(lib_a-strlen.o)
 .ARM.attributes
                0x00000000000003ef       0x1e /opt/st/stm32cubeide_1.0.2/plugins/com.st.stm32cube.ide.mcu.externaltools.gnu-tools-for-stm32.7-2018-q2-update.linux64_1.0.0.201904181610/tools/bin/../lib/gcc/arm-none-eabi/7.3.1/thumb/v6-m/libgcc.a(_udivsi3.o)
 .ARM.attributes
                0x000000000000040d       0x1e /opt/st/stm32cubeide_1.0.2/plugins/com.st.stm32cube.ide.mcu.externaltools.gnu-tools-for-stm32.7-2018-q2-update.linux64_1.0.0.201904181610/tools/bin/../lib/gcc/arm-none-eabi/7.3.1/thumb/v6-m/libgcc.a(_dvmd_tls.o)
 .ARM.attributes
                0x000000000000042b       0x1e /opt/st/stm32cubeide_1.0.2/plugins/com.st.stm32cube.ide.mcu.externaltools.gnu-tools-for-stm32.7-2018-q2-update.linux64_1.0.0.201904181610/tools/bin/../lib/gcc/arm-none-eabi/7.3.1/thumb/v6-m/crtn.o
OUTPUT(SD_Card_SPI.elf elf32-littlearm)

.debug_info     0x0000000000000000    0x11fbe
 .debug_info    0x0000000000000000      0xddb Drivers/STM32F0xx_HAL_Driver/Src/stm32f0xx_hal.o
 .debug_info    0x0000000000000ddb      0xf27 Drivers/STM32F0xx_HAL_Driver/Src/stm32f0xx_hal_cortex.o
 .debug_info    0x0000000000001d02      0xe52 Drivers/STM32F0xx_HAL_Driver/Src/stm32f0xx_hal_gpio.o
 .debug_info    0x0000000000002b54      0xf9b Drivers/STM32F0xx_HAL_Driver/Src/stm32f0xx_hal_rcc.o
 .debug_info    0x0000000000003aef      0xb95 Drivers/STM32F0xx_HAL_Driver/Src/stm32f0xx_hal_rcc_ex.o
 .debug_info    0x0000000000004684     0x1d84 Drivers/STM32F0xx_HAL_Driver/Src/stm32f0xx_hal_spi.o
 .debug_info    0x0000000000006408     0x1b51 Drivers/STM32F0xx_HAL_Driver/Src/stm32f0xx_hal_uart.o
 .debug_info    0x0000000000007f59      0xc4e Middlewares/Third_Party/FatFs/src/diskio.o
 .debug_info    0x0000000000008ba7     0x2c9b Middlewares/Third_Party/FatFs/src/ff.o
 .debug_info    0x000000000000b842      0xbe6 Middlewares/Third_Party/FatFs/src/ff_gen_drv.o
 .debug_info    0x000000000000c428      0xd2f Src/fatfs.o
 .debug_info    0x000000000000d157     0x1ad1 Src/main.o
 .debug_info    0x000000000000ec28     0x13c3 Src/stm32f0xx_hal_msp.o
 .debug_info    0x000000000000ffeb      0x9a3 Src/stm32f0xx_it.o
 .debug_info    0x000000000001098e      0xa60 Src/system_stm32f0xx.o
 .debug_info    0x00000000000113ee      0xbae Src/user_diskio.o
 .debug_info    0x0000000000011f9c       0x22 Startup/startup_stm32f051r8tx.o

.debug_abbrev   0x0000000000000000     0x2531
 .debug_abbrev  0x0000000000000000      0x26b Drivers/STM32F0xx_HAL_Driver/Src/stm32f0xx_hal.o
 .debug_abbrev  0x000000000000026b      0x314 Drivers/STM32F0xx_HAL_Driver/Src/stm32f0xx_hal_cortex.o
 .debug_abbrev  0x000000000000057f      0x251 Drivers/STM32F0xx_HAL_Driver/Src/stm32f0xx_hal_gpio.o
 .debug_abbrev  0x00000000000007d0      0x286 Drivers/STM32F0xx_HAL_Driver/Src/stm32f0xx_hal_rcc.o
 .debug_abbrev  0x0000000000000a56      0x228 Drivers/STM32F0xx_HAL_Driver/Src/stm32f0xx_hal_rcc_ex.o
 .debug_abbrev  0x0000000000000c7e      0x299 Drivers/STM32F0xx_HAL_Driver/Src/stm32f0xx_hal_spi.o
 .debug_abbrev  0x0000000000000f17      0x276 Drivers/STM32F0xx_HAL_Driver/Src/stm32f0xx_hal_uart.o
 .debug_abbrev  0x000000000000118d      0x209 Middlewares/Third_Party/FatFs/src/diskio.o
 .debug_abbrev  0x0000000000001396      0x2d4 Middlewares/Third_Party/FatFs/src/ff.o
 .debug_abbrev  0x000000000000166a      0x236 Middlewares/Third_Party/FatFs/src/ff_gen_drv.o
 .debug_abbrev  0x00000000000018a0      0x201 Src/fatfs.o
 .debug_abbrev  0x0000000000001aa1      0x31f Src/main.o
 .debug_abbrev  0x0000000000001dc0      0x1ee Src/stm32f0xx_hal_msp.o
 .debug_abbrev  0x0000000000001fae      0x1a4 Src/stm32f0xx_it.o
 .debug_abbrev  0x0000000000002152      0x1cd Src/system_stm32f0xx.o
 .debug_abbrev  0x000000000000231f      0x200 Src/user_diskio.o
 .debug_abbrev  0x000000000000251f       0x12 Startup/startup_stm32f051r8tx.o

.debug_aranges  0x0000000000000000      0xa68
 .debug_aranges
                0x0000000000000000       0xb8 Drivers/STM32F0xx_HAL_Driver/Src/stm32f0xx_hal.o
 .debug_aranges
                0x00000000000000b8       0xc0 Drivers/STM32F0xx_HAL_Driver/Src/stm32f0xx_hal_cortex.o
 .debug_aranges
                0x0000000000000178       0x58 Drivers/STM32F0xx_HAL_Driver/Src/stm32f0xx_hal_gpio.o
 .debug_aranges
                0x00000000000001d0       0x80 Drivers/STM32F0xx_HAL_Driver/Src/stm32f0xx_hal_rcc.o
 .debug_aranges
                0x0000000000000250       0x30 Drivers/STM32F0xx_HAL_Driver/Src/stm32f0xx_hal_rcc_ex.o
 .debug_aranges
                0x0000000000000280      0x1d8 Drivers/STM32F0xx_HAL_Driver/Src/stm32f0xx_hal_spi.o
 .debug_aranges
                0x0000000000000458      0x1d8 Drivers/STM32F0xx_HAL_Driver/Src/stm32f0xx_hal_uart.o
 .debug_aranges
                0x0000000000000630       0x48 Middlewares/Third_Party/FatFs/src/diskio.o
 .debug_aranges
                0x0000000000000678      0x210 Middlewares/Third_Party/FatFs/src/ff.o
 .debug_aranges
                0x0000000000000888       0x40 Middlewares/Third_Party/FatFs/src/ff_gen_drv.o
 .debug_aranges
                0x00000000000008c8       0x28 Src/fatfs.o
 .debug_aranges
                0x00000000000008f0       0x60 Src/main.o
 .debug_aranges
                0x0000000000000950       0x40 Src/stm32f0xx_hal_msp.o
 .debug_aranges
                0x0000000000000990       0x48 Src/stm32f0xx_it.o
 .debug_aranges
                0x00000000000009d8       0x28 Src/system_stm32f0xx.o
 .debug_aranges
                0x0000000000000a00       0x40 Src/user_diskio.o
 .debug_aranges
                0x0000000000000a40       0x28 Startup/startup_stm32f051r8tx.o

.debug_ranges   0x0000000000000000      0x960
 .debug_ranges  0x0000000000000000       0xa8 Drivers/STM32F0xx_HAL_Driver/Src/stm32f0xx_hal.o
 .debug_ranges  0x00000000000000a8       0xb0 Drivers/STM32F0xx_HAL_Driver/Src/stm32f0xx_hal_cortex.o
 .debug_ranges  0x0000000000000158       0x48 Drivers/STM32F0xx_HAL_Driver/Src/stm32f0xx_hal_gpio.o
 .debug_ranges  0x00000000000001a0       0x70 Drivers/STM32F0xx_HAL_Driver/Src/stm32f0xx_hal_rcc.o
 .debug_ranges  0x0000000000000210       0x20 Drivers/STM32F0xx_HAL_Driver/Src/stm32f0xx_hal_rcc_ex.o
 .debug_ranges  0x0000000000000230      0x1c8 Drivers/STM32F0xx_HAL_Driver/Src/stm32f0xx_hal_spi.o
 .debug_ranges  0x00000000000003f8      0x1c8 Drivers/STM32F0xx_HAL_Driver/Src/stm32f0xx_hal_uart.o
 .debug_ranges  0x00000000000005c0       0x38 Middlewares/Third_Party/FatFs/src/diskio.o
 .debug_ranges  0x00000000000005f8      0x200 Middlewares/Third_Party/FatFs/src/ff.o
 .debug_ranges  0x00000000000007f8       0x30 Middlewares/Third_Party/FatFs/src/ff_gen_drv.o
 .debug_ranges  0x0000000000000828       0x18 Src/fatfs.o
 .debug_ranges  0x0000000000000840       0x50 Src/main.o
 .debug_ranges  0x0000000000000890       0x30 Src/stm32f0xx_hal_msp.o
 .debug_ranges  0x00000000000008c0       0x38 Src/stm32f0xx_it.o
 .debug_ranges  0x00000000000008f8       0x18 Src/system_stm32f0xx.o
 .debug_ranges  0x0000000000000910       0x30 Src/user_diskio.o
 .debug_ranges  0x0000000000000940       0x20 Startup/startup_stm32f051r8tx.o

.debug_macro    0x0000000000000000    0x1062a
 .debug_macro   0x0000000000000000      0x32c Drivers/STM32F0xx_HAL_Driver/Src/stm32f0xx_hal.o
 .debug_macro   0x000000000000032c      0xa48 Drivers/STM32F0xx_HAL_Driver/Src/stm32f0xx_hal.o
 .debug_macro   0x0000000000000d74       0xb1 Drivers/STM32F0xx_HAL_Driver/Src/stm32f0xx_hal.o
 .debug_macro   0x0000000000000e25       0x2e Drivers/STM32F0xx_HAL_Driver/Src/stm32f0xx_hal.o
 .debug_macro   0x0000000000000e53       0x22 Drivers/STM32F0xx_HAL_Driver/Src/stm32f0xx_hal.o
 .debug_macro   0x0000000000000e75       0x22 Drivers/STM32F0xx_HAL_Driver/Src/stm32f0xx_hal.o
 .debug_macro   0x0000000000000e97       0x8e Drivers/STM32F0xx_HAL_Driver/Src/stm32f0xx_hal.o
 .debug_macro   0x0000000000000f25       0x51 Drivers/STM32F0xx_HAL_Driver/Src/stm32f0xx_hal.o
 .debug_macro   0x0000000000000f76       0xef Drivers/STM32F0xx_HAL_Driver/Src/stm32f0xx_hal.o
 .debug_macro   0x0000000000001065       0x6a Drivers/STM32F0xx_HAL_Driver/Src/stm32f0xx_hal.o
 .debug_macro   0x00000000000010cf      0x1df Drivers/STM32F0xx_HAL_Driver/Src/stm32f0xx_hal.o
 .debug_macro   0x00000000000012ae       0x34 Drivers/STM32F0xx_HAL_Driver/Src/stm32f0xx_hal.o
 .debug_macro   0x00000000000012e2       0x26 Drivers/STM32F0xx_HAL_Driver/Src/stm32f0xx_hal.o
 .debug_macro   0x0000000000001308      0x30d Drivers/STM32F0xx_HAL_Driver/Src/stm32f0xx_hal.o
 .debug_macro   0x0000000000001615     0x8d15 Drivers/STM32F0xx_HAL_Driver/Src/stm32f0xx_hal.o
 .debug_macro   0x000000000000a32a       0x3c Drivers/STM32F0xx_HAL_Driver/Src/stm32f0xx_hal.o
 .debug_macro   0x000000000000a366       0x46 Drivers/STM32F0xx_HAL_Driver/Src/stm32f0xx_hal.o
 .debug_macro   0x000000000000a3ac       0x18 Drivers/STM32F0xx_HAL_Driver/Src/stm32f0xx_hal.o
 .debug_macro   0x000000000000a3c4       0x3c Drivers/STM32F0xx_HAL_Driver/Src/stm32f0xx_hal.o
 .debug_macro   0x000000000000a400       0x34 Drivers/STM32F0xx_HAL_Driver/Src/stm32f0xx_hal.o
 .debug_macro   0x000000000000a434       0x16 Drivers/STM32F0xx_HAL_Driver/Src/stm32f0xx_hal.o
 .debug_macro   0x000000000000a44a       0x97 Drivers/STM32F0xx_HAL_Driver/Src/stm32f0xx_hal.o
 .debug_macro   0x000000000000a4e1      0x330 Drivers/STM32F0xx_HAL_Driver/Src/stm32f0xx_hal.o
 .debug_macro   0x000000000000a811       0xfd Drivers/STM32F0xx_HAL_Driver/Src/stm32f0xx_hal.o
 .debug_macro   0x000000000000a90e       0x10 Drivers/STM32F0xx_HAL_Driver/Src/stm32f0xx_hal.o
 .debug_macro   0x000000000000a91e       0x52 Drivers/STM32F0xx_HAL_Driver/Src/stm32f0xx_hal.o
 .debug_macro   0x000000000000a970       0x1f Drivers/STM32F0xx_HAL_Driver/Src/stm32f0xx_hal.o
 .debug_macro   0x000000000000a98f       0x43 Drivers/STM32F0xx_HAL_Driver/Src/stm32f0xx_hal.o
 .debug_macro   0x000000000000a9d2       0x20 Drivers/STM32F0xx_HAL_Driver/Src/stm32f0xx_hal.o
 .debug_macro   0x000000000000a9f2      0x1a3 Drivers/STM32F0xx_HAL_Driver/Src/stm32f0xx_hal.o
 .debug_macro   0x000000000000ab95       0x10 Drivers/STM32F0xx_HAL_Driver/Src/stm32f0xx_hal.o
 .debug_macro   0x000000000000aba5       0x1c Drivers/STM32F0xx_HAL_Driver/Src/stm32f0xx_hal.o
 .debug_macro   0x000000000000abc1       0x52 Drivers/STM32F0xx_HAL_Driver/Src/stm32f0xx_hal.o
 .debug_macro   0x000000000000ac13       0x40 Drivers/STM32F0xx_HAL_Driver/Src/stm32f0xx_hal.o
 .debug_macro   0x000000000000ac53       0x10 Drivers/STM32F0xx_HAL_Driver/Src/stm32f0xx_hal.o
 .debug_macro   0x000000000000ac63       0x40 Drivers/STM32F0xx_HAL_Driver/Src/stm32f0xx_hal.o
 .debug_macro   0x000000000000aca3       0xd7 Drivers/STM32F0xx_HAL_Driver/Src/stm32f0xx_hal.o
 .debug_macro   0x000000000000ad7a       0x1c Drivers/STM32F0xx_HAL_Driver/Src/stm32f0xx_hal.o
 .debug_macro   0x000000000000ad96       0x3d Drivers/STM32F0xx_HAL_Driver/Src/stm32f0xx_hal.o
 .debug_macro   0x000000000000add3       0x16 Drivers/STM32F0xx_HAL_Driver/Src/stm32f0xx_hal.o
 .debug_macro   0x000000000000ade9      0x145 Drivers/STM32F0xx_HAL_Driver/Src/stm32f0xx_hal.o
 .debug_macro   0x000000000000af2e       0x50 Drivers/STM32F0xx_HAL_Driver/Src/stm32f0xx_hal.o
 .debug_macro   0x000000000000af7e      0x92f Drivers/STM32F0xx_HAL_Driver/Src/stm32f0xx_hal.o
 .debug_macro   0x000000000000b8ad      0x252 Drivers/STM32F0xx_HAL_Driver/Src/stm32f0xx_hal.o
 .debug_macro   0x000000000000baff      0x13a Drivers/STM32F0xx_HAL_Driver/Src/stm32f0xx_hal.o
 .debug_macro   0x000000000000bc39      0x114 Drivers/STM32F0xx_HAL_Driver/Src/stm32f0xx_hal.o
 .debug_macro   0x000000000000bd4d      0x1ed Drivers/STM32F0xx_HAL_Driver/Src/stm32f0xx_hal.o
 .debug_macro   0x000000000000bf3a       0x34 Drivers/STM32F0xx_HAL_Driver/Src/stm32f0xx_hal.o
 .debug_macro   0x000000000000bf6e       0x43 Drivers/STM32F0xx_HAL_Driver/Src/stm32f0xx_hal.o
 .debug_macro   0x000000000000bfb1       0x28 Drivers/STM32F0xx_HAL_Driver/Src/stm32f0xx_hal.o
 .debug_macro   0x000000000000bfd9       0xb6 Drivers/STM32F0xx_HAL_Driver/Src/stm32f0xx_hal.o
 .debug_macro   0x000000000000c08f      0x199 Drivers/STM32F0xx_HAL_Driver/Src/stm32f0xx_hal.o
 .debug_macro   0x000000000000c228      0x202 Drivers/STM32F0xx_HAL_Driver/Src/stm32f0xx_hal.o
 .debug_macro   0x000000000000c42a       0x61 Drivers/STM32F0xx_HAL_Driver/Src/stm32f0xx_hal.o
 .debug_macro   0x000000000000c48b       0x90 Drivers/STM32F0xx_HAL_Driver/Src/stm32f0xx_hal.o
 .debug_macro   0x000000000000c51b       0x4d Drivers/STM32F0xx_HAL_Driver/Src/stm32f0xx_hal.o
 .debug_macro   0x000000000000c568      0x114 Drivers/STM32F0xx_HAL_Driver/Src/stm32f0xx_hal.o
 .debug_macro   0x000000000000c67c      0x2f0 Drivers/STM32F0xx_HAL_Driver/Src/stm32f0xx_hal.o
 .debug_macro   0x000000000000c96c      0x38a Drivers/STM32F0xx_HAL_Driver/Src/stm32f0xx_hal.o
 .debug_macro   0x000000000000ccf6      0x1f7 Drivers/STM32F0xx_HAL_Driver/Src/stm32f0xx_hal.o
 .debug_macro   0x000000000000ceed      0x10d Drivers/STM32F0xx_HAL_Driver/Src/stm32f0xx_hal.o
 .debug_macro   0x000000000000cffa      0x308 Drivers/STM32F0xx_HAL_Driver/Src/stm32f0xx_hal_cortex.o
 .debug_macro   0x000000000000d302      0x340 Drivers/STM32F0xx_HAL_Driver/Src/stm32f0xx_hal_gpio.o
 .debug_macro   0x000000000000d642      0x31a Drivers/STM32F0xx_HAL_Driver/Src/stm32f0xx_hal_rcc.o
 .debug_macro   0x000000000000d95c      0x308 Drivers/STM32F0xx_HAL_Driver/Src/stm32f0xx_hal_rcc_ex.o
 .debug_macro   0x000000000000dc64      0x310 Drivers/STM32F0xx_HAL_Driver/Src/stm32f0xx_hal_spi.o
 .debug_macro   0x000000000000df74      0x310 Drivers/STM32F0xx_HAL_Driver/Src/stm32f0xx_hal_uart.o
 .debug_macro   0x000000000000e284      0x357 Middlewares/Third_Party/FatFs/src/diskio.o
 .debug_macro   0x000000000000e5db       0x16 Middlewares/Third_Party/FatFs/src/diskio.o
 .debug_macro   0x000000000000e5f1       0x7c Middlewares/Third_Party/FatFs/src/diskio.o
 .debug_macro   0x000000000000e66d       0x10 Middlewares/Third_Party/FatFs/src/diskio.o
 .debug_macro   0x000000000000e67d       0xd8 Middlewares/Third_Party/FatFs/src/diskio.o
 .debug_macro   0x000000000000e755       0xee Middlewares/Third_Party/FatFs/src/diskio.o
 .debug_macro   0x000000000000e843      0x59e Middlewares/Third_Party/FatFs/src/ff.o
 .debug_macro   0x000000000000ede1       0x8e Middlewares/Third_Party/FatFs/src/ff.o
 .debug_macro   0x000000000000ee6f       0x4c Middlewares/Third_Party/FatFs/src/ff.o
 .debug_macro   0x000000000000eebb      0x357 Middlewares/Third_Party/FatFs/src/ff_gen_drv.o
 .debug_macro   0x000000000000f212      0x36a Src/fatfs.o
 .debug_macro   0x000000000000f57c      0x3a7 Src/main.o
 .debug_macro   0x000000000000f923       0x16 Src/main.o
 .debug_macro   0x000000000000f939       0x20 Src/main.o
 .debug_macro   0x000000000000f959      0x317 Src/stm32f0xx_hal_msp.o
 .debug_macro   0x000000000000fc70      0x321 Src/stm32f0xx_it.o
 .debug_macro   0x000000000000ff91      0x308 Src/system_stm32f0xx.o
 .debug_macro   0x0000000000010299      0x381 Src/user_diskio.o
 .debug_macro   0x000000000001061a       0x10 Src/user_diskio.o

.debug_line     0x0000000000000000     0xb909
 .debug_line    0x0000000000000000      0x997 Drivers/STM32F0xx_HAL_Driver/Src/stm32f0xx_hal.o
 .debug_line    0x0000000000000997      0x9e9 Drivers/STM32F0xx_HAL_Driver/Src/stm32f0xx_hal_cortex.o
 .debug_line    0x0000000000001380      0x99d Drivers/STM32F0xx_HAL_Driver/Src/stm32f0xx_hal_gpio.o
 .debug_line    0x0000000000001d1d      0xa77 Drivers/STM32F0xx_HAL_Driver/Src/stm32f0xx_hal_rcc.o
 .debug_line    0x0000000000002794      0x918 Drivers/STM32F0xx_HAL_Driver/Src/stm32f0xx_hal_rcc_ex.o
 .debug_line    0x00000000000030ac     0x1291 Drivers/STM32F0xx_HAL_Driver/Src/stm32f0xx_hal_spi.o
 .debug_line    0x000000000000433d     0x118d Drivers/STM32F0xx_HAL_Driver/Src/stm32f0xx_hal_uart.o
 .debug_line    0x00000000000054ca      0x8d3 Middlewares/Third_Party/FatFs/src/diskio.o
 .debug_line    0x0000000000005d9d     0x1d6c Middlewares/Third_Party/FatFs/src/ff.o
 .debug_line    0x0000000000007b09      0x8cd Middlewares/Third_Party/FatFs/src/ff_gen_drv.o
 .debug_line    0x00000000000083d6      0x89f Src/fatfs.o
 .debug_line    0x0000000000008c75      0x9cd Src/main.o
 .debug_line    0x0000000000009642      0x87c Src/stm32f0xx_hal_msp.o
 .debug_line    0x0000000000009ebe      0x88b Src/stm32f0xx_it.o
 .debug_line    0x000000000000a749      0x845 Src/system_stm32f0xx.o
 .debug_line    0x000000000000af8e      0x8f6 Src/user_diskio.o
 .debug_line    0x000000000000b884       0x85 Startup/startup_stm32f051r8tx.o

.debug_str      0x0000000000000000    0x51e54
 .debug_str     0x0000000000000000    0x4e7cc Drivers/STM32F0xx_HAL_Driver/Src/stm32f0xx_hal.o
                                      0x4eaf0 (size before relaxing)
 .debug_str     0x000000000004e7cc      0x220 Drivers/STM32F0xx_HAL_Driver/Src/stm32f0xx_hal_cortex.o
                                      0x4e9da (size before relaxing)
 .debug_str     0x000000000004e9ec      0x294 Drivers/STM32F0xx_HAL_Driver/Src/stm32f0xx_hal_gpio.o
                                      0x4e89a (size before relaxing)
 .debug_str     0x000000000004ec80      0x345 Drivers/STM32F0xx_HAL_Driver/Src/stm32f0xx_hal_rcc.o
                                      0x4e9d7 (size before relaxing)
 .debug_str     0x000000000004efc5      0x139 Drivers/STM32F0xx_HAL_Driver/Src/stm32f0xx_hal_rcc_ex.o
                                      0x4e746 (size before relaxing)
 .debug_str     0x000000000004f0fe      0x8fe Drivers/STM32F0xx_HAL_Driver/Src/stm32f0xx_hal_spi.o
                                      0x4eef7 (size before relaxing)
 .debug_str     0x000000000004f9fc      0x881 Drivers/STM32F0xx_HAL_Driver/Src/stm32f0xx_hal_uart.o
                                      0x4f12b (size before relaxing)
 .debug_str     0x000000000005027d      0x8ab Middlewares/Third_Party/FatFs/src/diskio.o
                                      0x4ee01 (size before relaxing)
 .debug_str     0x0000000000050b28      0xe4b Middlewares/Third_Party/FatFs/src/ff.o
                                      0x4fc37 (size before relaxing)
 .debug_str     0x0000000000051973       0xa2 Middlewares/Third_Party/FatFs/src/ff_gen_drv.o
                                      0x4ee52 (size before relaxing)
 .debug_str     0x0000000000051a15       0x69 Src/fatfs.o
                                      0x4eec4 (size before relaxing)
 .debug_str     0x0000000000051a7e      0x242 Src/main.o
                                      0x4faae (size before relaxing)
 .debug_str     0x0000000000051cc0       0x1b Src/stm32f0xx_hal_msp.o
                                      0x4ecc6 (size before relaxing)
 .debug_str     0x0000000000051cdb       0x98 Src/stm32f0xx_it.o
                                      0x4e613 (size before relaxing)
 .debug_str     0x0000000000051d73       0x5a Src/system_stm32f0xx.o
                                      0x4e5f3 (size before relaxing)
 .debug_str     0x0000000000051dcd       0x56 Src/user_diskio.o
                                      0x4ee75 (size before relaxing)
 .debug_str     0x0000000000051e23       0x31 Startup/startup_stm32f051r8tx.o
                                         0x60 (size before relaxing)

.comment        0x0000000000000000       0x7b
 .comment       0x0000000000000000       0x7b Drivers/STM32F0xx_HAL_Driver/Src/stm32f0xx_hal.o
                                         0x7c (size before relaxing)
 .comment       0x000000000000007b       0x7c Drivers/STM32F0xx_HAL_Driver/Src/stm32f0xx_hal_cortex.o
 .comment       0x000000000000007b       0x7c Drivers/STM32F0xx_HAL_Driver/Src/stm32f0xx_hal_gpio.o
 .comment       0x000000000000007b       0x7c Drivers/STM32F0xx_HAL_Driver/Src/stm32f0xx_hal_rcc.o
 .comment       0x000000000000007b       0x7c Drivers/STM32F0xx_HAL_Driver/Src/stm32f0xx_hal_rcc_ex.o
 .comment       0x000000000000007b       0x7c Drivers/STM32F0xx_HAL_Driver/Src/stm32f0xx_hal_spi.o
 .comment       0x000000000000007b       0x7c Drivers/STM32F0xx_HAL_Driver/Src/stm32f0xx_hal_uart.o
 .comment       0x000000000000007b       0x7c Middlewares/Third_Party/FatFs/src/diskio.o
 .comment       0x000000000000007b       0x7c Middlewares/Third_Party/FatFs/src/ff.o
 .comment       0x000000000000007b       0x7c Middlewares/Third_Party/FatFs/src/ff_gen_drv.o
 .comment       0x000000000000007b       0x7c Src/fatfs.o
 .comment       0x000000000000007b       0x7c Src/main.o
 .comment       0x000000000000007b       0x7c Src/stm32f0xx_hal_msp.o
 .comment       0x000000000000007b       0x7c Src/stm32f0xx_it.o
 .comment       0x000000000000007b       0x7c Src/system_stm32f0xx.o
 .comment       0x000000000000007b       0x7c Src/user_diskio.o

.debug_frame    0x0000000000000000     0x2458
 .debug_frame   0x0000000000000000      0x248 Drivers/STM32F0xx_HAL_Driver/Src/stm32f0xx_hal.o
 .debug_frame   0x0000000000000248      0x2a0 Drivers/STM32F0xx_HAL_Driver/Src/stm32f0xx_hal_cortex.o
 .debug_frame   0x00000000000004e8      0x110 Drivers/STM32F0xx_HAL_Driver/Src/stm32f0xx_hal_gpio.o
 .debug_frame   0x00000000000005f8      0x194 Drivers/STM32F0xx_HAL_Driver/Src/stm32f0xx_hal_rcc.o
 .debug_frame   0x000000000000078c       0x70 Drivers/STM32F0xx_HAL_Driver/Src/stm32f0xx_hal_rcc_ex.o
 .debug_frame   0x00000000000007fc      0x710 Drivers/STM32F0xx_HAL_Driver/Src/stm32f0xx_hal_spi.o
 .debug_frame   0x0000000000000f0c      0x710 Drivers/STM32F0xx_HAL_Driver/Src/stm32f0xx_hal_uart.o
 .debug_frame   0x000000000000161c       0xdc Middlewares/Third_Party/FatFs/src/diskio.o
 .debug_frame   0x00000000000016f8      0x87c Middlewares/Third_Party/FatFs/src/ff.o
 .debug_frame   0x0000000000001f74       0xac Middlewares/Third_Party/FatFs/src/ff_gen_drv.o
 .debug_frame   0x0000000000002020       0x48 Src/fatfs.o
 .debug_frame   0x0000000000002068      0x120 Src/main.o
 .debug_frame   0x0000000000002188       0xb0 Src/stm32f0xx_hal_msp.o
 .debug_frame   0x0000000000002238       0xb8 Src/stm32f0xx_it.o
 .debug_frame   0x00000000000022f0       0x4c Src/system_stm32f0xx.o
 .debug_frame   0x000000000000233c       0xb0 Src/user_diskio.o
 .debug_frame   0x00000000000023ec       0x2c /opt/st/stm32cubeide_1.0.2/plugins/com.st.stm32cube.ide.mcu.externaltools.gnu-tools-for-stm32.7-2018-q2-update.linux64_1.0.0.201904181610/tools/bin/../lib/gcc/arm-none-eabi/7.3.1/../../../../arm-none-eabi/lib/thumb/v6-m/libc_nano.a(lib_a-init.o)
 .debug_frame   0x0000000000002418       0x20 /opt/st/stm32cubeide_1.0.2/plugins/com.st.stm32cube.ide.mcu.externaltools.gnu-tools-for-stm32.7-2018-q2-update.linux64_1.0.0.201904181610/tools/bin/../lib/gcc/arm-none-eabi/7.3.1/../../../../arm-none-eabi/lib/thumb/v6-m/libc_nano.a(lib_a-memset.o)
 .debug_frame   0x0000000000002438       0x20 /opt/st/stm32cubeide_1.0.2/plugins/com.st.stm32cube.ide.mcu.externaltools.gnu-tools-for-stm32.7-2018-q2-update.linux64_1.0.0.201904181610/tools/bin/../lib/gcc/arm-none-eabi/7.3.1/thumb/v6-m/libgcc.a(_udivsi3.o)
