ff.c:570:13:ld_word	24	static
ff.c:579:14:ld_dword	24	static
ff.c:608:13:st_word	16	static
ff.c:614:13:st_dword	16	static
ff.c:644:13:mem_cpy	32	static
ff.c:658:13:mem_set	32	static
ff.c:669:12:mem_cmp	40	static
ff.c:683:12:chk_chr	16	static
ff.c:691:12:dbc_1st	16	static
ff.c:711:12:dbc_2nd	16	static
ff.c:1032:16:sync_window	24	static
ff.c:1054:16:move_window	24	static
ff.c:1085:16:sync_fs	24	static
ff.c:1122:14:clst2sect	16	static
ff.c:1139:14:get_fat	32	static
ff.c:1216:16:put_fat	48	static
ff.c:1406:16:remove_chain	40	static
ff.c:1501:14:create_chain	40	static
ff.c:1634:16:dir_clear	32	static
ff.c:1673:16:dir_sdi	32	static
ff.c:1721:16:dir_next	32	static
ff.c:1781:16:dir_alloc	32	static
ff.c:1823:14:ld_clust	24	static
ff.c:1840:13:st_clust	24	static
ff.c:2323:16:dir_read	32	static
ff.c:2401:16:dir_find	32	static
ff.c:2482:16:dir_register	24	static
ff.c:2588:16:dir_remove	24	static
ff.c:2634:13:get_fileinfo	32	static
ff.c:2816:16:create_name	48	static
ff.c:3013:16:follow_path	32	static
ff.c:3100:12:get_ldnumber	40	static
ff.c:3174:13:check_fs	16	static
ff.c:3201:16:find_volume	96	static
ff.c:3426:16:validate	24	static
ff.c:3470:9:f_mount	40	static
ff.c:3518:9:f_open	104	static
ff.c:3708:9:f_read	64	static
ff.c:3808:9:f_write	56	static
ff.c:3929:9:f_sync	32	static
ff.c:4010:9:f_close	24	static
ff.c:4046:9:f_chdrive	24	static
ff.c:4063:9:f_chdir	80	static
ff.c:4125:9:f_getcwd	112	static
ff.c:4224:9:f_lseek	40	static
ff.c:4385:9:f_opendir	24	static
ff.c:4451:9:f_closedir	24	static
ff.c:4481:9:f_readdir	24	static
ff.c:4569:9:f_stat	64	static
ff.c:4604:9:f_getfree	72	static
ff.c:4693:9:f_truncate	32	static
ff.c:4743:9:f_unlink	120	static
ff.c:4837:9:f_mkdir	88	static
ff.c:4925:9:f_rename	160	static
ff.c:5035:9:f_chmod	72	static
ff.c:5082:9:f_utime	72	static
ff.c:5129:9:f_getlabel	88	static
ff.c:5224:9:f_setlabel	104	static
ff.c:5505:9:f_mkfs	120	static
