Archive member included to satisfy reference by file (symbol)

/opt/st/stm32cubeide_1.0.2/plugins/com.st.stm32cube.ide.mcu.externaltools.gnu-tools-for-stm32.7-2018-q2-update.linux64_1.0.0.201904181610/tools/bin/../lib/gcc/arm-none-eabi/7.3.1/../../../../arm-none-eabi/lib/thumb/v6-m/libc_nano.a(lib_a-errno.o)
                              Src/syscalls.o (__errno)
/opt/st/stm32cubeide_1.0.2/plugins/com.st.stm32cube.ide.mcu.externaltools.gnu-tools-for-stm32.7-2018-q2-update.linux64_1.0.0.201904181610/tools/bin/../lib/gcc/arm-none-eabi/7.3.1/../../../../arm-none-eabi/lib/thumb/v6-m/libc_nano.a(lib_a-exit.o)
                              /opt/st/stm32cubeide_1.0.2/plugins/com.st.stm32cube.ide.mcu.externaltools.gnu-tools-for-stm32.7-2018-q2-update.linux64_1.0.0.201904181610/tools/bin/../lib/gcc/arm-none-eabi/7.3.1/../../../../arm-none-eabi/lib/thumb/v6-m/crt0.o (exit)
/opt/st/stm32cubeide_1.0.2/plugins/com.st.stm32cube.ide.mcu.externaltools.gnu-tools-for-stm32.7-2018-q2-update.linux64_1.0.0.201904181610/tools/bin/../lib/gcc/arm-none-eabi/7.3.1/../../../../arm-none-eabi/lib/thumb/v6-m/libc_nano.a(lib_a-impure.o)
                              /opt/st/stm32cubeide_1.0.2/plugins/com.st.stm32cube.ide.mcu.externaltools.gnu-tools-for-stm32.7-2018-q2-update.linux64_1.0.0.201904181610/tools/bin/../lib/gcc/arm-none-eabi/7.3.1/../../../../arm-none-eabi/lib/thumb/v6-m/libc_nano.a(lib_a-exit.o) (_global_impure_ptr)
/opt/st/stm32cubeide_1.0.2/plugins/com.st.stm32cube.ide.mcu.externaltools.gnu-tools-for-stm32.7-2018-q2-update.linux64_1.0.0.201904181610/tools/bin/../lib/gcc/arm-none-eabi/7.3.1/../../../../arm-none-eabi/lib/thumb/v6-m/libc_nano.a(lib_a-init.o)
                              /opt/st/stm32cubeide_1.0.2/plugins/com.st.stm32cube.ide.mcu.externaltools.gnu-tools-for-stm32.7-2018-q2-update.linux64_1.0.0.201904181610/tools/bin/../lib/gcc/arm-none-eabi/7.3.1/../../../../arm-none-eabi/lib/thumb/v6-m/crt0.o (__libc_init_array)
/opt/st/stm32cubeide_1.0.2/plugins/com.st.stm32cube.ide.mcu.externaltools.gnu-tools-for-stm32.7-2018-q2-update.linux64_1.0.0.201904181610/tools/bin/../lib/gcc/arm-none-eabi/7.3.1/../../../../arm-none-eabi/lib/thumb/v6-m/libc_nano.a(lib_a-memset.o)
                              /opt/st/stm32cubeide_1.0.2/plugins/com.st.stm32cube.ide.mcu.externaltools.gnu-tools-for-stm32.7-2018-q2-update.linux64_1.0.0.201904181610/tools/bin/../lib/gcc/arm-none-eabi/7.3.1/../../../../arm-none-eabi/lib/thumb/v6-m/crt0.o (memset)
/opt/st/stm32cubeide_1.0.2/plugins/com.st.stm32cube.ide.mcu.externaltools.gnu-tools-for-stm32.7-2018-q2-update.linux64_1.0.0.201904181610/tools/bin/../lib/gcc/arm-none-eabi/7.3.1/../../../../arm-none-eabi/lib/thumb/v6-m/libc_nano.a(lib_a-sprintf.o)
                              Src/main.o (sprintf)
/opt/st/stm32cubeide_1.0.2/plugins/com.st.stm32cube.ide.mcu.externaltools.gnu-tools-for-stm32.7-2018-q2-update.linux64_1.0.0.201904181610/tools/bin/../lib/gcc/arm-none-eabi/7.3.1/../../../../arm-none-eabi/lib/thumb/v6-m/libc_nano.a(lib_a-strlen.o)
                              Src/main.o (strlen)
/opt/st/stm32cubeide_1.0.2/plugins/com.st.stm32cube.ide.mcu.externaltools.gnu-tools-for-stm32.7-2018-q2-update.linux64_1.0.0.201904181610/tools/bin/../lib/gcc/arm-none-eabi/7.3.1/../../../../arm-none-eabi/lib/thumb/v6-m/libc_nano.a(lib_a-nano-svfprintf.o)
                              /opt/st/stm32cubeide_1.0.2/plugins/com.st.stm32cube.ide.mcu.externaltools.gnu-tools-for-stm32.7-2018-q2-update.linux64_1.0.0.201904181610/tools/bin/../lib/gcc/arm-none-eabi/7.3.1/../../../../arm-none-eabi/lib/thumb/v6-m/libc_nano.a(lib_a-sprintf.o) (_svfprintf_r)
/opt/st/stm32cubeide_1.0.2/plugins/com.st.stm32cube.ide.mcu.externaltools.gnu-tools-for-stm32.7-2018-q2-update.linux64_1.0.0.201904181610/tools/bin/../lib/gcc/arm-none-eabi/7.3.1/../../../../arm-none-eabi/lib/thumb/v6-m/libc_nano.a(lib_a-nano-vfprintf_i.o)
                              /opt/st/stm32cubeide_1.0.2/plugins/com.st.stm32cube.ide.mcu.externaltools.gnu-tools-for-stm32.7-2018-q2-update.linux64_1.0.0.201904181610/tools/bin/../lib/gcc/arm-none-eabi/7.3.1/../../../../arm-none-eabi/lib/thumb/v6-m/libc_nano.a(lib_a-nano-svfprintf.o) (_printf_i)
/opt/st/stm32cubeide_1.0.2/plugins/com.st.stm32cube.ide.mcu.externaltools.gnu-tools-for-stm32.7-2018-q2-update.linux64_1.0.0.201904181610/tools/bin/../lib/gcc/arm-none-eabi/7.3.1/../../../../arm-none-eabi/lib/thumb/v6-m/libc_nano.a(lib_a-memchr-stub.o)
                              /opt/st/stm32cubeide_1.0.2/plugins/com.st.stm32cube.ide.mcu.externaltools.gnu-tools-for-stm32.7-2018-q2-update.linux64_1.0.0.201904181610/tools/bin/../lib/gcc/arm-none-eabi/7.3.1/../../../../arm-none-eabi/lib/thumb/v6-m/libc_nano.a(lib_a-nano-svfprintf.o) (memchr)
/opt/st/stm32cubeide_1.0.2/plugins/com.st.stm32cube.ide.mcu.externaltools.gnu-tools-for-stm32.7-2018-q2-update.linux64_1.0.0.201904181610/tools/bin/../lib/gcc/arm-none-eabi/7.3.1/../../../../arm-none-eabi/lib/thumb/v6-m/libc_nano.a(lib_a-memcpy-stub.o)
[...]
Memory Configuration

Name             Origin             Length             Attributes
RAM              0x0000000020000000 0x0000000000002000 xrw
FLASH            0x0000000008000000 0x0000000000010000 xr
*default*        0x0000000000000000 0xffffffffffffffff

Linker script and memory map

LOAD /opt/st/stm32cubeide_1.0.2/plugins/com.st.stm32cube.ide.mcu.externaltools.gnu-tools-for-stm32.7-2018-q2-update.linux64_1.0.0.201904181610/tools/bin/../lib/gcc/arm-none-eabi/7.3.1/thumb/v6-m/crti.o
LOAD /opt/st/stm32cubeide_1.0.2/plugins/com.st.stm32cube.ide.mcu.externaltools.gnu-tools-for-stm32.7-2018-q2-update.linux64_1.0.0.201904181610/tools/bin/../lib/gcc/arm-none-eabi/7.3.1/thumb/v6-m/crtbegin.o
LOAD /opt/st/stm32cubeide_1.0.2/plugins/com.st.stm32cube.ide.mcu.externaltools.gnu-tools-for-stm32.7-2018-q2-update.linux64_1.0.0.201904181610/tools/bin/../lib/gcc/arm-none-eabi/7.3.1/../../../../arm-none-eabi/lib/thumb/v6-m/crt0.o
LOAD Drivers/STM32F0xx_HAL_Driver/Src/stm32f0xx_hal.o
LOAD Drivers/STM32F0xx_HAL_Driver/Src/stm32f0xx_hal_cortex.o
LOAD Drivers/STM32F0xx_HAL_Driver/Src/stm32f0xx_hal_dma.o
LOAD Drivers/STM32F0xx_HAL_Driver/Src/stm32f0xx_hal_flash.o
LOAD Drivers/STM32F0xx_HAL_Driver/Src/stm32f0xx_hal_flash_ex.o
LOAD Drivers/STM32F0xx_HAL_Driver/Src/stm32f0xx_hal_gpio.o
LOAD Drivers/STM32F0xx_HAL_Driver/Src/stm32f0xx_hal_i2c.o
LOAD Drivers/STM32F0xx_HAL_Driver/Src/stm32f0xx_hal_i2c_ex.o
LOAD Drivers/STM32F0xx_HAL_Driver/Src/stm32f0xx_hal_pwr.o
LOAD Drivers/STM32F0xx_HAL_Driver/Src/stm32f0xx_hal_pwr_ex.o
LOAD Drivers/STM32F0xx_HAL_Driver/Src/stm32f0xx_hal_rcc.o
LOAD Drivers/STM32F0xx_HAL_Driver/Src/stm32f0xx_hal_rcc_ex.o
LOAD Drivers/STM32F0xx_HAL_Driver/Src/stm32f0xx_hal_spi.o
LOAD Drivers/STM32F0xx_HAL_Driver/Src/stm32f0xx_hal_spi_ex.o
LOAD Drivers/STM32F0xx_HAL_Driver/Src/stm32f0xx_hal_tim.o
LOAD Drivers/STM32F0xx_HAL_Driver/Src/stm32f0xx_hal_tim_ex.o
LOAD Drivers/STM32F0xx_HAL_Driver/Src/stm32f0xx_hal_uart.o
LOAD Drivers/STM32F0xx_HAL_Driver/Src/stm32f0xx_hal_uart_ex.o
LOAD Middlewares/Third_Party/FatFs/src/diskio.o
LOAD Middlewares/Third_Party/FatFs/src/ff.o
LOAD Middlewares/Third_Party/FatFs/src/ff_gen_drv.o
LOAD Middlewares/Third_Party/FatFs/src/option/syscall.o
LOAD Src/fatfs.o
LOAD Src/fatfs_sd.o
LOAD Src/main.o
LOAD Src/stm32f0xx_hal_msp.o
LOAD Src/stm32f0xx_it.o
LOAD Src/syscalls.o
LOAD Src/sysmem.o
LOAD Src/system_stm32f0xx.o
LOAD Src/user_diskio.o
LOAD Startup/startup_stm32f051r8tx.o
START GROUP
LOAD /opt/st/stm32cubeide_1.0.2/plugins/com.st.stm32cube.ide.mcu.externaltools.gnu-tools-for-stm32.7-2018-q2-update.linux64_1.0.0.201904181610/tools/bin/../lib/gcc/arm-none-eabi/7.3.1/../../../../arm-none-eabi/lib/thumb/v6-m/libc_nano.a
LOAD /opt/st/stm32cubeide_1.0.2/plugins/com.st.stm32cube.ide.mcu.externaltools.gnu-tools-for-stm32.7-2018-q2-update.linux64_1.0.0.201904181610/tools/bin/../lib/gcc/arm-none-eabi/7.3.1/../../../../arm-none-eabi/lib/thumb/v6-m/libm.a
END GROUP
START GROUP
LOAD /opt/st/stm32cubeide_1.0.2/plugins/com.st.stm32cube.ide.mcu.externaltools.gnu-tools-for-stm32.7-2018-q2-update.linux64_1.0.0.201904181610/tools/bin/../lib/gcc/arm-none-eabi/7.3.1/thumb/v6-m/libgcc.a
LOAD /opt/st/stm32cubeide_1.0.2/plugins/com.st.stm32cube.ide.mcu.externaltools.gnu-tools-for-stm32.7-2018-q2-update.linux64_1.0.0.201904181610/tools/bin/../lib/gcc/arm-none-eabi/7.3.1/../../../../arm-none-eabi/lib/thumb/v6-m/libc_nano.a
END GROUP
START GROUP
LOAD /opt/st/stm32cubeide_1.0.2/plugins/com.st.stm32cube.ide.mcu.externaltools.gnu-tools-for-stm32.7-2018-q2-update.linux64_1.0.0.201904181610/tools/bin/../lib/gcc/arm-none-eabi/7.3.1/thumb/v6-m/libgcc.a
LOAD /opt/st/stm32cubeide_1.0.2/plugins/com.st.stm32cube.ide.mcu.externaltools.gnu-tools-for-stm32.7-2018-q2-update.linux64_1.0.0.201904181610/tools/bin/../lib/gcc/arm-none-eabi/7.3.1/../../../../arm-none-eabi/lib/thumb/v6-m/libc_nano.a
LOAD /opt/st/stm32cubeide_1.0.2/plugins/com.st.stm32cube.ide.mcu.externaltools.gnu-tools-for-stm32.7-2018-q2-update.linux64_1.0.0.201904181610/tools/bin/../lib/gcc/arm-none-eabi/7.3.1/../../../../arm-none-eabi/lib/thumb/v6-m/libnosys.a
END GROUP
START GROUP
LOAD /opt/st/stm32cubeide_1.0.2/plugins/com.st.stm32cube.ide.mcu.externaltools.gnu-tools-for-stm32.7-2018-q2-update.linux64_1.0.0.201904181610/tools/bin/../lib/gcc/arm-none-eabi/7.3.1/thumb/v6-m/libgcc.a
LOAD /opt/st/stm32cubeide_1.0.2/plugins/com.st.stm32cube.ide.mcu.externaltools.gnu-tools-for-stm32.7-2018-q2-update.linux64_1.0.0.201904181610/tools/bin/../lib/gcc/arm-none-eabi/7.3.1/../../../../arm-none-eabi/lib/thumb/v6-m/libc_nano.a
LOAD /opt/st/stm32cubeide_1.0.2/plugins/com.st.stm32cube.ide.mcu.externaltools.gnu-tools-for-stm32.7-2018-q2-update.linux64_1.0.0.201904181610/tools/bin/../lib/gcc/arm-none-eabi/7.3.1/../../../../arm-none-eabi/lib/thumb/v6-m/libnosys.a
END GROUP
LOAD /opt/st/stm32cubeide_1.0.2/plugins/com.st.stm32cube.ide.mcu.externaltools.gnu-tools-for-stm32.7-2018-q2-update.linux64_1.0.0.201904181610/tools/bin/../lib/gcc/arm-none-eabi/7.3.1/thumb/v6-m/crtend.o
LOAD /opt/st/stm32cubeide_1.0.2/plugins/com.st.stm32cube.ide.mcu.externaltools.gnu-tools-for-stm32.7-2018-q2-update.linux64_1.0.0.201904181610/tools/bin/../lib/gcc/arm-none-eabi/7.3.1/thumb/v6-m/crtn.o
                0x0000000020002000                _estack = 0x20002000
                0x0000000000000200                _Min_Heap_Size = 0x200
                0x0000000000000400                _Min_Stack_Size = 0x400

.isr_vector     0x0000000008000000       0xc0
                0x0000000008000000                . = ALIGN (0x4)
 *(.isr_vector)
 .isr_vector    0x0000000008000000       0xc0 Startup/startup_stm32f051r8tx.o
                0x0000000008000000                g_pfnVectors
                0x00000000080000c0                . = ALIGN (0x4)

.text           0x00000000080000c0     0x7f98
                0x00000000080000c0                . = ALIGN (0x4)
 *(.text)
 .text          0x00000000080000c0       0x48 /opt/st/stm32cubeide_1.0.2/plugins/com.st.stm32cube.ide.mcu.externaltools.gnu-tools-for-stm32.7-2018-q2-update.linux64_1.0.0.201904181610/tools/bin/../lib/gcc/arm-none-eabi/7.3.1/thumb/v6-m/crtbegin.o
 .text          0x0000000008000108        0xe /opt/st/stm32cubeide_1.0.2/plugins/com.st.stm32cube.ide.mcu.externaltools.gnu-tools-for-stm32.7-2018-q2-update.linux64_1.0.0.201904181610/tools/bin/../lib/gcc/arm-none-eabi/7.3.1/../../../../arm-none-eabi/lib/thumb/v6-m/libc_nano.a(lib_a-strlen.o)
                0x0000000008000108                strlen
 *fill*         0x0000000008000116        0x2 
 .text          0x0000000008000118      0x114 /opt/st/stm32cubeide_1.0.2/plugins/com.st.stm32cube.ide.mcu.externaltools.gnu-tools-for-stm32.7-2018-q2-update.linux64_1.0.0.201904181610/tools/bin/../lib/gcc/arm-none-eabi/7.3.1/thumb/v6-m/libgcc.a(_udivsi3.o)
                0x0000000008000118                __udivsi3
                0x0000000008000118                __aeabi_uidiv
                0x0000000008000224                __aeabi_uidivmod
 .text          0x000000000800022c        0x4 /opt/st/stm32cubeide_1.0.2/plugins/com.st.stm32cube.ide.mcu.externaltools.gnu-tools-for-stm32.7-2018-q2-update.linux64_1.0.0.201904181610/tools/bin/../lib/gcc/arm-none-eabi/7.3.1/thumb/v6-m/libgcc.a(_dvmd_tls.o)
                0x000000000800022c                __aeabi_ldiv0
                0x000000000800022c                __aeabi_idiv0
 .text          0x0000000008000230       0x3c /opt/st/stm32cubeide_1.0.2/plugins/com.st.stm32cube.ide.mcu.externaltools.gnu-tools-for-stm32.7-2018-q2-update.linux64_1.0.0.201904181610/tools/bin/../lib/gcc/arm-none-eabi/7.3.1/thumb/v6-m/libgcc.a(_fixunsdfsi.o)
                0x0000000008000230                __fixunsdfsi
                0x0000000008000230                __aeabi_d2uiz
 .text          0x000000000800026c      0x4e4 /opt/st/stm32cubeide_1.0.2/plugins/com.st.stm32cube.ide.mcu.externaltools.gnu-tools-for-stm32.7-2018-q2-update.linux64_1.0.0.201904181610/tools/bin/../lib/gcc/arm-none-eabi/7.3.1/thumb/v6-m/libgcc.a(muldf3.o)
                0x000000000800026c                __aeabi_dmul
 .text          0x0000000008000750      0x690 /opt/st/stm32cubeide_1.0.2/plugins/com.st.stm32cube.ide.mcu.externaltools.gnu-tools-for-stm32.7-2018-q2-update.linux64_1.0.0.201904181610/tools/bin/../lib/gcc/arm-none-eabi/7.3.1/thumb/v6-m/libgcc.a(subdf3.o)
                0x0000000008000750                __aeabi_dsub
 .text          0x0000000008000de0       0x6c /opt/st/stm32cubeide_1.0.2/plugins/com.st.stm32cube.ide.mcu.externaltools.gnu-tools-for-stm32.7-2018-q2-update.linux64_1.0.0.201904181610/tools/bin/../lib/gcc/arm-none-eabi/7.3.1/thumb/v6-m/libgcc.a(fixdfsi.o)
                0x0000000008000de0                __aeabi_d2iz
 .text          0x0000000008000e4c       0x64 /opt/st/stm32cubeide_1.0.2/plugins/com.st.stm32cube.ide.mcu.externaltools.gnu-tools-for-stm32.7-2018-q2-update.linux64_1.0.0.201904181610/tools/bin/../lib/gcc/arm-none-eabi/7.3.1/thumb/v6-m/libgcc.a(floatunsidf.o)
                0x0000000008000e4c                __aeabi_ui2d
 .text          0x0000000008000eb0       0x7c /opt/st/stm32cubeide_1.0.2/plugins/com.st.stm32cube.ide.mcu.externaltools.gnu-tools-for-stm32.7-2018-q2-update.linux64_1.0.0.201904181610/tools/bin/../lib/gcc/arm-none-eabi/7.3.1/thumb/v6-m/libgcc.a(_arm_cmpdf2.o)
                0x0000000008000eb0                __aeabi_cdrcmple
                0x0000000008000ec0                __aeabi_cdcmple
                0x0000000008000ec0                __aeabi_cdcmpeq
                0x0000000008000ed0                __aeabi_dcmpeq
                0x0000000008000edc                __aeabi_dcmplt
                0x0000000008000ef0                __aeabi_dcmple
                0x0000000008000f04                __aeabi_dcmpgt
                0x0000000008000f18                __aeabi_dcmpge
 .text          0x0000000008000f2c       0x3c /opt/st/stm32cubeide_1.0.2/plugins/com.st.stm32cube.ide.mcu.externaltools.gnu-tools-for-stm32.7-2018-q2-update.linux64_1.0.0.201904181610/tools/bin/../lib/gcc/arm-none-eabi/7.3.1/thumb/v6-m/libgcc.a(_clzsi2.o)
                0x0000000008000f2c                __clzsi2
 .text          0x0000000008000f68       0x78 /opt/st/stm32cubeide_1.0.2/plugins/com.st.stm32cube.ide.mcu.externaltools.gnu-tools-for-stm32.7-2018-q2-update.linux64_1.0.0.201904181610/tools/bin/../lib/gcc/arm-none-eabi/7.3.1/thumb/v6-m/libgcc.a(eqdf2.o)
                0x0000000008000f68                __eqdf2
                0x0000000008000f68                __nedf2
 .text          0x0000000008000fe0       0xc8 /opt/st/stm32cubeide_1.0.2/plugins/com.st.stm32cube.ide.mcu.externaltools.gnu-tools-for-stm32.7-2018-q2-update.linux64_1.0.0.201904181610/tools/bin/../lib/gcc/arm-none-eabi/7.3.1/thumb/v6-m/libgcc.a(gedf2.o)
                0x0000000008000fe0                __gtdf2
                0x0000000008000fe0                __gedf2
 .text          0x00000000080010a8       0xd0 /opt/st/stm32cubeide_1.0.2/plugins/com.st.stm32cube.ide.mcu.externaltools.gnu-tools-for-stm32.7-2018-q2-update.linux64_1.0.0.201904181610/tools/bin/../lib/gcc/arm-none-eabi/7.3.1/thumb/v6-m/libgcc.a(ledf2.o)
                0x00000000080010a8                __ltdf2
                0x00000000080010a8                __ledf2
 *(.text*)
 .text.HAL_Init
                0x0000000008001178       0x28 Drivers/STM32F0xx_HAL_Driver/Src/stm32f0xx_hal.o
                0x0000000008001178                HAL_Init
 .text.HAL_InitTick
                0x00000000080011a0       0x38 Drivers/STM32F0xx_HAL_Driver/Src/stm32f0xx_hal.o
                0x00000000080011a0                HAL_InitTick
 .text.HAL_IncTick
                0x00000000080011d8       0x18 Drivers/STM32F0xx_HAL_Driver/Src/stm32f0xx_hal.o
                0x00000000080011d8                HAL_IncTick
 .text.HAL_GetTick
                0x00000000080011f0       0x14 Drivers/STM32F0xx_HAL_Driver/Src/stm32f0xx_hal.o
                0x00000000080011f0                HAL_GetTick
 .text.HAL_Delay
                0x0000000008001204       0x3a Drivers/STM32F0xx_HAL_Driver/Src/stm32f0xx_hal.o
                0x0000000008001204                HAL_Delay
 *fill*         0x000000000800123e        0x2 
 .text.NVIC_SetPriority
                0x0000000008001240       0xdc Drivers/STM32F0xx_HAL_Driver/Src/stm32f0xx_hal_cortex.o
 .text.SysTick_Config
                0x000000000800131c       0x48 Drivers/STM32F0xx_HAL_Driver/Src/stm32f0xx_hal_cortex.o
 .text.HAL_NVIC_SetPriority
                0x0000000008001364       0x2a Drivers/STM32F0xx_HAL_Driver/Src/stm32f0xx_hal_cortex.o
                0x0000000008001364                HAL_NVIC_SetPriority
 .text.HAL_SYSTICK_Config
                0x000000000800138e       0x1a Drivers/STM32F0xx_HAL_Driver/Src/stm32f0xx_hal_cortex.o
                0x000000000800138e                HAL_SYSTICK_Config
 .text.HAL_GPIO_Init
                0x00000000080013a8      0x2e8 Drivers/STM32F0xx_HAL_Driver/Src/stm32f0xx_hal_gpio.o
                0x00000000080013a8                HAL_GPIO_Init
 .text.HAL_GPIO_WritePin
                0x0000000008001690       0x3a Drivers/STM32F0xx_HAL_Driver/Src/stm32f0xx_hal_gpio.o
                0x0000000008001690                HAL_GPIO_WritePin
 *fill*         0x00000000080016ca        0x2 
 .text.HAL_RCC_OscConfig
                0x00000000080016cc      0x5e8 Drivers/STM32F0xx_HAL_Driver/Src/stm32f0xx_hal_rcc.o
                0x00000000080016cc                HAL_RCC_OscConfig
 .text.HAL_RCC_ClockConfig
                0x0000000008001cb4      0x1d0 Drivers/STM32F0xx_HAL_Driver/Src/stm32f0xx_hal_rcc.o
                0x0000000008001cb4                HAL_RCC_ClockConfig
 .text.HAL_RCC_GetSysClockFreq
                0x0000000008001e84       0xc8 Drivers/STM32F0xx_HAL_Driver/Src/stm32f0xx_hal_rcc.o
                0x0000000008001e84                HAL_RCC_GetSysClockFreq
 .text.HAL_RCC_GetHCLKFreq
                0x0000000008001f4c       0x14 Drivers/STM32F0xx_HAL_Driver/Src/stm32f0xx_hal_rcc.o
                0x0000000008001f4c                HAL_RCC_GetHCLKFreq
 .text.HAL_RCC_GetPCLK1Freq
                0x0000000008001f60       0x2c Drivers/STM32F0xx_HAL_Driver/Src/stm32f0xx_hal_rcc.o
                0x0000000008001f60                HAL_RCC_GetPCLK1Freq
 .text.HAL_RCCEx_PeriphCLKConfig
                0x0000000008001f8c      0x1bc Drivers/STM32F0xx_HAL_Driver/Src/stm32f0xx_hal_rcc_ex.o
                0x0000000008001f8c                HAL_RCCEx_PeriphCLKConfig
 .text.HAL_SPI_Init
                0x0000000008002148      0x134 Drivers/STM32F0xx_HAL_Driver/Src/stm32f0xx_hal_spi.o
                0x0000000008002148                HAL_SPI_Init
 .text.HAL_SPI_Transmit
                0x000000000800227c      0x2d2 Drivers/STM32F0xx_HAL_Driver/Src/stm32f0xx_hal_spi.o
                0x000000000800227c                HAL_SPI_Transmit
 *fill*         0x000000000800254e        0x2 
 .text.HAL_SPI_TransmitReceive
                0x0000000008002550      0x42c Drivers/STM32F0xx_HAL_Driver/Src/stm32f0xx_hal_spi.o
                0x0000000008002550                HAL_SPI_TransmitReceive
 .text.HAL_SPI_GetState
                0x000000000800297c       0x18 Drivers/STM32F0xx_HAL_Driver/Src/stm32f0xx_hal_spi.o
                0x000000000800297c                HAL_SPI_GetState
 .text.SPI_WaitFlagStateUntilTimeout
                0x0000000008002994       0xdc Drivers/STM32F0xx_HAL_Driver/Src/stm32f0xx_hal_spi.o
 .text.SPI_WaitFifoStateUntilTimeout
                0x0000000008002a70       0xf4 Drivers/STM32F0xx_HAL_Driver/Src/stm32f0xx_hal_spi.o
 .text.SPI_EndRxTxTransaction
                0x0000000008002b64       0x8c Drivers/STM32F0xx_HAL_Driver/Src/stm32f0xx_hal_spi.o
 .text.HAL_UART_Init
                0x0000000008002bf0       0xb0 Drivers/STM32F0xx_HAL_Driver/Src/stm32f0xx_hal_uart.o
                0x0000000008002bf0                HAL_UART_Init
 .text.HAL_UART_Transmit
                0x0000000008002ca0      0x146 Drivers/STM32F0xx_HAL_Driver/Src/stm32f0xx_hal_uart.o
                0x0000000008002ca0                HAL_UART_Transmit
 *fill*         0x0000000008002de6        0x2 
 .text.UART_SetConfig
                0x0000000008002de8      0x2ec Drivers/STM32F0xx_HAL_Driver/Src/stm32f0xx_hal_uart.o
                0x0000000008002de8                UART_SetConfig
 .text.UART_AdvFeatureConfig
                0x00000000080030d4      0x168 Drivers/STM32F0xx_HAL_Driver/Src/stm32f0xx_hal_uart.o
                0x00000000080030d4                UART_AdvFeatureConfig
 .text.UART_CheckIdleState
                0x000000000800323c       0xa4 Drivers/STM32F0xx_HAL_Driver/Src/stm32f0xx_hal_uart.o
                0x000000000800323c                UART_CheckIdleState
 .text.UART_WaitOnFlagUntilTimeout
                0x00000000080032e0       0x98 Drivers/STM32F0xx_HAL_Driver/Src/stm32f0xx_hal_uart.o
                0x00000000080032e0                UART_WaitOnFlagUntilTimeout
 .text.disk_status
                0x0000000008003378       0x44 Middlewares/Third_Party/FatFs/src/diskio.o
                0x0000000008003378                disk_status
 .text.disk_initialize
                0x00000000080033bc       0x64 Middlewares/Third_Party/FatFs/src/diskio.o
                0x00000000080033bc                disk_initialize
 .text.disk_read
                0x0000000008003420       0x50 Middlewares/Third_Party/FatFs/src/diskio.o
                0x0000000008003420                disk_read
 .text.disk_write
                0x0000000008003470       0x50 Middlewares/Third_Party/FatFs/src/diskio.o
                0x0000000008003470                disk_write
 .text.disk_ioctl
                0x00000000080034c0       0x50 Middlewares/Third_Party/FatFs/src/diskio.o
                0x00000000080034c0                disk_ioctl
 .text.mem_cpy  0x0000000008003510       0x38 Middlewares/Third_Party/FatFs/src/ff.o
 .text.mem_set  0x0000000008003548       0x30 Middlewares/Third_Party/FatFs/src/ff.o
 .text.mem_cmp  0x0000000008003578       0x4a Middlewares/Third_Party/FatFs/src/ff.o
 .text.chk_chr  0x00000000080035c2       0x32 Middlewares/Third_Party/FatFs/src/ff.o
 .text.chk_lock
                0x00000000080035f4       0xdc Middlewares/Third_Party/FatFs/src/ff.o
 .text.enq_lock
                0x00000000080036d0       0x40 Middlewares/Third_Party/FatFs/src/ff.o
 .text.inc_lock
                0x0000000008003710      0x170 Middlewares/Third_Party/FatFs/src/ff.o
 .text.dec_lock
                0x0000000008003880       0xac Middlewares/Third_Party/FatFs/src/ff.o
 .text.clear_lock
                0x000000000800392c       0x4c Middlewares/Third_Party/FatFs/src/ff.o
 .text.sync_window
                0x0000000008003978       0xb0 Middlewares/Third_Party/FatFs/src/ff.o
 .text.move_window
                0x0000000008003a28       0x78 Middlewares/Third_Party/FatFs/src/ff.o
 .text.sync_fs  0x0000000008003aa0      0x1a8 Middlewares/Third_Party/FatFs/src/ff.o
 .text.clust2sect
                0x0000000008003c48       0x48 Middlewares/Third_Party/FatFs/src/ff.o
                0x0000000008003c48                clust2sect
 .text.get_fat  0x0000000008003c90      0x17e Middlewares/Third_Party/FatFs/src/ff.o
                0x0000000008003c90                get_fat
 .text.put_fat  0x0000000008003e0e      0x258 Middlewares/Third_Party/FatFs/src/ff.o
                0x0000000008003e0e                put_fat
 *fill*         0x0000000008004066        0x2 
 .text.remove_chain
                0x0000000008004068       0xe0 Middlewares/Third_Party/FatFs/src/ff.o
 .text.create_chain
                0x0000000008004148      0x16c Middlewares/Third_Party/FatFs/src/ff.o
 .text.clmt_clust
                0x00000000080042b4       0x74 Middlewares/Third_Party/FatFs/src/ff.o
 .text.dir_sdi  0x0000000008004328      0x160 Middlewares/Third_Party/FatFs/src/ff.o
 .text.dir_next
                0x0000000008004488      0x234 Middlewares/Third_Party/FatFs/src/ff.o
 .text.dir_alloc
                0x00000000080046bc       0xbc Middlewares/Third_Party/FatFs/src/ff.o
 .text.ld_clust
                0x0000000008004778       0x5a Middlewares/Third_Party/FatFs/src/ff.o
 .text.st_clust
                0x00000000080047d2       0x4a Middlewares/Third_Party/FatFs/src/ff.o
 .text.dir_find
                0x000000000800481c       0xca Middlewares/Third_Party/FatFs/src/ff.o
 .text.dir_register
                0x00000000080048e6       0x90 Middlewares/Third_Party/FatFs/src/ff.o
 *fill*         0x0000000008004976        0x2 
 .text.create_name
                0x0000000008004978      0x20c Middlewares/Third_Party/FatFs/src/ff.o
 .text.follow_path
                0x0000000008004b84      0x118 Middlewares/Third_Party/FatFs/src/ff.o
 .text.get_ldnumber
                0x0000000008004c9c       0x84 Middlewares/Third_Party/FatFs/src/ff.o
 .text.check_fs
                0x0000000008004d20       0xdc Middlewares/Third_Party/FatFs/src/ff.o
 .text.find_volume
                0x0000000008004dfc      0x63c Middlewares/Third_Party/FatFs/src/ff.o
 .text.validate
                0x0000000008005438       0x7c Middlewares/Third_Party/FatFs/src/ff.o
 .text.f_mount  0x00000000080054b4       0xa0 Middlewares/Third_Party/FatFs/src/ff.o
                0x00000000080054b4                f_mount
 .text.f_open   0x0000000008005554      0x570 Middlewares/Third_Party/FatFs/src/ff.o
                0x0000000008005554                f_open
 .text.f_write  0x0000000008005ac4      0x3d8 Middlewares/Third_Party/FatFs/src/ff.o
                0x0000000008005ac4                f_write
 .text.f_sync   0x0000000008005e9c      0x1ac Middlewares/Third_Party/FatFs/src/ff.o
                0x0000000008005e9c                f_sync
 .text.f_close  0x0000000008006048       0x6e Middlewares/Third_Party/FatFs/src/ff.o
                0x0000000008006048                f_close
 *fill*         0x00000000080060b6        0x2 
 .text.f_getfree
                0x00000000080060b8      0x1c8 Middlewares/Third_Party/FatFs/src/ff.o
                0x00000000080060b8                f_getfree
 .text.putc_bfd
                0x0000000008006280       0x82 Middlewares/Third_Party/FatFs/src/ff.o
 .text.f_puts   0x0000000008006302       0x8c Middlewares/Third_Party/FatFs/src/ff.o
                0x0000000008006302                f_puts
 *fill*         0x000000000800638e        0x2 
 .text.FATFS_LinkDriverEx
                0x0000000008006390       0xac Middlewares/Third_Party/FatFs/src/ff_gen_drv.o
                0x0000000008006390                FATFS_LinkDriverEx
 .text.FATFS_LinkDriver
                0x000000000800643c       0x20 Middlewares/Third_Party/FatFs/src/ff_gen_drv.o
                0x000000000800643c                FATFS_LinkDriver
 .text.MX_FATFS_Init
                0x000000000800645c       0x2c Src/fatfs.o
                0x000000000800645c                MX_FATFS_Init
 .text.get_fattime
                0x0000000008006488        0xc Src/fatfs.o
                0x0000000008006488                get_fattime
 .text.SELECT   0x0000000008006494       0x1c Src/fatfs_sd.o
 .text.DESELECT
                0x00000000080064b0       0x1c Src/fatfs_sd.o
 .text.SPI_TxByte
                0x00000000080064cc       0x38 Src/fatfs_sd.o
 .text.SPI_RxByte
                0x0000000008006504       0x44 Src/fatfs_sd.o
 .text.SPI_RxBytePtr
                0x0000000008006548       0x1c Src/fatfs_sd.o
 .text.SD_ReadyWait
                0x0000000008006564       0x3c Src/fatfs_sd.o
 .text.SD_PowerOn
                0x00000000080065a0       0xa8 Src/fatfs_sd.o
 .text.SD_PowerOff
                0x0000000008006648       0x14 Src/fatfs_sd.o
 .text.SD_CheckPower
                0x000000000800665c       0x14 Src/fatfs_sd.o
 .text.SD_RxDataBlock
                0x0000000008006670       0x78 Src/fatfs_sd.o
 .text.SD_TxDataBlock
                0x00000000080066e8       0xd0 Src/fatfs_sd.o
 .text.SD_SendCmd
                0x00000000080067b8       0xd4 Src/fatfs_sd.o
 .text.SD_disk_initialize
                0x000000000800688c      0x21c Src/fatfs_sd.o
                0x000000000800688c                SD_disk_initialize
 .text.SD_disk_status
                0x0000000008006aa8       0x2c Src/fatfs_sd.o
                0x0000000008006aa8                SD_disk_status
 .text.SD_disk_read
                0x0000000008006ad4       0xe0 Src/fatfs_sd.o
                0x0000000008006ad4                SD_disk_read
 .text.SD_disk_write
                0x0000000008006bb4      0x110 Src/fatfs_sd.o
                0x0000000008006bb4                SD_disk_write
 .text.SD_disk_ioctl
                0x0000000008006cc4      0x270 Src/fatfs_sd.o
                0x0000000008006cc4                SD_disk_ioctl
 .text.send_uart
                0x0000000008006f34       0x38 Src/main.o
                0x0000000008006f34                send_uart
 .text.bufclear
                0x0000000008006f6c       0x34 Src/main.o
                0x0000000008006f6c                bufclear
 .text.main     0x0000000008006fa0      0x1c0 Src/main.o
                0x0000000008006fa0                main
 .text.SystemClock_Config
                0x0000000008007160       0xbe Src/main.o
                0x0000000008007160                SystemClock_Config
 *fill*         0x000000000800721e        0x2 
 .text.MX_SPI1_Init
                0x0000000008007220       0x7c Src/main.o
 .text.MX_USART1_UART_Init
                0x000000000800729c       0x60 Src/main.o
 .text.MX_GPIO_Init
                0x00000000080072fc       0xac Src/main.o
 .text.Error_Handler
                0x00000000080073a8        0xa Src/main.o
                0x00000000080073a8                Error_Handler
 *fill*         0x00000000080073b2        0x2 
 .text.HAL_MspInit
                0x00000000080073b4       0x48 Src/stm32f0xx_hal_msp.o
                0x00000000080073b4                HAL_MspInit
 .text.HAL_SPI_MspInit
                0x00000000080073fc       0x98 Src/stm32f0xx_hal_msp.o
                0x00000000080073fc                HAL_SPI_MspInit
 .text.HAL_UART_MspInit
                0x0000000008007494       0x9c Src/stm32f0xx_hal_msp.o
                0x0000000008007494                HAL_UART_MspInit
 .text.SDTimer_Handler
                0x0000000008007530       0x44 Src/stm32f0xx_it.o
                0x0000000008007530                SDTimer_Handler
 .text.NMI_Handler
                0x0000000008007574        0xa Src/stm32f0xx_it.o
                0x0000000008007574                NMI_Handler
 .text.HardFault_Handler
                0x000000000800757e        0x6 Src/stm32f0xx_it.o
                0x000000000800757e                HardFault_Handler
 .text.SVC_Handler
                0x0000000008007584        0xa Src/stm32f0xx_it.o
                0x0000000008007584                SVC_Handler
 .text.PendSV_Handler
                0x000000000800758e        0xa Src/stm32f0xx_it.o
                0x000000000800758e                PendSV_Handler
 .text.SysTick_Handler
                0x0000000008007598       0x34 Src/stm32f0xx_it.o
                0x0000000008007598                SysTick_Handler
 .text._sbrk    0x00000000080075cc       0x58 Src/sysmem.o
                0x00000000080075cc                _sbrk
 .text.SystemInit
                0x0000000008007624       0x88 Src/system_stm32f0xx.o
                0x0000000008007624                SystemInit
 .text.USER_initialize
                0x00000000080076ac       0x20 Src/user_diskio.o
                0x00000000080076ac                USER_initialize
 .text.USER_status
                0x00000000080076cc       0x20 Src/user_diskio.o
                0x00000000080076cc                USER_status
 .text.USER_read
                0x00000000080076ec       0x2e Src/user_diskio.o
                0x00000000080076ec                USER_read
 .text.USER_write
                0x000000000800771a       0x2e Src/user_diskio.o
                0x000000000800771a                USER_write
 .text.USER_ioctl
                0x0000000008007748       0x2e Src/user_diskio.o
                0x0000000008007748                USER_ioctl
 *fill*         0x0000000008007776        0x2 
 .text.Reset_Handler
                0x0000000008007778       0x50 Startup/startup_stm32f051r8tx.o
                0x0000000008007778                Reset_Handler
 .text.Default_Handler
                0x00000000080077c8        0x2 Startup/startup_stm32f051r8tx.o
                0x00000000080077c8                TIM1_CC_IRQHandler
                0x00000000080077c8                TSC_IRQHandler
                0x00000000080077c8                ADC1_COMP_IRQHandler
                0x00000000080077c8                PVD_IRQHandler
                0x00000000080077c8                I2C1_IRQHandler
                0x00000000080077c8                RCC_CRS_IRQHandler
                0x00000000080077c8                SPI1_IRQHandler
                0x00000000080077c8                TIM6_DAC_IRQHandler
                0x00000000080077c8                EXTI2_3_IRQHandler
                0x00000000080077c8                I2C2_IRQHandler
                0x00000000080077c8                TIM17_IRQHandler
                0x00000000080077c8                CEC_CAN_IRQHandler
                0x00000000080077c8                RTC_IRQHandler
                0x00000000080077c8                TIM16_IRQHandler
                0x00000000080077c8                TIM3_IRQHandler
                0x00000000080077c8                EXTI4_15_IRQHandler
                0x00000000080077c8                DMA1_Channel1_IRQHandler
                0x00000000080077c8                Default_Handler
                0x00000000080077c8                TIM14_IRQHandler
                0x00000000080077c8                DMA1_Channel4_5_IRQHandler
                0x00000000080077c8                TIM15_IRQHandler
                0x00000000080077c8                EXTI0_1_IRQHandler
                0x00000000080077c8                SPI2_IRQHandler
                0x00000000080077c8                WWDG_IRQHandler
                0x00000000080077c8                TIM2_IRQHandler
                0x00000000080077c8                DMA1_Channel2_3_IRQHandler
                0x00000000080077c8                USART2_IRQHandler
                0x00000000080077c8                FLASH_IRQHandler
                0x00000000080077c8                USART1_IRQHandler
                0x00000000080077c8                TIM1_BRK_UP_TRG_COM_IRQHandler
 *fill*         0x00000000080077ca        0x2 
 .text.__errno  0x00000000080077cc        0xc /opt/st/stm32cubeide_1.0.2/plugins/com.st.stm32cube.ide.mcu.externaltools.gnu-tools-for-stm32.7-2018-q2-update.linux64_1.0.0.201904181610/tools/bin/../lib/gcc/arm-none-eabi/7.3.1/../../../../arm-none-eabi/lib/thumb/v6-m/libc_nano.a(lib_a-errno.o)
                0x00000000080077cc                __errno
 .text.__libc_init_array
                0x00000000080077d8       0x48 /opt/st/stm32cubeide_1.0.2/plugins/com.st.stm32cube.ide.mcu.externaltools.gnu-tools-for-stm32.7-2018-q2-update.linux64_1.0.0.201904181610/tools/bin/../lib/gcc/arm-none-eabi/7.3.1/../../../../arm-none-eabi/lib/thumb/v6-m/libc_nano.a(lib_a-init.o)
                0x00000000080077d8                __libc_init_array
 .text.memset   0x0000000008007820       0x10 /opt/st/stm32cubeide_1.0.2/plugins/com.st.stm32cube.ide.mcu.externaltools.gnu-tools-for-stm32.7-2018-q2-update.linux64_1.0.0.201904181610/tools/bin/../lib/gcc/arm-none-eabi/7.3.1/../../../../arm-none-eabi/lib/thumb/v6-m/libc_nano.a(lib_a-memset.o)
                0x0000000008007820                memset
 .text.sprintf  0x0000000008007830       0x40 /opt/st/stm32cubeide_1.0.2/plugins/com.st.stm32cube.ide.mcu.externaltools.gnu-tools-for-stm32.7-2018-q2-update.linux64_1.0.0.201904181610/tools/bin/../lib/gcc/arm-none-eabi/7.3.1/../../../../arm-none-eabi/lib/thumb/v6-m/libc_nano.a(lib_a-sprintf.o)
                0x0000000008007830                sprintf
                0x0000000008007830                siprintf
 .text.__ssputs_r
                0x0000000008007870       0xc4 /opt/st/stm32cubeide_1.0.2/plugins/com.st.stm32cube.ide.mcu.externaltools.gnu-tools-for-stm32.7-2018-q2-update.linux64_1.0.0.201904181610/tools/bin/../lib/gcc/arm-none-eabi/7.3.1/../../../../arm-none-eabi/lib/thumb/v6-m/libc_nano.a(lib_a-nano-svfprintf.o)
                0x0000000008007870                __ssputs_r
 .text._svfprintf_r
                0x0000000008007934      0x1fc /opt/st/stm32cubeide_1.0.2/plugins/com.st.stm32cube.ide.mcu.externaltools.gnu-tools-for-stm32.7-2018-q2-update.linux64_1.0.0.201904181610/tools/bin/../lib/gcc/arm-none-eabi/7.3.1/../../../../arm-none-eabi/lib/thumb/v6-m/libc_nano.a(lib_a-nano-svfprintf.o)
                0x0000000008007934                _svfprintf_r
                0x0000000008007934                _svfiprintf_r
 .text._printf_common
                0x0000000008007b30       0xda /opt/st/stm32cubeide_1.0.2/plugins/com.st.stm32cube.ide.mcu.externaltools.gnu-tools-for-stm32.7-2018-q2-update.linux64_1.0.0.201904181610/tools/bin/../lib/gcc/arm-none-eabi/7.3.1/../../../../arm-none-eabi/lib/thumb/v6-m/libc_nano.a(lib_a-nano-vfprintf_i.o)
                0x0000000008007b30                _printf_common
 *fill*         0x0000000008007c0a        0x2 
 .text._printf_i
                0x0000000008007c0c      0x210 /opt/st/stm32cubeide_1.0.2/plugins/com.st.stm32cube.ide.mcu.externaltools.gnu-tools-for-stm32.7-2018-q2-update.linux64_1.0.0.201904181610/tools/bin/../lib/gcc/arm-none-eabi/7.3.1/../../../../arm-none-eabi/lib/thumb/v6-m/libc_nano.a(lib_a-nano-vfprintf_i.o)
                0x0000000008007c0c                _printf_i
 .text.memchr   0x0000000008007e1c       0x16 /opt/st/stm32cubeide_1.0.2/plugins/com.st.stm32cube.ide.mcu.externaltools.gnu-tools-for-stm32.7-2018-q2-update.linux64_1.0.0.201904181610/tools/bin/../lib/gcc/arm-none-eabi/7.3.1/../../../../arm-none-eabi/lib/thumb/v6-m/libc_nano.a(lib_a-memchr-stub.o)
                0x0000000008007e1c                memchr
 .text.memcpy   0x0000000008007e32       0x12 /opt/st/stm32cubeide_1.0.2/plugins/com.st.stm32cube.ide.mcu.externaltools.gnu-tools-for-stm32.7-2018-q2-update.linux64_1.0.0.201904181610/tools/bin/../lib/gcc/arm-none-eabi/7.3.1/../../../../arm-none-eabi/lib/thumb/v6-m/libc_nano.a(lib_a-memcpy-stub.o)
                0x0000000008007e32                memcpy
 .text.memmove  0x0000000008007e44       0x26 /opt/st/stm32cubeide_1.0.2/plugins/com.st.stm32cube.ide.mcu.externaltools.gnu-tools-for-stm32.7-2018-q2-update.linux64_1.0.0.201904181610/tools/bin/../lib/gcc/arm-none-eabi/7.3.1/../../../../arm-none-eabi/lib/thumb/v6-m/libc_nano.a(lib_a-memmove.o)
                0x0000000008007e44                memmove
 *fill*         0x0000000008007e6a        0x2 
 .text._free_r  0x0000000008007e6c       0x94 /opt/st/stm32cubeide_1.0.2/plugins/com.st.stm32cube.ide.mcu.externaltools.gnu-tools-for-stm32.7-2018-q2-update.linux64_1.0.0.201904181610/tools/bin/../lib/gcc/arm-none-eabi/7.3.1/../../../../arm-none-eabi/lib/thumb/v6-m/libc_nano.a(lib_a-nano-freer.o)
                0x0000000008007e6c                _free_r
 .text._malloc_r
                0x0000000008007f00       0xbc /opt/st/stm32cubeide_1.0.2/plugins/com.st.stm32cube.ide.mcu.externaltools.gnu-tools-for-stm32.7-2018-q2-update.linux64_1.0.0.201904181610/tools/bin/../lib/gcc/arm-none-eabi/7.3.1/../../../../arm-none-eabi/lib/thumb/v6-m/libc_nano.a(lib_a-nano-mallocr.o)
                0x0000000008007f00                _malloc_r
 .text._realloc_r
                0x0000000008007fbc       0x4c /opt/st/stm32cubeide_1.0.2/plugins/com.st.stm32cube.ide.mcu.externaltools.gnu-tools-for-stm32.7-2018-q2-update.linux64_1.0.0.201904181610/tools/bin/../lib/gcc/arm-none-eabi/7.3.1/../../../../arm-none-eabi/lib/thumb/v6-m/libc_nano.a(lib_a-nano-reallocr.o)
                0x0000000008007fbc                _realloc_r
 .text._sbrk_r  0x0000000008008008       0x24 /opt/st/stm32cubeide_1.0.2/plugins/com.st.stm32cube.ide.mcu.externaltools.gnu-tools-for-stm32.7-2018-q2-update.linux64_1.0.0.201904181610/tools/bin/../lib/gcc/arm-none-eabi/7.3.1/../../../../arm-none-eabi/lib/thumb/v6-m/libc_nano.a(lib_a-sbrkr.o)
                0x0000000008008008                _sbrk_r
 .text.__malloc_lock
                0x000000000800802c        0x2 /opt/st/stm32cubeide_1.0.2/plugins/com.st.stm32cube.ide.mcu.externaltools.gnu-tools-for-stm32.7-2018-q2-update.linux64_1.0.0.201904181610/tools/bin/../lib/gcc/arm-none-eabi/7.3.1/../../../../arm-none-eabi/lib/thumb/v6-m/libc_nano.a(lib_a-mlock.o)
                0x000000000800802c                __malloc_lock
 .text.__malloc_unlock
                0x000000000800802e        0x2 /opt/st/stm32cubeide_1.0.2/plugins/com.st.stm32cube.ide.mcu.externaltools.gnu-tools-for-stm32.7-2018-q2-update.linux64_1.0.0.201904181610/tools/bin/../lib/gcc/arm-none-eabi/7.3.1/../../../../arm-none-eabi/lib/thumb/v6-m/libc_nano.a(lib_a-mlock.o)
                0x000000000800802e                __malloc_unlock
 .text._malloc_usable_size_r
                0x0000000008008030       0x10 /opt/st/stm32cubeide_1.0.2/plugins/com.st.stm32cube.ide.mcu.externaltools.gnu-tools-for-stm32.7-2018-q2-update.linux64_1.0.0.201904181610/tools/bin/../lib/gcc/arm-none-eabi/7.3.1/../../../../arm-none-eabi/lib/thumb/v6-m/libc_nano.a(lib_a-nano-msizer.o)
                0x0000000008008030                _malloc_usable_size_r
 *(.glue_7)
 .glue_7        0x0000000008008040        0x0 linker stubs
 *(.glue_7t)
 .glue_7t       0x0000000008008040        0x0 linker stubs
 *(.eh_frame)
 .eh_frame      0x0000000008008040        0x0 /opt/st/stm32cubeide_1.0.2/plugins/com.st.stm32cube.ide.mcu.externaltools.gnu-tools-for-stm32.7-2018-q2-update.linux64_1.0.0.201904181610/tools/bin/../lib/gcc/arm-none-eabi/7.3.1/thumb/v6-m/crtbegin.o
 *(.init)
 .init          0x0000000008008040        0x4 /opt/st/stm32cubeide_1.0.2/plugins/com.st.stm32cube.ide.mcu.externaltools.gnu-tools-for-stm32.7-2018-q2-update.linux64_1.0.0.201904181610/tools/bin/../lib/gcc/arm-none-eabi/7.3.1/thumb/v6-m/crti.o
                0x0000000008008040                _init
 .init          0x0000000008008044        0x8 /opt/st/stm32cubeide_1.0.2/plugins/com.st.stm32cube.ide.mcu.externaltools.gnu-tools-for-stm32.7-2018-q2-update.linux64_1.0.0.201904181610/tools/bin/../lib/gcc/arm-none-eabi/7.3.1/thumb/v6-m/crtn.o
 *(.fini)
 .fini          0x000000000800804c        0x4 /opt/st/stm32cubeide_1.0.2/plugins/com.st.stm32cube.ide.mcu.externaltools.gnu-tools-for-stm32.7-2018-q2-update.linux64_1.0.0.201904181610/tools/bin/../lib/gcc/arm-none-eabi/7.3.1/thumb/v6-m/crti.o
                0x000000000800804c                _fini
 .fini          0x0000000008008050        0x8 /opt/st/stm32cubeide_1.0.2/plugins/com.st.stm32cube.ide.mcu.externaltools.gnu-tools-for-stm32.7-2018-q2-update.linux64_1.0.0.201904181610/tools/bin/../lib/gcc/arm-none-eabi/7.3.1/thumb/v6-m/crtn.o
                0x0000000008008058                . = ALIGN (0x4)
                0x0000000008008058                _etext = .

.vfp11_veneer   0x0000000008008058        0x0
 .vfp11_veneer  0x0000000008008058        0x0 linker stubs

.v4_bx          0x0000000008008058        0x0
 .v4_bx         0x0000000008008058        0x0 linker stubs

.iplt           0x0000000008008058        0x0
 .iplt          0x0000000008008058        0x0 /opt/st/stm32cubeide_1.0.2/plugins/com.st.stm32cube.ide.mcu.externaltools.gnu-tools-for-stm32.7-2018-q2-update.linux64_1.0.0.201904181610/tools/bin/../lib/gcc/arm-none-eabi/7.3.1/thumb/v6-m/crtbegin.o

.rodata         0x0000000008008058      0x2b0
                0x0000000008008058                . = ALIGN (0x4)
 *(.rodata)
 .rodata        0x0000000008008058       0x20 Drivers/STM32F0xx_HAL_Driver/Src/stm32f0xx_hal_rcc.o
 .rodata        0x0000000008008078       0x44 Middlewares/Third_Party/FatFs/src/ff.o
 .rodata        0x00000000080080bc      0x107 Src/main.o
 *fill*         0x00000000080081c3        0x1 
 .rodata        0x00000000080081c4       0x40 /opt/st/stm32cubeide_1.0.2/plugins/com.st.stm32cube.ide.mcu.externaltools.gnu-tools-for-stm32.7-2018-q2-update.linux64_1.0.0.201904181610/tools/bin/../lib/gcc/arm-none-eabi/7.3.1/thumb/v6-m/libgcc.a(muldf3.o)
 *(.rodata*)
 .rodata.ExCvt  0x0000000008008204       0x80 Middlewares/Third_Party/FatFs/src/ff.o
 .rodata.SD_disk_ioctl
                0x0000000008008284       0x38 Src/fatfs_sd.o
 .rodata.AHBPrescTable
                0x00000000080082bc       0x10 Src/system_stm32f0xx.o
                0x00000000080082bc                AHBPrescTable
 .rodata.APBPrescTable
                0x00000000080082cc        0x8 Src/system_stm32f0xx.o
                0x00000000080082cc                APBPrescTable
 .rodata._svfprintf_r.str1.1
                0x00000000080082d4       0x11 /opt/st/stm32cubeide_1.0.2/plugins/com.st.stm32cube.ide.mcu.externaltools.gnu-tools-for-stm32.7-2018-q2-update.linux64_1.0.0.201904181610/tools/bin/../lib/gcc/arm-none-eabi/7.3.1/../../../../arm-none-eabi/lib/thumb/v6-m/libc_nano.a(lib_a-nano-svfprintf.o)
 .rodata._printf_i.str1.1
                0x00000000080082e5       0x22 /opt/st/stm32cubeide_1.0.2/plugins/com.st.stm32cube.ide.mcu.externaltools.gnu-tools-for-stm32.7-2018-q2-update.linux64_1.0.0.201904181610/tools/bin/../lib/gcc/arm-none-eabi/7.3.1/../../../../arm-none-eabi/lib/thumb/v6-m/libc_nano.a(lib_a-nano-vfprintf_i.o)
                0x0000000008008308                . = ALIGN (0x4)
 *fill*         0x0000000008008307        0x1 

.rel.dyn        0x0000000008008308        0x0
 .rel.iplt      0x0000000008008308        0x0 /opt/st/stm32cubeide_1.0.2/plugins/com.st.stm32cube.ide.mcu.externaltools.gnu-tools-for-stm32.7-2018-q2-update.linux64_1.0.0.201904181610/tools/bin/../lib/gcc/arm-none-eabi/7.3.1/thumb/v6-m/crtbegin.o

.ARM.extab      0x0000000008008308        0x0
                0x0000000008008308                . = ALIGN (0x4)
 *(.ARM.extab* .gnu.linkonce.armextab.*)
                0x0000000008008308                . = ALIGN (0x4)

.ARM            0x0000000008008308        0x0
                0x0000000008008308                . = ALIGN (0x4)
                0x0000000008008308                __exidx_start = .
 *(.ARM.exidx*)
                0x0000000008008308                __exidx_end = .
                0x0000000008008308                . = ALIGN (0x4)

.preinit_array  0x0000000008008308        0x0
                0x0000000008008308                . = ALIGN (0x4)
                0x0000000008008308                PROVIDE (__preinit_array_start = .)
 *(.preinit_array*)
                0x0000000008008308                PROVIDE (__preinit_array_end = .)
                0x0000000008008308                . = ALIGN (0x4)

.init_array     0x0000000008008308        0x4
                0x0000000008008308                . = ALIGN (0x4)
                0x0000000008008308                PROVIDE (__init_array_start = .)
 *(SORT_BY_NAME(.init_array.*))
 *(.init_array*)
 .init_array    0x0000000008008308        0x4 /opt/st/stm32cubeide_1.0.2/plugins/com.st.stm32cube.ide.mcu.externaltools.gnu-tools-for-stm32.7-2018-q2-update.linux64_1.0.0.201904181610/tools/bin/../lib/gcc/arm-none-eabi/7.3.1/thumb/v6-m/crtbegin.o
                0x000000000800830c                PROVIDE (__init_array_end = .)
                0x000000000800830c                . = ALIGN (0x4)

.fini_array     0x000000000800830c        0x4
                0x000000000800830c                . = ALIGN (0x4)
                [!provide]                        PROVIDE (__fini_array_start = .)
 *(SORT_BY_NAME(.fini_array.*))
 *(.fini_array*)
 .fini_array    0x000000000800830c        0x4 /opt/st/stm32cubeide_1.0.2/plugins/com.st.stm32cube.ide.mcu.externaltools.gnu-tools-for-stm32.7-2018-q2-update.linux64_1.0.0.201904181610/tools/bin/../lib/gcc/arm-none-eabi/7.3.1/thumb/v6-m/crtbegin.o
                [!provide]                        PROVIDE (__fini_array_end = .)
                0x0000000008008310                . = ALIGN (0x4)
                0x0000000008008310                _sidata = LOADADDR (.data)

.data           0x0000000020000000       0x80 load address 0x0000000008008310
                0x0000000020000000                . = ALIGN (0x4)
                0x0000000020000000                _sdata = .
 *(.data)
 *(.data*)
 .data.Stat     0x0000000020000000        0x1 Src/fatfs_sd.o
 *fill*         0x0000000020000001        0x3 
 .data.SystemCoreClock
                0x0000000020000004        0x4 Src/system_stm32f0xx.o
                0x0000000020000004                SystemCoreClock
 .data.USER_Driver
                0x0000000020000008       0x14 Src/user_diskio.o
                0x0000000020000008                USER_Driver
 .data._impure_ptr
                0x000000002000001c        0x4 /opt/st/stm32cubeide_1.0.2/plugins/com.st.stm32cube.ide.mcu.externaltools.gnu-tools-for-stm32.7-2018-q2-update.linux64_1.0.0.201904181610/tools/bin/../lib/gcc/arm-none-eabi/7.3.1/../../../../arm-none-eabi/lib/thumb/v6-m/libc_nano.a(lib_a-impure.o)
                0x000000002000001c                _impure_ptr
 .data.impure_data
                0x0000000020000020       0x60 /opt/st/stm32cubeide_1.0.2/plugins/com.st.stm32cube.ide.mcu.externaltools.gnu-tools-for-stm32.7-2018-q2-update.linux64_1.0.0.201904181610/tools/bin/../lib/gcc/arm-none-eabi/7.3.1/../../../../arm-none-eabi/lib/thumb/v6-m/libc_nano.a(lib_a-impure.o)
                0x0000000020000080                . = ALIGN (0x4)
                0x0000000020000080                _edata = .

.igot.plt       0x0000000020000080        0x0 load address 0x0000000008008390
 .igot.plt      0x0000000020000080        0x0 /opt/st/stm32cubeide_1.0.2/plugins/com.st.stm32cube.ide.mcu.externaltools.gnu-tools-for-stm32.7-2018-q2-update.linux64_1.0.0.201904181610/tools/bin/../lib/gcc/arm-none-eabi/7.3.1/thumb/v6-m/crtbegin.o
                0x0000000020000080                . = ALIGN (0x4)

.bss            0x0000000020000080      0xe14 load address 0x0000000008008390
                0x0000000020000080                _sbss = .
                0x0000000020000080                __bss_start__ = _sbss
 *(.bss)
 .bss           0x0000000020000080       0x1c /opt/st/stm32cubeide_1.0.2/plugins/com.st.stm32cube.ide.mcu.externaltools.gnu-tools-for-stm32.7-2018-q2-update.linux64_1.0.0.201904181610/tools/bin/../lib/gcc/arm-none-eabi/7.3.1/thumb/v6-m/crtbegin.o
 *(.bss*)
 .bss.FatFs     0x000000002000009c        0x4 Middlewares/Third_Party/FatFs/src/ff.o
 .bss.Fsid      0x00000000200000a0        0x2 Middlewares/Third_Party/FatFs/src/ff.o
 *fill*         0x00000000200000a2        0x2 
 .bss.Files     0x00000000200000a4       0x18 Middlewares/Third_Party/FatFs/src/ff.o
 .bss.disk      0x00000000200000bc        0xc Middlewares/Third_Party/FatFs/src/ff_gen_drv.o
                0x00000000200000bc                disk
 .bss.CardType  0x00000000200000c8        0x1 Src/fatfs_sd.o
 .bss.PowerFlag
                0x00000000200000c9        0x1 Src/fatfs_sd.o
 .bss.FatFsCnt  0x00000000200000ca        0x1 Src/stm32f0xx_it.o
                0x00000000200000ca                FatFsCnt
 *fill*         0x00000000200000cb        0x1 
 .bss.heap_end.5149
                0x00000000200000cc        0x4 Src/sysmem.o
 .bss.__malloc_free_list
                0x00000000200000d0        0x4 /opt/st/stm32cubeide_1.0.2/plugins/com.st.stm32cube.ide.mcu.externaltools.gnu-tools-for-stm32.7-2018-q2-update.linux64_1.0.0.201904181610/tools/bin/../lib/gcc/arm-none-eabi/7.3.1/../../../../arm-none-eabi/lib/thumb/v6-m/libc_nano.a(lib_a-nano-mallocr.o)
                0x00000000200000d0                __malloc_free_list
 .bss.__malloc_sbrk_start
                0x00000000200000d4        0x4 /opt/st/stm32cubeide_1.0.2/plugins/com.st.stm32cube.ide.mcu.externaltools.gnu-tools-for-stm32.7-2018-q2-update.linux64_1.0.0.201904181610/tools/bin/../lib/gcc/arm-none-eabi/7.3.1/../../../../arm-none-eabi/lib/thumb/v6-m/libc_nano.a(lib_a-nano-mallocr.o)
                0x00000000200000d4                __malloc_sbrk_start
 *(COMMON)
 COMMON         0x00000000200000d8        0x4 Drivers/STM32F0xx_HAL_Driver/Src/stm32f0xx_hal.o
                0x00000000200000d8                uwTick
 COMMON         0x00000000200000dc      0x464 Src/fatfs.o
                0x00000000200000dc                USERPath
                0x00000000200000e0                retUSER
                0x00000000200000e4                USERFile
                0x0000000020000310                USERFatFS
 COMMON         0x0000000020000540      0x94c Src/main.o
                0x0000000020000540                fre_clust
                0x0000000020000544                fs
                0x0000000020000774                br
                0x0000000020000778                free_space
                0x000000002000077c                huart1
                0x00000000200007ec                buffer
                0x0000000020000bec                bw
                0x0000000020000bf0                pfs
                0x0000000020000bf4                fresult
                0x0000000020000bf8                hspi1
                0x0000000020000c5c                total
                0x0000000020000c60                fil
 COMMON         0x0000000020000e8c        0x2 Src/stm32f0xx_it.o
                0x0000000020000e8c                Timer2
                0x0000000020000e8d                Timer1
 *fill*         0x0000000020000e8e        0x2 
 COMMON         0x0000000020000e90        0x4 /opt/st/stm32cubeide_1.0.2/plugins/com.st.stm32cube.ide.mcu.externaltools.gnu-tools-for-stm32.7-2018-q2-update.linux64_1.0.0.201904181610/tools/bin/../lib/gcc/arm-none-eabi/7.3.1/../../../../arm-none-eabi/lib/thumb/v6-m/libc_nano.a(lib_a-reent.o)
                0x0000000020000e90                errno
                0x0000000020000e94                . = ALIGN (0x4)
                0x0000000020000e94                _ebss = .
                0x0000000020000e94                __bss_end__ = _ebss

._user_heap_stack
                0x0000000020000e94      0x604 load address 0x0000000008008390
                0x0000000020000e98                . = ALIGN (0x8)
 *fill*         0x0000000020000e94        0x4 
                0x0000000020000e98                PROVIDE (end = .)
                [!provide]                        PROVIDE (_end = .)
                0x0000000020001098                . = (. + _Min_Heap_Size)
 *fill*         0x0000000020000e98      0x200 
                0x0000000020001498                . = (. + _Min_Stack_Size)
 *fill*         0x0000000020001098      0x400 
                0x0000000020001498                . = ALIGN (0x8)

/DISCARD/
 libc.a(*)
 libm.a(*)
 libgcc.a(*)

.ARM.attributes
                0x0000000000000000       0x28
 *(.ARM.attributes)
 .ARM.attributes
                0x0000000000000000       0x1e /opt/st/stm32cubeide_1.0.2/plugins/com.st.stm32cube.ide.mcu.externaltools.gnu-tools-for-stm32.7-2018-q2-update.linux64_1.0.0.201904181610/tools/bin/../lib/gcc/arm-none-eabi/7.3.1/thumb/v6-m/crti.o
 .ARM.attributes
                0x000000000000001e       0x2c /opt/st/stm32cubeide_1.0.2/plugins/com.st.stm32cube.ide.mcu.externaltools.gnu-tools-for-stm32.7-2018-q2-update.linux64_1.0.0.201904181610/tools/bin/../lib/gcc/arm-none-eabi/7.3.1/thumb/v6-m/crtbegin.o
 .ARM.attributes
                0x000000000000004a       0x31 Drivers/STM32F0xx_HAL_Driver/Src/stm32f0xx_hal.o
 .ARM.attributes
                0x000000000000007b       0x31 Drivers/STM32F0xx_HAL_Driver/Src/stm32f0xx_hal_cortex.o
 .ARM.attributes
                0x00000000000000ac       0x31 Drivers/STM32F0xx_HAL_Driver/Src/stm32f0xx_hal_gpio.o
 .ARM.attributes
                0x00000000000000dd       0x31 Drivers/STM32F0xx_HAL_Driver/Src/stm32f0xx_hal_rcc.o
 .ARM.attributes
                0x000000000000010e       0x31 Drivers/STM32F0xx_HAL_Driver/Src/stm32f0xx_hal_rcc_ex.o
 .ARM.attributes
                0x000000000000013f       0x31 Drivers/STM32F0xx_HAL_Driver/Src/stm32f0xx_hal_spi.o
 .ARM.attributes
                0x0000000000000170       0x31 Drivers/STM32F0xx_HAL_Driver/Src/stm32f0xx_hal_uart.o
 .ARM.attributes
                0x00000000000001a1       0x31 Middlewares/Third_Party/FatFs/src/diskio.o
 .ARM.attributes
                0x00000000000001d2       0x31 Middlewares/Third_Party/FatFs/src/ff.o
 .ARM.attributes
                0x0000000000000203       0x31 Middlewares/Third_Party/FatFs/src/ff_gen_drv.o
 .ARM.attributes
                0x0000000000000234       0x31 Src/fatfs.o
 .ARM.attributes
                0x0000000000000265       0x31 Src/fatfs_sd.o
 .ARM.attributes
                0x0000000000000296       0x31 Src/main.o
 .ARM.attributes
                0x00000000000002c7       0x31 Src/stm32f0xx_hal_msp.o
 .ARM.attributes
                0x00000000000002f8       0x31 Src/stm32f0xx_it.o
 .ARM.attributes
                0x0000000000000329       0x31 Src/sysmem.o
 .ARM.attributes
                0x000000000000035a       0x31 Src/system_stm32f0xx.o
 .ARM.attributes
                0x000000000000038b       0x31 Src/user_diskio.o
 .ARM.attributes
                0x00000000000003bc       0x21 Startup/startup_stm32f051r8tx.o
 .ARM.attributes
                0x00000000000003dd       0x2c /opt/st/stm32cubeide_1.0.2/plugins/com.st.stm32cube.ide.mcu.externaltools.gnu-tools-for-stm32.7-2018-q2-update.linux64_1.0.0.201904181610/tools/bin/../lib/gcc/arm-none-eabi/7.3.1/../../../../arm-none-eabi/lib/thumb/v6-m/libc_nano.a(lib_a-errno.o)
 .ARM.attributes
                0x0000000000000409       0x2c /opt/st/stm32cubeide_1.0.2/plugins/com.st.stm32cube.ide.mcu.externaltools.gnu-tools-for-stm32.7-2018-q2-update.linux64_1.0.0.201904181610/tools/bin/../lib/gcc/arm-none-eabi/7.3.1/../../../../arm-none-eabi/lib/thumb/v6-m/libc_nano.a(lib_a-impure.o)
 .ARM.attributes
                0x0000000000000435       0x2c /opt/st/stm32cubeide_1.0.2/plugins/com.st.stm32cube.ide.mcu.externaltools.gnu-tools-for-stm32.7-2018-q2-update.linux64_1.0.0.201904181610/tools/bin/../lib/gcc/arm-none-eabi/7.3.1/../../../../arm-none-eabi/lib/thumb/v6-m/libc_nano.a(lib_a-init.o)
 .ARM.attributes
                0x0000000000000461       0x2c /opt/st/stm32cubeide_1.0.2/plugins/com.st.stm32cube.ide.mcu.externaltools.gnu-tools-for-stm32.7-2018-q2-update.linux64_1.0.0.201904181610/tools/bin/../lib/gcc/arm-none-eabi/7.3.1/../../../../arm-none-eabi/lib/thumb/v6-m/libc_nano.a(lib_a-memset.o)
 .ARM.attributes
                0x000000000000048d       0x2c /opt/st/stm32cubeide_1.0.2/plugins/com.st.stm32cube.ide.mcu.externaltools.gnu-tools-for-stm32.7-2018-q2-update.linux64_1.0.0.201904181610/tools/bin/../lib/gcc/arm-none-eabi/7.3.1/../../../../arm-none-eabi/lib/thumb/v6-m/libc_nano.a(lib_a-sprintf.o)
 .ARM.attributes
                0x00000000000004b9       0x1c /opt/st/stm32cubeide_1.0.2/plugins/com.st.stm32cube.ide.mcu.externaltools.gnu-tools-for-stm32.7-2018-q2-update.linux64_1.0.0.201904181610/tools/bin/../lib/gcc/arm-none-eabi/7.3.1/../../../../arm-none-eabi/lib/thumb/v6-m/libc_nano.a(lib_a-strlen.o)
 .ARM.attributes
                0x00000000000004d5       0x2c /opt/st/stm32cubeide_1.0.2/plugins/com.st.stm32cube.ide.mcu.externaltools.gnu-tools-for-stm32.7-2018-q2-update.linux64_1.0.0.201904181610/tools/bin/../lib/gcc/arm-none-eabi/7.3.1/../../../../arm-none-eabi/lib/thumb/v6-m/libc_nano.a(lib_a-nano-svfprintf.o)
 .ARM.attributes
                0x0000000000000501       0x2c /opt/st/stm32cubeide_1.0.2/plugins/com.st.stm32cube.ide.mcu.externaltools.gnu-tools-for-stm32.7-2018-q2-update.linux64_1.0.0.201904181610/tools/bin/../lib/gcc/arm-none-eabi/7.3.1/../../../../arm-none-eabi/lib/thumb/v6-m/libc_nano.a(lib_a-nano-vfprintf_i.o)
 .ARM.attributes
                0x000000000000052d       0x2c /opt/st/stm32cubeide_1.0.2/plugins/com.st.stm32cube.ide.mcu.externaltools.gnu-tools-for-stm32.7-2018-q2-update.linux64_1.0.0.201904181610/tools/bin/../lib/gcc/arm-none-eabi/7.3.1/../../../../arm-none-eabi/lib/thumb/v6-m/libc_nano.a(lib_a-memchr-stub.o)
 .ARM.attributes
                0x0000000000000559       0x2c /opt/st/stm32cubeide_1.0.2/plugins/com.st.stm32cube.ide.mcu.externaltools.gnu-tools-for-stm32.7-2018-q2-update.linux64_1.0.0.201904181610/tools/bin/../lib/gcc/arm-none-eabi/7.3.1/../../../../arm-none-eabi/lib/thumb/v6-m/libc_nano.a(lib_a-memcpy-stub.o)
 .ARM.attributes
                0x0000000000000585       0x2c /opt/st/stm32cubeide_1.0.2/plugins/com.st.stm32cube.ide.mcu.externaltools.gnu-tools-for-stm32.7-2018-q2-update.linux64_1.0.0.201904181610/tools/bin/../lib/gcc/arm-none-eabi/7.3.1/../../../../arm-none-eabi/lib/thumb/v6-m/libc_nano.a(lib_a-memmove.o)
 .ARM.attributes
                0x00000000000005b1       0x2c /opt/st/stm32cubeide_1.0.2/plugins/com.st.stm32cube.ide.mcu.externaltools.gnu-tools-for-stm32.7-2018-q2-update.linux64_1.0.0.201904181610/tools/bin/../lib/gcc/arm-none-eabi/7.3.1/../../../../arm-none-eabi/lib/thumb/v6-m/libc_nano.a(lib_a-nano-freer.o)
 .ARM.attributes
                0x00000000000005dd       0x2c /opt/st/stm32cubeide_1.0.2/plugins/com.st.stm32cube.ide.mcu.externaltools.gnu-tools-for-stm32.7-2018-q2-update.linux64_1.0.0.201904181610/tools/bin/../lib/gcc/arm-none-eabi/7.3.1/../../../../arm-none-eabi/lib/thumb/v6-m/libc_nano.a(lib_a-nano-mallocr.o)
 .ARM.attributes
                0x0000000000000609       0x2c /opt/st/stm32cubeide_1.0.2/plugins/com.st.stm32cube.ide.mcu.externaltools.gnu-tools-for-stm32.7-2018-q2-update.linux64_1.0.0.201904181610/tools/bin/../lib/gcc/arm-none-eabi/7.3.1/../../../../arm-none-eabi/lib/thumb/v6-m/libc_nano.a(lib_a-nano-reallocr.o)
 .ARM.attributes
                0x0000000000000635       0x2c /opt/st/stm32cubeide_1.0.2/plugins/com.st.stm32cube.ide.mcu.externaltools.gnu-tools-for-stm32.7-2018-q2-update.linux64_1.0.0.201904181610/tools/bin/../lib/gcc/arm-none-eabi/7.3.1/../../../../arm-none-eabi/lib/thumb/v6-m/libc_nano.a(lib_a-sbrkr.o)
 .ARM.attributes
                0x0000000000000661       0x2c /opt/st/stm32cubeide_1.0.2/plugins/com.st.stm32cube.ide.mcu.externaltools.gnu-tools-for-stm32.7-2018-q2-update.linux64_1.0.0.201904181610/tools/bin/../lib/gcc/arm-none-eabi/7.3.1/../../../../arm-none-eabi/lib/thumb/v6-m/libc_nano.a(lib_a-mlock.o)
 .ARM.attributes
                0x000000000000068d       0x2c /opt/st/stm32cubeide_1.0.2/plugins/com.st.stm32cube.ide.mcu.externaltools.gnu-tools-for-stm32.7-2018-q2-update.linux64_1.0.0.201904181610/tools/bin/../lib/gcc/arm-none-eabi/7.3.1/../../../../arm-none-eabi/lib/thumb/v6-m/libc_nano.a(lib_a-nano-msizer.o)
 .ARM.attributes
                0x00000000000006b9       0x2c /opt/st/stm32cubeide_1.0.2/plugins/com.st.stm32cube.ide.mcu.externaltools.gnu-tools-for-stm32.7-2018-q2-update.linux64_1.0.0.201904181610/tools/bin/../lib/gcc/arm-none-eabi/7.3.1/../../../../arm-none-eabi/lib/thumb/v6-m/libc_nano.a(lib_a-reent.o)
 .ARM.attributes
                0x00000000000006e5       0x1e /opt/st/stm32cubeide_1.0.2/plugins/com.st.stm32cube.ide.mcu.externaltools.gnu-tools-for-stm32.7-2018-q2-update.linux64_1.0.0.201904181610/tools/bin/../lib/gcc/arm-none-eabi/7.3.1/thumb/v6-m/libgcc.a(_udivsi3.o)
 .ARM.attributes
                0x0000000000000703       0x1e /opt/st/stm32cubeide_1.0.2/plugins/com.st.stm32cube.ide.mcu.externaltools.gnu-tools-for-stm32.7-2018-q2-update.linux64_1.0.0.201904181610/tools/bin/../lib/gcc/arm-none-eabi/7.3.1/thumb/v6-m/libgcc.a(_dvmd_tls.o)
 .ARM.attributes
                0x0000000000000721       0x2c /opt/st/stm32cubeide_1.0.2/plugins/com.st.stm32cube.ide.mcu.externaltools.gnu-tools-for-stm32.7-2018-q2-update.linux64_1.0.0.201904181610/tools/bin/../lib/gcc/arm-none-eabi/7.3.1/thumb/v6-m/libgcc.a(_fixunsdfsi.o)
 .ARM.attributes
                0x000000000000074d       0x2c /opt/st/stm32cubeide_1.0.2/plugins/com.st.stm32cube.ide.mcu.externaltools.gnu-tools-for-stm32.7-2018-q2-update.linux64_1.0.0.201904181610/tools/bin/../lib/gcc/arm-none-eabi/7.3.1/thumb/v6-m/libgcc.a(muldf3.o)
 .ARM.attributes
                0x0000000000000779       0x2c /opt/st/stm32cubeide_1.0.2/plugins/com.st.stm32cube.ide.mcu.externaltools.gnu-tools-for-stm32.7-2018-q2-update.linux64_1.0.0.201904181610/tools/bin/../lib/gcc/arm-none-eabi/7.3.1/thumb/v6-m/libgcc.a(subdf3.o)
 .ARM.attributes
                0x00000000000007a5       0x2c /opt/st/stm32cubeide_1.0.2/plugins/com.st.stm32cube.ide.mcu.externaltools.gnu-tools-for-stm32.7-2018-q2-update.linux64_1.0.0.201904181610/tools/bin/../lib/gcc/arm-none-eabi/7.3.1/thumb/v6-m/libgcc.a(fixdfsi.o)
 .ARM.attributes
                0x00000000000007d1       0x2c /opt/st/stm32cubeide_1.0.2/plugins/com.st.stm32cube.ide.mcu.externaltools.gnu-tools-for-stm32.7-2018-q2-update.linux64_1.0.0.201904181610/tools/bin/../lib/gcc/arm-none-eabi/7.3.1/thumb/v6-m/libgcc.a(floatunsidf.o)
 .ARM.attributes
                0x00000000000007fd       0x1e /opt/st/stm32cubeide_1.0.2/plugins/com.st.stm32cube.ide.mcu.externaltools.gnu-tools-for-stm32.7-2018-q2-update.linux64_1.0.0.201904181610/tools/bin/../lib/gcc/arm-none-eabi/7.3.1/thumb/v6-m/libgcc.a(_arm_cmpdf2.o)
 .ARM.attributes
                0x000000000000081b       0x1e /opt/st/stm32cubeide_1.0.2/plugins/com.st.stm32cube.ide.mcu.externaltools.gnu-tools-for-stm32.7-2018-q2-update.linux64_1.0.0.201904181610/tools/bin/../lib/gcc/arm-none-eabi/7.3.1/thumb/v6-m/libgcc.a(_clzsi2.o)
 .ARM.attributes
                0x0000000000000839       0x2c /opt/st/stm32cubeide_1.0.2/plugins/com.st.stm32cube.ide.mcu.externaltools.gnu-tools-for-stm32.7-2018-q2-update.linux64_1.0.0.201904181610/tools/bin/../lib/gcc/arm-none-eabi/7.3.1/thumb/v6-m/libgcc.a(eqdf2.o)
 .ARM.attributes
                0x0000000000000865       0x2c /opt/st/stm32cubeide_1.0.2/plugins/com.st.stm32cube.ide.mcu.externaltools.gnu-tools-for-stm32.7-2018-q2-update.linux64_1.0.0.201904181610/tools/bin/../lib/gcc/arm-none-eabi/7.3.1/thumb/v6-m/libgcc.a(gedf2.o)
 .ARM.attributes
                0x0000000000000891       0x2c /opt/st/stm32cubeide_1.0.2/plugins/com.st.stm32cube.ide.mcu.externaltools.gnu-tools-for-stm32.7-2018-q2-update.linux64_1.0.0.201904181610/tools/bin/../lib/gcc/arm-none-eabi/7.3.1/thumb/v6-m/libgcc.a(ledf2.o)
 .ARM.attributes
                0x00000000000008bd       0x1e /opt/st/stm32cubeide_1.0.2/plugins/com.st.stm32cube.ide.mcu.externaltools.gnu-tools-for-stm32.7-2018-q2-update.linux64_1.0.0.201904181610/tools/bin/../lib/gcc/arm-none-eabi/7.3.1/thumb/v6-m/crtn.o
OUTPUT(SD.elf elf32-littlearm)

.debug_info     0x0000000000000000    0x13879
 .debug_info    0x0000000000000000      0xddb Drivers/STM32F0xx_HAL_Driver/Src/stm32f0xx_hal.o
 .debug_info    0x0000000000000ddb      0xf27 Drivers/STM32F0xx_HAL_Driver/Src/stm32f0xx_hal_cortex.o
 .debug_info    0x0000000000001d02      0xe52 Drivers/STM32F0xx_HAL_Driver/Src/stm32f0xx_hal_gpio.o
 .debug_info    0x0000000000002b54      0xf9b Drivers/STM32F0xx_HAL_Driver/Src/stm32f0xx_hal_rcc.o
 .debug_info    0x0000000000003aef      0xb95 Drivers/STM32F0xx_HAL_Driver/Src/stm32f0xx_hal_rcc_ex.o
 .debug_info    0x0000000000004684     0x1d84 Drivers/STM32F0xx_HAL_Driver/Src/stm32f0xx_hal_spi.o
 .debug_info    0x0000000000006408     0x1b51 Drivers/STM32F0xx_HAL_Driver/Src/stm32f0xx_hal_uart.o
 .debug_info    0x0000000000007f59      0xc4e Middlewares/Third_Party/FatFs/src/diskio.o
 .debug_info    0x0000000000008ba7     0x28c1 Middlewares/Third_Party/FatFs/src/ff.o
 .debug_info    0x000000000000b468      0xbe6 Middlewares/Third_Party/FatFs/src/ff_gen_drv.o
 .debug_info    0x000000000000c04e      0xd21 Src/fatfs.o
 .debug_info    0x000000000000cd6f     0x138f Src/fatfs_sd.o
 .debug_info    0x000000000000e0fe     0x1ad7 Src/main.o
 .debug_info    0x000000000000fbd5     0x13c3 Src/stm32f0xx_hal_msp.o
 .debug_info    0x0000000000010f98      0x9a3 Src/stm32f0xx_it.o
 .debug_info    0x000000000001193b      0x91c Src/sysmem.o
 .debug_info    0x0000000000012257      0xa60 Src/system_stm32f0xx.o
 .debug_info    0x0000000000012cb7      0xba0 Src/user_diskio.o
 .debug_info    0x0000000000013857       0x22 Startup/startup_stm32f051r8tx.o

.debug_abbrev   0x0000000000000000     0x29c6
 .debug_abbrev  0x0000000000000000      0x26b Drivers/STM32F0xx_HAL_Driver/Src/stm32f0xx_hal.o
 .debug_abbrev  0x000000000000026b      0x314 Drivers/STM32F0xx_HAL_Driver/Src/stm32f0xx_hal_cortex.o
 .debug_abbrev  0x000000000000057f      0x251 Drivers/STM32F0xx_HAL_Driver/Src/stm32f0xx_hal_gpio.o
 .debug_abbrev  0x00000000000007d0      0x286 Drivers/STM32F0xx_HAL_Driver/Src/stm32f0xx_hal_rcc.o
 .debug_abbrev  0x0000000000000a56      0x228 Drivers/STM32F0xx_HAL_Driver/Src/stm32f0xx_hal_rcc_ex.o
 .debug_abbrev  0x0000000000000c7e      0x299 Drivers/STM32F0xx_HAL_Driver/Src/stm32f0xx_hal_spi.o
 .debug_abbrev  0x0000000000000f17      0x276 Drivers/STM32F0xx_HAL_Driver/Src/stm32f0xx_hal_uart.o
 .debug_abbrev  0x000000000000118d      0x209 Middlewares/Third_Party/FatFs/src/diskio.o
 .debug_abbrev  0x0000000000001396      0x2e1 Middlewares/Third_Party/FatFs/src/ff.o
 .debug_abbrev  0x0000000000001677      0x236 Middlewares/Third_Party/FatFs/src/ff_gen_drv.o
 .debug_abbrev  0x00000000000018ad      0x201 Src/fatfs.o
 .debug_abbrev  0x0000000000001aae      0x2c4 Src/fatfs_sd.o
 .debug_abbrev  0x0000000000001d72      0x337 Src/main.o
 .debug_abbrev  0x00000000000020a9      0x1ee Src/stm32f0xx_hal_msp.o
 .debug_abbrev  0x0000000000002297      0x1a4 Src/stm32f0xx_it.o
 .debug_abbrev  0x000000000000243b      0x1bb Src/sysmem.o
 .debug_abbrev  0x00000000000025f6      0x1cd Src/system_stm32f0xx.o
 .debug_abbrev  0x00000000000027c3      0x1f1 Src/user_diskio.o
 .debug_abbrev  0x00000000000029b4       0x12 Startup/startup_stm32f051r8tx.o

.debug_aranges  0x0000000000000000      0xb00
 .debug_aranges
                0x0000000000000000       0xb8 Drivers/STM32F0xx_HAL_Driver/Src/stm32f0xx_hal.o
 .debug_aranges
                0x00000000000000b8       0xc0 Drivers/STM32F0xx_HAL_Driver/Src/stm32f0xx_hal_cortex.o
 .debug_aranges
                0x0000000000000178       0x58 Drivers/STM32F0xx_HAL_Driver/Src/stm32f0xx_hal_gpio.o
 .debug_aranges
                0x00000000000001d0       0x80 Drivers/STM32F0xx_HAL_Driver/Src/stm32f0xx_hal_rcc.o
 .debug_aranges
                0x0000000000000250       0x30 Drivers/STM32F0xx_HAL_Driver/Src/stm32f0xx_hal_rcc_ex.o
 .debug_aranges
                0x0000000000000280      0x1d8 Drivers/STM32F0xx_HAL_Driver/Src/stm32f0xx_hal_spi.o
 .debug_aranges
                0x0000000000000458      0x1d8 Drivers/STM32F0xx_HAL_Driver/Src/stm32f0xx_hal_uart.o
 .debug_aranges
                0x0000000000000630       0x48 Middlewares/Third_Party/FatFs/src/diskio.o
 .debug_aranges
                0x0000000000000678      0x1e8 Middlewares/Third_Party/FatFs/src/ff.o
 .debug_aranges
                0x0000000000000860       0x40 Middlewares/Third_Party/FatFs/src/ff_gen_drv.o
 .debug_aranges
                0x00000000000008a0       0x28 Src/fatfs.o
 .debug_aranges
                0x00000000000008c8       0xa0 Src/fatfs_sd.o
 .debug_aranges
                0x0000000000000968       0x60 Src/main.o
 .debug_aranges
                0x00000000000009c8       0x40 Src/stm32f0xx_hal_msp.o
 .debug_aranges
                0x0000000000000a08       0x48 Src/stm32f0xx_it.o
 .debug_aranges
                0x0000000000000a50       0x20 Src/sysmem.o
 .debug_aranges
                0x0000000000000a70       0x28 Src/system_stm32f0xx.o
 .debug_aranges
                0x0000000000000a98       0x40 Src/user_diskio.o
 .debug_aranges
                0x0000000000000ad8       0x28 Startup/startup_stm32f051r8tx.o

.debug_ranges   0x0000000000000000      0x9d8
 .debug_ranges  0x0000000000000000       0xa8 Drivers/STM32F0xx_HAL_Driver/Src/stm32f0xx_hal.o
 .debug_ranges  0x00000000000000a8       0xb0 Drivers/STM32F0xx_HAL_Driver/Src/stm32f0xx_hal_cortex.o
 .debug_ranges  0x0000000000000158       0x48 Drivers/STM32F0xx_HAL_Driver/Src/stm32f0xx_hal_gpio.o
 .debug_ranges  0x00000000000001a0       0x70 Drivers/STM32F0xx_HAL_Driver/Src/stm32f0xx_hal_rcc.o
 .debug_ranges  0x0000000000000210       0x20 Drivers/STM32F0xx_HAL_Driver/Src/stm32f0xx_hal_rcc_ex.o
 .debug_ranges  0x0000000000000230      0x1c8 Drivers/STM32F0xx_HAL_Driver/Src/stm32f0xx_hal_spi.o
 .debug_ranges  0x00000000000003f8      0x1c8 Drivers/STM32F0xx_HAL_Driver/Src/stm32f0xx_hal_uart.o
 .debug_ranges  0x00000000000005c0       0x38 Middlewares/Third_Party/FatFs/src/diskio.o
 .debug_ranges  0x00000000000005f8      0x1d8 Middlewares/Third_Party/FatFs/src/ff.o
 .debug_ranges  0x00000000000007d0       0x30 Middlewares/Third_Party/FatFs/src/ff_gen_drv.o
 .debug_ranges  0x0000000000000800       0x18 Src/fatfs.o
 .debug_ranges  0x0000000000000818       0x90 Src/fatfs_sd.o
 .debug_ranges  0x00000000000008a8       0x50 Src/main.o
 .debug_ranges  0x00000000000008f8       0x30 Src/stm32f0xx_hal_msp.o
 .debug_ranges  0x0000000000000928       0x38 Src/stm32f0xx_it.o
 .debug_ranges  0x0000000000000960       0x10 Src/sysmem.o
 .debug_ranges  0x0000000000000970       0x18 Src/system_stm32f0xx.o
 .debug_ranges  0x0000000000000988       0x30 Src/user_diskio.o
 .debug_ranges  0x00000000000009b8       0x20 Startup/startup_stm32f051r8tx.o

.debug_macro    0x0000000000000000    0x10dd1
 .debug_macro   0x0000000000000000      0x32c Drivers/STM32F0xx_HAL_Driver/Src/stm32f0xx_hal.o
 .debug_macro   0x000000000000032c      0xa48 Drivers/STM32F0xx_HAL_Driver/Src/stm32f0xx_hal.o
 .debug_macro   0x0000000000000d74       0xb1 Drivers/STM32F0xx_HAL_Driver/Src/stm32f0xx_hal.o
 .debug_macro   0x0000000000000e25       0x2e Drivers/STM32F0xx_HAL_Driver/Src/stm32f0xx_hal.o
 .debug_macro   0x0000000000000e53       0x22 Drivers/STM32F0xx_HAL_Driver/Src/stm32f0xx_hal.o
 .debug_macro   0x0000000000000e75       0x22 Drivers/STM32F0xx_HAL_Driver/Src/stm32f0xx_hal.o
 .debug_macro   0x0000000000000e97       0x8e Drivers/STM32F0xx_HAL_Driver/Src/stm32f0xx_hal.o
 .debug_macro   0x0000000000000f25       0x51 Drivers/STM32F0xx_HAL_Driver/Src/stm32f0xx_hal.o
 .debug_macro   0x0000000000000f76       0xef Drivers/STM32F0xx_HAL_Driver/Src/stm32f0xx_hal.o
 .debug_macro   0x0000000000001065       0x6a Drivers/STM32F0xx_HAL_Driver/Src/stm32f0xx_hal.o
 .debug_macro   0x00000000000010cf      0x1df Drivers/STM32F0xx_HAL_Driver/Src/stm32f0xx_hal.o
 .debug_macro   0x00000000000012ae       0x34 Drivers/STM32F0xx_HAL_Driver/Src/stm32f0xx_hal.o
 .debug_macro   0x00000000000012e2       0x26 Drivers/STM32F0xx_HAL_Driver/Src/stm32f0xx_hal.o
 .debug_macro   0x0000000000001308      0x30d Drivers/STM32F0xx_HAL_Driver/Src/stm32f0xx_hal.o
 .debug_macro   0x0000000000001615     0x8d15 Drivers/STM32F0xx_HAL_Driver/Src/stm32f0xx_hal.o
 .debug_macro   0x000000000000a32a       0x3c Drivers/STM32F0xx_HAL_Driver/Src/stm32f0xx_hal.o
 .debug_macro   0x000000000000a366       0x46 Drivers/STM32F0xx_HAL_Driver/Src/stm32f0xx_hal.o
 .debug_macro   0x000000000000a3ac       0x18 Drivers/STM32F0xx_HAL_Driver/Src/stm32f0xx_hal.o
 .debug_macro   0x000000000000a3c4       0x3c Drivers/STM32F0xx_HAL_Driver/Src/stm32f0xx_hal.o
 .debug_macro   0x000000000000a400       0x34 Drivers/STM32F0xx_HAL_Driver/Src/stm32f0xx_hal.o
 .debug_macro   0x000000000000a434       0x16 Drivers/STM32F0xx_HAL_Driver/Src/stm32f0xx_hal.o
 .debug_macro   0x000000000000a44a       0x97 Drivers/STM32F0xx_HAL_Driver/Src/stm32f0xx_hal.o
 .debug_macro   0x000000000000a4e1      0x330 Drivers/STM32F0xx_HAL_Driver/Src/stm32f0xx_hal.o
 .debug_macro   0x000000000000a811       0xfd Drivers/STM32F0xx_HAL_Driver/Src/stm32f0xx_hal.o
 .debug_macro   0x000000000000a90e       0x10 Drivers/STM32F0xx_HAL_Driver/Src/stm32f0xx_hal.o
 .debug_macro   0x000000000000a91e       0x52 Drivers/STM32F0xx_HAL_Driver/Src/stm32f0xx_hal.o
 .debug_macro   0x000000000000a970       0x1f Drivers/STM32F0xx_HAL_Driver/Src/stm32f0xx_hal.o
 .debug_macro   0x000000000000a98f       0x43 Drivers/STM32F0xx_HAL_Driver/Src/stm32f0xx_hal.o
 .debug_macro   0x000000000000a9d2       0x20 Drivers/STM32F0xx_HAL_Driver/Src/stm32f0xx_hal.o
 .debug_macro   0x000000000000a9f2      0x1a3 Drivers/STM32F0xx_HAL_Driver/Src/stm32f0xx_hal.o
 .debug_macro   0x000000000000ab95       0x10 Drivers/STM32F0xx_HAL_Driver/Src/stm32f0xx_hal.o
 .debug_macro   0x000000000000aba5       0x1c Drivers/STM32F0xx_HAL_Driver/Src/stm32f0xx_hal.o
 .debug_macro   0x000000000000abc1       0x52 Drivers/STM32F0xx_HAL_Driver/Src/stm32f0xx_hal.o
 .debug_macro   0x000000000000ac13       0x40 Drivers/STM32F0xx_HAL_Driver/Src/stm32f0xx_hal.o
 .debug_macro   0x000000000000ac53       0x10 Drivers/STM32F0xx_HAL_Driver/Src/stm32f0xx_hal.o
 .debug_macro   0x000000000000ac63       0x40 Drivers/STM32F0xx_HAL_Driver/Src/stm32f0xx_hal.o
 .debug_macro   0x000000000000aca3       0xd7 Drivers/STM32F0xx_HAL_Driver/Src/stm32f0xx_hal.o
 .debug_macro   0x000000000000ad7a       0x1c Drivers/STM32F0xx_HAL_Driver/Src/stm32f0xx_hal.o
 .debug_macro   0x000000000000ad96       0x3d Drivers/STM32F0xx_HAL_Driver/Src/stm32f0xx_hal.o
 .debug_macro   0x000000000000add3       0x16 Drivers/STM32F0xx_HAL_Driver/Src/stm32f0xx_hal.o
 .debug_macro   0x000000000000ade9      0x145 Drivers/STM32F0xx_HAL_Driver/Src/stm32f0xx_hal.o
 .debug_macro   0x000000000000af2e       0x50 Drivers/STM32F0xx_HAL_Driver/Src/stm32f0xx_hal.o
 .debug_macro   0x000000000000af7e      0x92f Drivers/STM32F0xx_HAL_Driver/Src/stm32f0xx_hal.o
 .debug_macro   0x000000000000b8ad      0x252 Drivers/STM32F0xx_HAL_Driver/Src/stm32f0xx_hal.o
 .debug_macro   0x000000000000baff      0x13a Drivers/STM32F0xx_HAL_Driver/Src/stm32f0xx_hal.o
 .debug_macro   0x000000000000bc39      0x114 Drivers/STM32F0xx_HAL_Driver/Src/stm32f0xx_hal.o
 .debug_macro   0x000000000000bd4d      0x1ed Drivers/STM32F0xx_HAL_Driver/Src/stm32f0xx_hal.o
 .debug_macro   0x000000000000bf3a       0x34 Drivers/STM32F0xx_HAL_Driver/Src/stm32f0xx_hal.o
 .debug_macro   0x000000000000bf6e       0x43 Drivers/STM32F0xx_HAL_Driver/Src/stm32f0xx_hal.o
 .debug_macro   0x000000000000bfb1       0x28 Drivers/STM32F0xx_HAL_Driver/Src/stm32f0xx_hal.o
 .debug_macro   0x000000000000bfd9       0xb6 Drivers/STM32F0xx_HAL_Driver/Src/stm32f0xx_hal.o
 .debug_macro   0x000000000000c08f      0x199 Drivers/STM32F0xx_HAL_Driver/Src/stm32f0xx_hal.o
 .debug_macro   0x000000000000c228      0x202 Drivers/STM32F0xx_HAL_Driver/Src/stm32f0xx_hal.o
 .debug_macro   0x000000000000c42a       0x61 Drivers/STM32F0xx_HAL_Driver/Src/stm32f0xx_hal.o
 .debug_macro   0x000000000000c48b       0x90 Drivers/STM32F0xx_HAL_Driver/Src/stm32f0xx_hal.o
 .debug_macro   0x000000000000c51b       0x4d Drivers/STM32F0xx_HAL_Driver/Src/stm32f0xx_hal.o
 .debug_macro   0x000000000000c568      0x114 Drivers/STM32F0xx_HAL_Driver/Src/stm32f0xx_hal.o
 .debug_macro   0x000000000000c67c      0x2f0 Drivers/STM32F0xx_HAL_Driver/Src/stm32f0xx_hal.o
 .debug_macro   0x000000000000c96c      0x38a Drivers/STM32F0xx_HAL_Driver/Src/stm32f0xx_hal.o
 .debug_macro   0x000000000000ccf6      0x1f7 Drivers/STM32F0xx_HAL_Driver/Src/stm32f0xx_hal.o
 .debug_macro   0x000000000000ceed      0x10d Drivers/STM32F0xx_HAL_Driver/Src/stm32f0xx_hal.o
 .debug_macro   0x000000000000cffa      0x308 Drivers/STM32F0xx_HAL_Driver/Src/stm32f0xx_hal_cortex.o
 .debug_macro   0x000000000000d302      0x340 Drivers/STM32F0xx_HAL_Driver/Src/stm32f0xx_hal_gpio.o
 .debug_macro   0x000000000000d642      0x31a Drivers/STM32F0xx_HAL_Driver/Src/stm32f0xx_hal_rcc.o
 .debug_macro   0x000000000000d95c      0x308 Drivers/STM32F0xx_HAL_Driver/Src/stm32f0xx_hal_rcc_ex.o
 .debug_macro   0x000000000000dc64      0x310 Drivers/STM32F0xx_HAL_Driver/Src/stm32f0xx_hal_spi.o
 .debug_macro   0x000000000000df74      0x310 Drivers/STM32F0xx_HAL_Driver/Src/stm32f0xx_hal_uart.o
 .debug_macro   0x000000000000e284      0x357 Middlewares/Third_Party/FatFs/src/diskio.o
 .debug_macro   0x000000000000e5db       0x16 Middlewares/Third_Party/FatFs/src/diskio.o
 .debug_macro   0x000000000000e5f1       0x7c Middlewares/Third_Party/FatFs/src/diskio.o
 .debug_macro   0x000000000000e66d       0x10 Middlewares/Third_Party/FatFs/src/diskio.o
 .debug_macro   0x000000000000e67d       0xd8 Middlewares/Third_Party/FatFs/src/diskio.o
 .debug_macro   0x000000000000e755       0xee Middlewares/Third_Party/FatFs/src/diskio.o
 .debug_macro   0x000000000000e843      0x59e Middlewares/Third_Party/FatFs/src/ff.o
 .debug_macro   0x000000000000ede1       0x8e Middlewares/Third_Party/FatFs/src/ff.o
 .debug_macro   0x000000000000ee6f       0x4c Middlewares/Third_Party/FatFs/src/ff.o
 .debug_macro   0x000000000000eebb      0x357 Middlewares/Third_Party/FatFs/src/ff_gen_drv.o
 .debug_macro   0x000000000000f212      0x36a Src/fatfs.o
 .debug_macro   0x000000000000f57c      0x347 Src/fatfs_sd.o
 .debug_macro   0x000000000000f8c3       0x6a Src/fatfs_sd.o
 .debug_macro   0x000000000000f92d      0x3ab Src/main.o
 .debug_macro   0x000000000000fcd8       0x16 Src/main.o
 .debug_macro   0x000000000000fcee       0x20 Src/main.o
 .debug_macro   0x000000000000fd0e      0x317 Src/stm32f0xx_hal_msp.o
 .debug_macro   0x0000000000010025      0x321 Src/stm32f0xx_it.o
 .debug_macro   0x0000000000010346      0x1ae Src/sysmem.o
 .debug_macro   0x00000000000104f4      0x23b Src/sysmem.o
 .debug_macro   0x000000000001072f      0x308 Src/system_stm32f0xx.o
 .debug_macro   0x0000000000010a37      0x38a Src/user_diskio.o
 .debug_macro   0x0000000000010dc1       0x10 Src/user_diskio.o

.debug_line     0x0000000000000000     0xc6c1
 .debug_line    0x0000000000000000      0x997 Drivers/STM32F0xx_HAL_Driver/Src/stm32f0xx_hal.o
 .debug_line    0x0000000000000997      0x9e9 Drivers/STM32F0xx_HAL_Driver/Src/stm32f0xx_hal_cortex.o
 .debug_line    0x0000000000001380      0x99d Drivers/STM32F0xx_HAL_Driver/Src/stm32f0xx_hal_gpio.o
 .debug_line    0x0000000000001d1d      0xa77 Drivers/STM32F0xx_HAL_Driver/Src/stm32f0xx_hal_rcc.o
 .debug_line    0x0000000000002794      0x918 Drivers/STM32F0xx_HAL_Driver/Src/stm32f0xx_hal_rcc_ex.o
 .debug_line    0x00000000000030ac     0x1291 Drivers/STM32F0xx_HAL_Driver/Src/stm32f0xx_hal_spi.o
 .debug_line    0x000000000000433d     0x118d Drivers/STM32F0xx_HAL_Driver/Src/stm32f0xx_hal_uart.o
 .debug_line    0x00000000000054ca      0x8d3 Middlewares/Third_Party/FatFs/src/diskio.o
 .debug_line    0x0000000000005d9d     0x1a64 Middlewares/Third_Party/FatFs/src/ff.o
 .debug_line    0x0000000000007801      0x8cd Middlewares/Third_Party/FatFs/src/ff_gen_drv.o
 .debug_line    0x00000000000080ce      0x89f Src/fatfs.o
 .debug_line    0x000000000000896d      0xb7d Src/fatfs_sd.o
 .debug_line    0x00000000000094ea      0x9da Src/main.o
 .debug_line    0x0000000000009ec4      0x87c Src/stm32f0xx_hal_msp.o
 .debug_line    0x000000000000a740      0x88a Src/stm32f0xx_it.o
 .debug_line    0x000000000000afca      0x52c Src/sysmem.o
 .debug_line    0x000000000000b4f6      0x845 Src/system_stm32f0xx.o
 .debug_line    0x000000000000bd3b      0x901 Src/user_diskio.o
 .debug_line    0x000000000000c63c       0x85 Startup/startup_stm32f051r8tx.o

.debug_str      0x0000000000000000    0x5238a
 .debug_str     0x0000000000000000    0x4e7cd Drivers/STM32F0xx_HAL_Driver/Src/stm32f0xx_hal.o
                                      0x4eaf1 (size before relaxing)
 .debug_str     0x000000000004e7cd      0x220 Drivers/STM32F0xx_HAL_Driver/Src/stm32f0xx_hal_cortex.o
                                      0x4e9db (size before relaxing)
 .debug_str     0x000000000004e9ed      0x294 Drivers/STM32F0xx_HAL_Driver/Src/stm32f0xx_hal_gpio.o
                                      0x4e89b (size before relaxing)
 .debug_str     0x000000000004ec81      0x345 Drivers/STM32F0xx_HAL_Driver/Src/stm32f0xx_hal_rcc.o
                                      0x4e9d8 (size before relaxing)
 .debug_str     0x000000000004efc6      0x139 Drivers/STM32F0xx_HAL_Driver/Src/stm32f0xx_hal_rcc_ex.o
                                      0x4e747 (size before relaxing)
 .debug_str     0x000000000004f0ff      0x8f9 Drivers/STM32F0xx_HAL_Driver/Src/stm32f0xx_hal_spi.o
                                      0x4eef8 (size before relaxing)
 .debug_str     0x000000000004f9f8      0x881 Drivers/STM32F0xx_HAL_Driver/Src/stm32f0xx_hal_uart.o
                                      0x4f12c (size before relaxing)
 .debug_str     0x0000000000050279      0x869 Middlewares/Third_Party/FatFs/src/diskio.o
                                      0x4ee01 (size before relaxing)
 .debug_str     0x0000000000050ae2      0xdd5 Middlewares/Third_Party/FatFs/src/ff.o
                                      0x4fbbb (size before relaxing)
 .debug_str     0x00000000000518b7       0xa2 Middlewares/Third_Party/FatFs/src/ff_gen_drv.o
                                      0x4ee52 (size before relaxing)
 .debug_str     0x0000000000051959       0x69 Src/fatfs.o
                                      0x4eebe (size before relaxing)
 .debug_str     0x00000000000519c2      0x24f Src/fatfs_sd.o
                                      0x4ede3 (size before relaxing)
 .debug_str     0x0000000000051c11      0x13f Src/main.o
                                      0x4fab2 (size before relaxing)
 .debug_str     0x0000000000051d50       0x1b Src/stm32f0xx_hal_msp.o
                                      0x4ecc7 (size before relaxing)
 .debug_str     0x0000000000051d6b       0x8a Src/stm32f0xx_it.o
                                      0x4e614 (size before relaxing)
 .debug_str     0x0000000000051df5      0x4b9 Src/sysmem.o
                                       0x7a36 (size before relaxing)
 .debug_str     0x00000000000522ae       0x5a Src/system_stm32f0xx.o
                                      0x4e5f4 (size before relaxing)
 .debug_str     0x0000000000052308       0x51 Src/user_diskio.o
                                      0x4ef7c (size before relaxing)
 .debug_str     0x0000000000052359       0x31 Startup/startup_stm32f051r8tx.o
                                         0x61 (size before relaxing)

.comment        0x0000000000000000       0x7b
 .comment       0x0000000000000000       0x7b Drivers/STM32F0xx_HAL_Driver/Src/stm32f0xx_hal.o
                                         0x7c (size before relaxing)
 .comment       0x000000000000007b       0x7c Drivers/STM32F0xx_HAL_Driver/Src/stm32f0xx_hal_cortex.o
 .comment       0x000000000000007b       0x7c Drivers/STM32F0xx_HAL_Driver/Src/stm32f0xx_hal_gpio.o
 .comment       0x000000000000007b       0x7c Drivers/STM32F0xx_HAL_Driver/Src/stm32f0xx_hal_rcc.o
 .comment       0x000000000000007b       0x7c Drivers/STM32F0xx_HAL_Driver/Src/stm32f0xx_hal_rcc_ex.o
 .comment       0x000000000000007b       0x7c Drivers/STM32F0xx_HAL_Driver/Src/stm32f0xx_hal_spi.o
 .comment       0x000000000000007b       0x7c Drivers/STM32F0xx_HAL_Driver/Src/stm32f0xx_hal_uart.o
 .comment       0x000000000000007b       0x7c Middlewares/Third_Party/FatFs/src/diskio.o
 .comment       0x000000000000007b       0x7c Middlewares/Third_Party/FatFs/src/ff.o
 .comment       0x000000000000007b       0x7c Middlewares/Third_Party/FatFs/src/ff_gen_drv.o
 .comment       0x000000000000007b       0x7c Src/fatfs.o
 .comment       0x000000000000007b       0x7c Src/fatfs_sd.o
 .comment       0x000000000000007b       0x7c Src/main.o
 .comment       0x000000000000007b       0x7c Src/stm32f0xx_hal_msp.o
 .comment       0x000000000000007b       0x7c Src/stm32f0xx_it.o
 .comment       0x000000000000007b       0x7c Src/sysmem.o
 .comment       0x000000000000007b       0x7c Src/system_stm32f0xx.o
 .comment       0x000000000000007b       0x7c Src/user_diskio.o

.debug_frame    0x0000000000000000     0x2aa8
 .debug_frame   0x0000000000000000      0x248 Drivers/STM32F0xx_HAL_Driver/Src/stm32f0xx_hal.o
 .debug_frame   0x0000000000000248      0x2a0 Drivers/STM32F0xx_HAL_Driver/Src/stm32f0xx_hal_cortex.o
 .debug_frame   0x00000000000004e8      0x110 Drivers/STM32F0xx_HAL_Driver/Src/stm32f0xx_hal_gpio.o
 .debug_frame   0x00000000000005f8      0x194 Drivers/STM32F0xx_HAL_Driver/Src/stm32f0xx_hal_rcc.o
 .debug_frame   0x000000000000078c       0x70 Drivers/STM32F0xx_HAL_Driver/Src/stm32f0xx_hal_rcc_ex.o
 .debug_frame   0x00000000000007fc      0x710 Drivers/STM32F0xx_HAL_Driver/Src/stm32f0xx_hal_spi.o
 .debug_frame   0x0000000000000f0c      0x710 Drivers/STM32F0xx_HAL_Driver/Src/stm32f0xx_hal_uart.o
 .debug_frame   0x000000000000161c       0xdc Middlewares/Third_Party/FatFs/src/diskio.o
 .debug_frame   0x00000000000016f8      0x7d4 Middlewares/Third_Party/FatFs/src/ff.o
 .debug_frame   0x0000000000001ecc       0xac Middlewares/Third_Party/FatFs/src/ff_gen_drv.o
 .debug_frame   0x0000000000001f78       0x48 Src/fatfs.o
 .debug_frame   0x0000000000001fc0      0x230 Src/fatfs_sd.o
 .debug_frame   0x00000000000021f0      0x124 Src/main.o
 .debug_frame   0x0000000000002314       0xb0 Src/stm32f0xx_hal_msp.o
 .debug_frame   0x00000000000023c4       0xb8 Src/stm32f0xx_it.o
 .debug_frame   0x000000000000247c       0x30 Src/sysmem.o
 .debug_frame   0x00000000000024ac       0x4c Src/system_stm32f0xx.o
 .debug_frame   0x00000000000024f8       0xb8 Src/user_diskio.o
 .debug_frame   0x00000000000025b0       0x20 /opt/st/stm32cubeide_1.0.2/plugins/com.st.stm32cube.ide.mcu.externaltools.gnu-tools-for-stm32.7-2018-q2-update.linux64_1.0.0.201904181610/tools/bin/../lib/gcc/arm-none-eabi/7.3.1/../../../../arm-none-eabi/lib/thumb/v6-m/libc_nano.a(lib_a-errno.o)
 .debug_frame   0x00000000000025d0       0x2c /opt/st/stm32cubeide_1.0.2/plugins/com.st.stm32cube.ide.mcu.externaltools.gnu-tools-for-stm32.7-2018-q2-update.linux64_1.0.0.201904181610/tools/bin/../lib/gcc/arm-none-eabi/7.3.1/../../../../arm-none-eabi/lib/thumb/v6-m/libc_nano.a(lib_a-init.o)
 .debug_frame   0x00000000000025fc       0x20 /opt/st/stm32cubeide_1.0.2/plugins/com.st.stm32cube.ide.mcu.externaltools.gnu-tools-for-stm32.7-2018-q2-update.linux64_1.0.0.201904181610/tools/bin/../lib/gcc/arm-none-eabi/7.3.1/../../../../arm-none-eabi/lib/thumb/v6-m/libc_nano.a(lib_a-memset.o)
 .debug_frame   0x000000000000261c       0x48 /opt/st/stm32cubeide_1.0.2/plugins/com.st.stm32cube.ide.mcu.externaltools.gnu-tools-for-stm32.7-2018-q2-update.linux64_1.0.0.201904181610/tools/bin/../lib/gcc/arm-none-eabi/7.3.1/../../../../arm-none-eabi/lib/thumb/v6-m/libc_nano.a(lib_a-sprintf.o)
 .debug_frame   0x0000000000002664       0x74 /opt/st/stm32cubeide_1.0.2/plugins/com.st.stm32cube.ide.mcu.externaltools.gnu-tools-for-stm32.7-2018-q2-update.linux64_1.0.0.201904181610/tools/bin/../lib/gcc/arm-none-eabi/7.3.1/../../../../arm-none-eabi/lib/thumb/v6-m/libc_nano.a(lib_a-nano-svfprintf.o)
 .debug_frame   0x00000000000026d8       0x54 /opt/st/stm32cubeide_1.0.2/plugins/com.st.stm32cube.ide.mcu.externaltools.gnu-tools-for-stm32.7-2018-q2-update.linux64_1.0.0.201904181610/tools/bin/../lib/gcc/arm-none-eabi/7.3.1/../../../../arm-none-eabi/lib/thumb/v6-m/libc_nano.a(lib_a-nano-vfprintf_i.o)
 .debug_frame   0x000000000000272c       0x20 /opt/st/stm32cubeide_1.0.2/plugins/com.st.stm32cube.ide.mcu.externaltools.gnu-tools-for-stm32.7-2018-q2-update.linux64_1.0.0.201904181610/tools/bin/../lib/gcc/arm-none-eabi/7.3.1/../../../../arm-none-eabi/lib/thumb/v6-m/libc_nano.a(lib_a-memchr-stub.o)
 .debug_frame   0x000000000000274c       0x28 /opt/st/stm32cubeide_1.0.2/plugins/com.st.stm32cube.ide.mcu.externaltools.gnu-tools-for-stm32.7-2018-q2-update.linux64_1.0.0.201904181610/tools/bin/../lib/gcc/arm-none-eabi/7.3.1/../../../../arm-none-eabi/lib/thumb/v6-m/libc_nano.a(lib_a-memcpy-stub.o)
 .debug_frame   0x0000000000002774       0x28 /opt/st/stm32cubeide_1.0.2/plugins/com.st.stm32cube.ide.mcu.externaltools.gnu-tools-for-stm32.7-2018-q2-update.linux64_1.0.0.201904181610/tools/bin/../lib/gcc/arm-none-eabi/7.3.1/../../../../arm-none-eabi/lib/thumb/v6-m/libc_nano.a(lib_a-memmove.o)
 .debug_frame   0x000000000000279c       0x2c /opt/st/stm32cubeide_1.0.2/plugins/com.st.stm32cube.ide.mcu.externaltools.gnu-tools-for-stm32.7-2018-q2-update.linux64_1.0.0.201904181610/tools/bin/../lib/gcc/arm-none-eabi/7.3.1/../../../../arm-none-eabi/lib/thumb/v6-m/libc_nano.a(lib_a-nano-freer.o)
 .debug_frame   0x00000000000027c8       0x2c /opt/st/stm32cubeide_1.0.2/plugins/com.st.stm32cube.ide.mcu.externaltools.gnu-tools-for-stm32.7-2018-q2-update.linux64_1.0.0.201904181610/tools/bin/../lib/gcc/arm-none-eabi/7.3.1/../../../../arm-none-eabi/lib/thumb/v6-m/libc_nano.a(lib_a-nano-mallocr.o)
 .debug_frame   0x00000000000027f4       0x30 /opt/st/stm32cubeide_1.0.2/plugins/com.st.stm32cube.ide.mcu.externaltools.gnu-tools-for-stm32.7-2018-q2-update.linux64_1.0.0.201904181610/tools/bin/../lib/gcc/arm-none-eabi/7.3.1/../../../../arm-none-eabi/lib/thumb/v6-m/libc_nano.a(lib_a-nano-reallocr.o)
 .debug_frame   0x0000000000002824       0x2c /opt/st/stm32cubeide_1.0.2/plugins/com.st.stm32cube.ide.mcu.externaltools.gnu-tools-for-stm32.7-2018-q2-update.linux64_1.0.0.201904181610/tools/bin/../lib/gcc/arm-none-eabi/7.3.1/../../../../arm-none-eabi/lib/thumb/v6-m/libc_nano.a(lib_a-sbrkr.o)
 .debug_frame   0x0000000000002850       0x30 /opt/st/stm32cubeide_1.0.2/plugins/com.st.stm32cube.ide.mcu.externaltools.gnu-tools-for-stm32.7-2018-q2-update.linux64_1.0.0.201904181610/tools/bin/../lib/gcc/arm-none-eabi/7.3.1/../../../../arm-none-eabi/lib/thumb/v6-m/libc_nano.a(lib_a-mlock.o)
 .debug_frame   0x0000000000002880       0x20 /opt/st/stm32cubeide_1.0.2/plugins/com.st.stm32cube.ide.mcu.externaltools.gnu-tools-for-stm32.7-2018-q2-update.linux64_1.0.0.201904181610/tools/bin/../lib/gcc/arm-none-eabi/7.3.1/../../../../arm-none-eabi/lib/thumb/v6-m/libc_nano.a(lib_a-nano-msizer.o)
 .debug_frame   0x00000000000028a0       0x48 /opt/st/stm32cubeide_1.0.2/plugins/com.st.stm32cube.ide.mcu.externaltools.gnu-tools-for-stm32.7-2018-q2-update.linux64_1.0.0.201904181610/tools/bin/../lib/gcc/arm-none-eabi/7.3.1/../../../../arm-none-eabi/lib/thumb/v6-m/libc_nano.a(lib_a-reent.o)
 .debug_frame   0x00000000000028e8       0x20 /opt/st/stm32cubeide_1.0.2/plugins/com.st.stm32cube.ide.mcu.externaltools.gnu-tools-for-stm32.7-2018-q2-update.linux64_1.0.0.201904181610/tools/bin/../lib/gcc/arm-none-eabi/7.3.1/thumb/v6-m/libgcc.a(_udivsi3.o)
 .debug_frame   0x0000000000002908       0x2c /opt/st/stm32cubeide_1.0.2/plugins/com.st.stm32cube.ide.mcu.externaltools.gnu-tools-for-stm32.7-2018-q2-update.linux64_1.0.0.201904181610/tools/bin/../lib/gcc/arm-none-eabi/7.3.1/thumb/v6-m/libgcc.a(_fixunsdfsi.o)
 .debug_frame   0x0000000000002934       0x3c /opt/st/stm32cubeide_1.0.2/plugins/com.st.stm32cube.ide.mcu.externaltools.gnu-tools-for-stm32.7-2018-q2-update.linux64_1.0.0.201904181610/tools/bin/../lib/gcc/arm-none-eabi/7.3.1/thumb/v6-m/libgcc.a(muldf3.o)
 .debug_frame   0x0000000000002970       0x3c /opt/st/stm32cubeide_1.0.2/plugins/com.st.stm32cube.ide.mcu.externaltools.gnu-tools-for-stm32.7-2018-q2-update.linux64_1.0.0.201904181610/tools/bin/../lib/gcc/arm-none-eabi/7.3.1/thumb/v6-m/libgcc.a(subdf3.o)
 .debug_frame   0x00000000000029ac       0x2c /opt/st/stm32cubeide_1.0.2/plugins/com.st.stm32cube.ide.mcu.externaltools.gnu-tools-for-stm32.7-2018-q2-update.linux64_1.0.0.201904181610/tools/bin/../lib/gcc/arm-none-eabi/7.3.1/thumb/v6-m/libgcc.a(fixdfsi.o)
 .debug_frame   0x00000000000029d8       0x28 /opt/st/stm32cubeide_1.0.2/plugins/com.st.stm32cube.ide.mcu.externaltools.gnu-tools-for-stm32.7-2018-q2-update.linux64_1.0.0.201904181610/tools/bin/../lib/gcc/arm-none-eabi/7.3.1/thumb/v6-m/libgcc.a(floatunsidf.o)
 .debug_frame   0x0000000000002a00       0x38 /opt/st/stm32cubeide_1.0.2/plugins/com.st.stm32cube.ide.mcu.externaltools.gnu-tools-for-stm32.7-2018-q2-update.linux64_1.0.0.201904181610/tools/bin/../lib/gcc/arm-none-eabi/7.3.1/thumb/v6-m/libgcc.a(eqdf2.o)
 .debug_frame   0x0000000000002a38       0x38 /opt/st/stm32cubeide_1.0.2/plugins/com.st.stm32cube.ide.mcu.externaltools.gnu-tools-for-stm32.7-2018-q2-update.linux64_1.0.0.201904181610/tools/bin/../lib/gcc/arm-none-eabi/7.3.1/thumb/v6-m/libgcc.a(gedf2.o)
 .debug_frame   0x0000000000002a70       0x38 /opt/st/stm32cubeide_1.0.2/plugins/com.st.stm32cube.ide.mcu.externaltools.gnu-tools-for-stm32.7-2018-q2-update.linux64_1.0.0.201904181610/tools/bin/../lib/gcc/arm-none-eabi/7.3.1/thumb/v6-m/libgcc.a(ledf2.o)
