18:20:47 **** Incremental Build of configuration Debug for project SD_Card_std ****
make -j8 all 
Building file: ../src/main.c
Invoking: MCU GCC Compiler
/home/shay/a/lau55/frm-45/SD_Card_std/Debug
arm-none-eabi-gcc -mcpu=cortex-m0 -mthumb -mfloat-abi=soft -DSTM32 -DSTM32F0 -DSTM32F051R8Tx -DSTM32F0DISCOVERY -DDEBUG -DSTM32F051 -DUSE_STDPERIPH_DRIVER -I"/home/shay/a/lau55/frm-45/SD_Card_std/Utilities" -I"/home/shay/a/lau55/frm-45/SD_Card_std/StdPeriph_Driver/inc" -I"/home/shay/a/lau55/frm-45/SD_Card_std/inc" -I"/home/shay/a/lau55/frm-45/SD_Card_std/CMSIS/device" -I"/home/shay/a/lau55/frm-45/SD_Card_std/CMSIS/core" -O0 -g3 -Wall -fmessage-length=0 -ffunction-sections -c -MMD -MP -MF"src/main.d" -MT"src/main.o" -o "src/main.o" "../src/main.c"
Finished building: ../src/main.c
 
Building target: SD_Card_std.elf
Invoking: MCU GCC Linker
arm-none-eabi-gcc -mcpu=cortex-m0 -mthumb -mfloat-abi=soft -T"/home/shay/a/lau55/frm-45/SD_Card_std/LinkerScript.ld" -Wl,-Map=output.map -Wl,--gc-sections -o "SD_Card_std.elf" @"objects.list"   -lm
Finished building target: SD_Card_std.elf
 
make --no-print-directory post-build
Generating binary and Printing size information:
arm-none-eabi-objcopy -O binary "SD_Card_std.elf" "SD_Card_std.bin"
arm-none-eabi-size "SD_Card_std.elf"
   text	   data	    bss	    dec	    hex	filename
   4512	   1088	    204	   5804	   16ac	SD_Card_std.elf
 

18:20:48 Build Finished (took 720ms)

